Component: ARM Compiler 5.06 update 7 (build 960) Tool: armlink [4d3601]

==============================================================================

Section Cross References

    startup_stm32l151xc.o(STACK) refers (Special) to heapauxi.o(.text) for __use_two_region_memory
    startup_stm32l151xc.o(HEAP) refers (Special) to heapauxi.o(.text) for __use_two_region_memory
    startup_stm32l151xc.o(RESET) refers (Special) to heapauxi.o(.text) for __use_two_region_memory
    startup_stm32l151xc.o(RESET) refers to startup_stm32l151xc.o(STACK) for __initial_sp
    startup_stm32l151xc.o(RESET) refers to startup_stm32l151xc.o(.text) for Reset_Handler
    startup_stm32l151xc.o(RESET) refers to stm32l1xx_it.o(i.NMI_Handler) for NMI_Handler
    startup_stm32l151xc.o(RESET) refers to stm32l1xx_it.o(i.HardFault_Handler) for HardFault_Handler
    startup_stm32l151xc.o(RESET) refers to stm32l1xx_it.o(i.MemManage_Handler) for MemManage_Handler
    startup_stm32l151xc.o(RESET) refers to stm32l1xx_it.o(i.BusFault_Handler) for BusFault_Handler
    startup_stm32l151xc.o(RESET) refers to stm32l1xx_it.o(i.UsageFault_Handler) for UsageFault_Handler
    startup_stm32l151xc.o(RESET) refers to stm32l1xx_it.o(i.SVC_Handler) for SVC_Handler
    startup_stm32l151xc.o(RESET) refers to stm32l1xx_it.o(i.DebugMon_Handler) for DebugMon_Handler
    startup_stm32l151xc.o(RESET) refers to stm32l1xx_it.o(i.PendSV_Handler) for PendSV_Handler
    startup_stm32l151xc.o(RESET) refers to board.o(i.SysTick_Handler) for SysTick_Handler
    startup_stm32l151xc.o(RESET) refers to gpio-board.o(i.EXTI0_IRQHandler) for EXTI0_IRQHandler
    startup_stm32l151xc.o(RESET) refers to gpio-board.o(i.EXTI1_IRQHandler) for EXTI1_IRQHandler
    startup_stm32l151xc.o(RESET) refers to gpio-board.o(i.EXTI2_IRQHandler) for EXTI2_IRQHandler
    startup_stm32l151xc.o(RESET) refers to gpio-board.o(i.EXTI3_IRQHandler) for EXTI3_IRQHandler
    startup_stm32l151xc.o(RESET) refers to gpio-board.o(i.EXTI4_IRQHandler) for EXTI4_IRQHandler
    startup_stm32l151xc.o(RESET) refers to gpio-board.o(i.EXTI9_5_IRQHandler) for EXTI9_5_IRQHandler
    startup_stm32l151xc.o(RESET) refers to uart-board.o(i.USART2_IRQHandler) for USART2_IRQHandler
    startup_stm32l151xc.o(RESET) refers to gpio-board.o(i.EXTI15_10_IRQHandler) for EXTI15_10_IRQHandler
    startup_stm32l151xc.o(RESET) refers to rtc-board.o(i.RTC_Alarm_IRQHandler) for RTC_Alarm_IRQHandler
    startup_stm32l151xc.o(.text) refers (Special) to heapauxi.o(.text) for __use_two_region_memory
    startup_stm32l151xc.o(.text) refers to system_stm32l1xx.o(i.SystemInit) for SystemInit
    startup_stm32l151xc.o(.text) refers to __main.o(!!!main) for __main
    startup_stm32l151xc.o(.text) refers to startup_stm32l151xc.o(HEAP) for Heap_Mem
    startup_stm32l151xc.o(.text) refers to startup_stm32l151xc.o(STACK) for Stack_Mem
    main.o(i.SystemClock_Config) refers to rt_memclr_w.o(.text) for __aeabi_memclr4
    main.o(i.SystemClock_Config) refers to stm32l1xx_hal_rcc.o(i.HAL_RCC_OscConfig) for HAL_RCC_OscConfig
    main.o(i.SystemClock_Config) refers to main.o(i.Error_Handler) for Error_Handler
    main.o(i.SystemClock_Config) refers to stm32l1xx_hal_rcc.o(i.HAL_RCC_ClockConfig) for HAL_RCC_ClockConfig
    main.o(i.SystemClock_Config) refers to stm32l1xx_hal_rcc_ex.o(i.HAL_RCCEx_PeriphCLKConfig) for HAL_RCCEx_PeriphCLKConfig
    main.o(i.SystemClock_Config) refers to stm32l1xx_hal_rcc_ex.o(i.HAL_RCCEx_EnableLSECSS) for HAL_RCCEx_EnableLSECSS
    main.o(i.main) refers to stm32l1xx_hal.o(i.HAL_Init) for HAL_Init
    main.o(i.main) refers to main.o(i.SystemClock_Config) for SystemClock_Config
    main.o(i.main) refers to gpio.o(i.MX_GPIO_Init) for MX_GPIO_Init
    main.o(i.main) refers to rtc.o(i.MX_RTC_Init) for MX_RTC_Init
    main.o(i.main) refers to usart.o(i.MX_USART1_UART_Init) for MX_USART1_UART_Init
    main.o(i.main) refers to adc.o(i.MX_ADC_Init) for MX_ADC_Init
    main.o(i.main) refers to spi.o(i.MX_SPI1_Init) for MX_SPI1_Init
    main.o(i.main) refers to usart.o(i.usb_printf) for usb_printf
    main.o(i.main) refers to lorawan_app.o(i.lorawan_app) for lorawan_app
    gpio.o(i.GpioInit) refers to gpio-board.o(i.GpioMcuInit) for GpioMcuInit
    gpio.o(i.GpioRead) refers to gpio-board.o(i.GpioMcuRead) for GpioMcuRead
    gpio.o(i.GpioRemoveInterrupt) refers to gpio-board.o(i.GpioMcuRemoveInterrupt) for GpioMcuRemoveInterrupt
    gpio.o(i.GpioSetContext) refers to gpio-board.o(i.GpioMcuSetContext) for GpioMcuSetContext
    gpio.o(i.GpioSetInterrupt) refers to gpio-board.o(i.GpioMcuSetInterrupt) for GpioMcuSetInterrupt
    gpio.o(i.GpioToggle) refers to gpio-board.o(i.GpioMcuToggle) for GpioMcuToggle
    gpio.o(i.GpioWrite) refers to gpio-board.o(i.GpioMcuWrite) for GpioMcuWrite
    gpio.o(i.MX_GPIO_Init) refers to rt_memclr_w.o(.text) for __aeabi_memclr4
    gpio.o(i.MX_GPIO_Init) refers to stm32l1xx_hal_gpio.o(i.HAL_GPIO_WritePin) for HAL_GPIO_WritePin
[...]
    0x080067fc   0x080067fc   0x00000018   Code   RO          809    i.HAL_IncTick       stm32l1xx_hal.o
    0x08006814   0x08006814   0x0000001e   Code   RO          810    i.HAL_Init          stm32l1xx_hal.o
    0x08006832   0x08006832   0x00000002   PAD
    0x08006834   0x08006834   0x00000058   Code   RO          811    i.HAL_InitTick      stm32l1xx_hal.o
    0x0800688c   0x0800688c   0x0000005c   Code   RO          525    i.HAL_MspInit       stm32l1xx_hal_msp.o
    0x080068e8   0x080068e8   0x0000006c   Code   RO         1840    i.HAL_NVIC_EnableIRQ  stm32l1xx_hal_cortex.o
    0x08006954   0x08006954   0x000000d4   Code   RO         1846    i.HAL_NVIC_SetPriority  stm32l1xx_hal_cortex.o
    0x08006a28   0x08006a28   0x00000088   Code   RO         1847    i.HAL_NVIC_SetPriorityGrouping  stm32l1xx_hal_cortex.o
    0x08006ab0   0x08006ab0   0x00000018   Code   RO         1778    i.HAL_PWREx_EnableFastWakeUp  stm32l1xx_hal_pwr_ex.o
    0x08006ac8   0x08006ac8   0x00000018   Code   RO         1780    i.HAL_PWREx_EnableUltraLowPower  stm32l1xx_hal_pwr_ex.o
    0x08006ae0   0x08006ae0   0x00000018   Code   RO         1658    i.HAL_PWR_DisablePVD  stm32l1xx_hal_pwr.o
    0x08006af8   0x08006af8   0x00000098   Code   RO         1667    i.HAL_PWR_EnterSLEEPMode  stm32l1xx_hal_pwr.o
    0x08006b90   0x08006b90   0x000000a4   Code   RO         1669    i.HAL_PWR_EnterSTOPMode  stm32l1xx_hal_pwr.o
    0x08006c34   0x08006c34   0x0000000c   Code   RO         1074    i.HAL_RCCEx_EnableLSECSS  stm32l1xx_hal_rcc_ex.o
    0x08006c40   0x08006c40   0x0000021c   Code   RO         1080    i.HAL_RCCEx_PeriphCLKConfig  stm32l1xx_hal_rcc_ex.o
    0x08006e5c   0x08006e5c   0x0000032c   Code   RO          967    i.HAL_RCC_ClockConfig  stm32l1xx_hal_rcc.o
    0x08007188   0x08007188   0x0000000c   Code   RO          972    i.HAL_RCC_GetHCLKFreq  stm32l1xx_hal_rcc.o
    0x08007194   0x08007194   0x00000020   Code   RO          974    i.HAL_RCC_GetPCLK1Freq  stm32l1xx_hal_rcc.o
    0x080071b4   0x080071b4   0x00000020   Code   RO          975    i.HAL_RCC_GetPCLK2Freq  stm32l1xx_hal_rcc.o
    0x080071d4   0x080071d4   0x000000a0   Code   RO          976    i.HAL_RCC_GetSysClockFreq  stm32l1xx_hal_rcc.o
    0x08007274   0x08007274   0x00000840   Code   RO          979    i.HAL_RCC_OscConfig  stm32l1xx_hal_rcc.o
    0x08007ab4   0x08007ab4   0x00000060   Code   RO         2216    i.HAL_RTCEx_BKUPRead  stm32l1xx_hal_rtc_ex.o
    0x08007b14   0x08007b14   0x00000068   Code   RO         2217    i.HAL_RTCEx_BKUPWrite  stm32l1xx_hal_rtc_ex.o
    0x08007b7c   0x08007b7c   0x0000004e   Code   RO         2225    i.HAL_RTCEx_EnableBypassShadow  stm32l1xx_hal_rtc_ex.o
    0x08007bca   0x08007bca   0x0000000a   Code   RO         8315    i.HAL_RTC_AlarmAEventCallback  rtc-board.o
    0x08007bd4   0x08007bd4   0x00000144   Code   RO         2055    i.HAL_RTC_DeactivateAlarm  stm32l1xx_hal_rtc.o
    0x08007d18   0x08007d18   0x00000098   Code   RO         2057    i.HAL_RTC_GetDate   stm32l1xx_hal_rtc.o
    0x08007db0   0x08007db0   0x000000b0   Code   RO         2059    i.HAL_RTC_GetTime   stm32l1xx_hal_rtc.o
    0x08007e60   0x08007e60   0x000001b4   Code   RO         2060    i.HAL_RTC_Init      stm32l1xx_hal_rtc.o
    0x08008014   0x08008014   0x0000002c   Code   RO          317    i.HAL_RTC_MspInit   rtc.o
    0x08008040   0x08008040   0x000004f4   Code   RO         2065    i.HAL_RTC_SetAlarm_IT  stm32l1xx_hal_rtc.o
    0x08008534   0x08008534   0x0000020c   Code   RO         2066    i.HAL_RTC_SetDate   stm32l1xx_hal_rtc.o
    0x08008740   0x08008740   0x00000280   Code   RO         2067    i.HAL_RTC_SetTime   stm32l1xx_hal_rtc.o
    0x080089c0   0x080089c0   0x00000042   Code   RO         2068    i.HAL_RTC_WaitForSynchro  stm32l1xx_hal_rtc.o
    0x08008a02   0x08008a02   0x00000002   PAD
    0x08008a04   0x08008a04   0x00000098   Code   RO         2461    i.HAL_SPI_DeInit    stm32l1xx_hal_spi.o
    0x08008a9c   0x08008a9c   0x000002a0   Code   RO         2466    i.HAL_SPI_Init      stm32l1xx_hal_spi.o
    0x08008d3c   0x08008d3c   0x00000030   Code   RO          358    i.HAL_SPI_MspDeInit  spi.o
    0x08008d6c   0x08008d6c   0x0000007c   Code   RO          359    i.HAL_SPI_MspInit   spi.o
    0x08008de8   0x08008de8   0x00000002   Code   RO         1850    i.HAL_SYSTICK_Callback  stm32l1xx_hal_cortex.o
    0x08008dea   0x08008dea   0x00000034   Code   RO         1851    i.HAL_SYSTICK_Config  stm32l1xx_hal_cortex.o
    0x08008e1e   0x08008e1e   0x00000008   Code   RO         1852    i.HAL_SYSTICK_IRQHandler  stm32l1xx_hal_cortex.o
    0x08008e26   0x08008e26   0x00000002   Code   RO         2824    i.HAL_UARTEx_RxEventCallback  stm32l1xx_hal_uart.o
    0x08008e28   0x08008e28   0x00000018   Code   RO         8649    i.HAL_UART_ErrorCallback  uart-board.o
    0x08008e40   0x08008e40   0x00000248   Code   RO         2841    i.HAL_UART_IRQHandler  stm32l1xx_hal_uart.o
    0x08009088   0x08009088   0x00000150   Code   RO         2842    i.HAL_UART_Init     stm32l1xx_hal_uart.o
    0x080091d8   0x080091d8   0x0000007c   Code   RO          401    i.HAL_UART_MspInit  usart.o
    0x08009254   0x08009254   0x0000003c   Code   RO         2847    i.HAL_UART_Receive_IT  stm32l1xx_hal_uart.o
    0x08009290   0x08009290   0x00000040   Code   RO         8650    i.HAL_UART_RxCpltCallback  uart-board.o
    0x080092d0   0x080092d0   0x000000c6   Code   RO         2850    i.HAL_UART_Transmit  stm32l1xx_hal_uart.o
    0x08009396   0x08009396   0x0000004e   Code   RO         2852    i.HAL_UART_Transmit_IT  stm32l1xx_hal_uart.o
    0x080093e4   0x080093e4   0x00000040   Code   RO         8651    i.HAL_UART_TxCpltCallback  uart-board.o
    0x08009424   0x08009424   0x000000e8   Code   RO         4350    i.HandleRadioRxErrorTimeout  loramac.o
    0x0800950c   0x0800950c   0x00000004   Code   RO          457    i.HardFault_Handler  stm32l1xx_it.o
    0x08009510   0x08009510   0x00000030   Code   RO         5870    i.IdentifyChannelPlan  regioncn470.o
    0x08009540   0x08009540   0x00000008   Code   RO         4351    i.IncreaseAdrAckCounter  loramac.o
    0x08009548   0x08009548   0x00000014   Code   RO         5182    i.IncreaseBufferPointer  loramacconfirmqueue.o
    0x0800955c   0x0800955c   0x00000012   Code   RO         7294    i.IsFifoEmpty       fifo.o
    0x0800956e   0x0800956e   0x0000001a   Code   RO         7295    i.IsFifoFull        fifo.o
    0x08009588   0x08009588   0x00000018   Code   RO         5295    i.IsJoinNonce10xOk  loramaccrypto.o
    0x080095a0   0x080095a0   0x00000018   Code   RO         5296    i.IsJoinNonce11xOk  loramaccrypto.o
    0x080095b8   0x080095b8   0x0000000c   Code   RO         5183    i.IsListEmpty       loramacconfirmqueue.o
    0x080095c4   0x080095c4   0x0000000e   Code   RO         5184    i.IsListFull        loramacconfirmqueue.o
    0x080095d2   0x080095d2   0x00000028   Code   RO         3970    i.IsPowerOfTwo      fragdecoder.o
    0x080095fa   0x080095fa   0x00000002   PAD
    0x080095fc   0x080095fc   0x00000030   Code   RO         4352    i.IsReJoin0Required  loramac.o
    0x0800962c   0x0800962c   0x00000024   Code   RO         4353    i.IsRequestPending  loramac.o
    0x08009650   0x08009650   0x0000001c   Code   RO         5078    i.IsSlotFree        loramaccommands.o
    0x0800966c   0x0800966c   0x0000003e   Code   RO         5079    i.IsSticky          loramaccommands.o
    0x080096aa   0x080096aa   0x00000022   Code   RO         5080    i.LinkedListAdd     loramaccommands.o
    0x080096cc   0x080096cc   0x00000026   Code   RO         5081    i.LinkedListGetPrevious  loramaccommands.o
    0x080096f2   0x080096f2   0x00000012   Code   RO         5082    i.LinkedListInit    loramaccommands.o
    0x08009704   0x08009704   0x00000038   Code   RO         5083    i.LinkedListRemove  loramaccommands.o
    0x0800973c   0x0800973c   0x0000003c   Code   RO         3666    i.LmHandlerBeaconReq  lmhandler.o
    0x08009778   0x08009778   0x0000003c   Code   RO         3667    i.LmHandlerDeviceTimeReq  lmhandler.o
    0x080097b4   0x080097b4   0x0000000c   Code   RO         3668    i.LmHandlerGetActiveRegion  lmhandler.o
    0x080097c0   0x080097c0   0x00000014   Code   RO         3669    i.LmHandlerGetCurrentClass  lmhandler.o
    0x080097d4   0x080097d4   0x00000016   Code   RO         3670    i.LmHandlerGetCurrentDatarate  lmhandler.o
    0x080097ea   0x080097ea   0x00000002   PAD
    0x080097ec   0x080097ec   0x0000000c   Code   RO         3671    i.LmHandlerGetDutyCycleWaitTime  lmhandler.o
    0x080097f8   0x080097f8   0x0000016c   Code   RO         3672    i.LmHandlerInit     lmhandler.o
    0x08009964   0x08009964   0x0000002a   Code   RO         3673    i.LmHandlerIsBusy   lmhandler.o
    0x0800998e   0x0800998e   0x00000002   PAD
    0x08009990   0x08009990   0x00000010   Code   RO         3674    i.LmHandlerJoin     lmhandler.o
    0x080099a0   0x080099a0   0x00000060   Code   RO         3675    i.LmHandlerJoinRequest  lmhandler.o
    0x08009a00   0x08009a00   0x00000024   Code   RO         3676    i.LmHandlerJoinStatus  lmhandler.o
    0x08009a24   0x08009a24   0x00000024   Code   RO         3677    i.LmHandlerPackageIsInitialized  lmhandler.o
    0x08009a48   0x08009a48   0x00000030   Code   RO         3678    i.LmHandlerPackageIsTxPending  lmhandler.o
    0x08009a78   0x08009a78   0x000000b8   Code   RO         3679    i.LmHandlerPackageRegister  lmhandler.o
    0x08009b30   0x08009b30   0x00000094   Code   RO         3680    i.LmHandlerPackagesNotify  lmhandler.o
    0x08009bc4   0x08009bc4   0x00000038   Code   RO         3681    i.LmHandlerPackagesProcess  lmhandler.o
    0x08009bfc   0x08009bfc   0x00000068   Code   RO         3682    i.LmHandlerPingSlotReq  lmhandler.o
    0x08009c64   0x08009c64   0x00000070   Code   RO         3683    i.LmHandlerProcess  lmhandler.o
    0x08009cd4   0x08009cd4   0x00000090   Code   RO         3684    i.LmHandlerRequestClass  lmhandler.o
    0x08009d64   0x08009d64   0x000000b8   Code   RO         3685    i.LmHandlerSend     lmhandler.o
    0x08009e1c   0x08009e1c   0x00000020   Code   RO         3686    i.LmHandlerSetSystemMaxRxError  lmhandler.o
    0x08009e3c   0x08009e3c   0x00000110   Code   RO         4066    i.LmhpClockSyncAppTimeReq  lmhpclocksync.o
    0x08009f4c   0x08009f4c   0x00000024   Code   RO         4067    i.LmhpClockSyncInit  lmhpclocksync.o
    0x08009f70   0x08009f70   0x0000000c   Code   RO         4068    i.LmhpClockSyncIsInitialized  lmhpclocksync.o
    0x08009f7c   0x08009f7c   0x0000000c   Code   RO         4069    i.LmhpClockSyncIsTxPending  lmhpclocksync.o
    0x08009f88   0x08009f88   0x00000054   Code   RO         4070    i.LmhpClockSyncOnMcpsConfirm  lmhpclocksync.o
    0x08009fdc   0x08009fdc   0x000001f0   Code   RO         4071    i.LmhpClockSyncOnMcpsIndication  lmhpclocksync.o
    0x0800a1cc   0x0800a1cc   0x00000020   Code   RO         4072    i.LmhpClockSyncProcess  lmhpclocksync.o
    0x0800a1ec   0x0800a1ec   0x0000004c   Code   RO         4134    i.LmhpComplianceInit  lmhpcompliance.o
    0x0800a238   0x0800a238   0x0000000c   Code   RO         4135    i.LmhpComplianceIsInitialized  lmhpcompliance.o
    0x0800a244   0x0800a244   0x0000000c   Code   RO         4136    i.LmhpComplianceIsTxPending  lmhpcompliance.o
    0x0800a250   0x0800a250   0x000004a4   Code   RO         4137    i.LmhpComplianceOnMcpsIndication  lmhpcompliance.o
    0x0800a6f4   0x0800a6f4   0x0000002c   Code   RO         4138    i.LmhpComplianceOnMlmeConfirm  lmhpcompliance.o
    0x0800a720   0x0800a720   0x00000068   Code   RO         4139    i.LmhpComplianceOnMlmeIndication  lmhpcompliance.o
    0x0800a788   0x0800a788   0x00000094   Code   RO         4140    i.LmhpComplianceProcess  lmhpcompliance.o
    0x0800a81c   0x0800a81c   0x00000054   Code   RO         4198    i.LmhpFragmentationInit  lmhpfragmentation.o
    0x0800a870   0x0800a870   0x0000000c   Code   RO         4199    i.LmhpFragmentationIsInitialized  lmhpfragmentation.o
    0x0800a87c   0x0800a87c   0x0000000c   Code   RO         4200    i.LmhpFragmentationIsTxPending  lmhpfragmentation.o
    0x0800a888   0x0800a888   0x000004cc   Code   RO         4201    i.LmhpFragmentationOnMcpsIndication  lmhpfragmentation.o
    0x0800ad54   0x0800ad54   0x00000008   Code   RO         4202    i.LmhpFragmentationPackageFactory  lmhpfragmentation.o
    0x0800ad5c   0x0800ad5c   0x00000058   Code   RO         4203    i.LmhpFragmentationProcess  lmhpfragmentation.o
    0x0800adb4   0x0800adb4   0x0000004c   Code   RO         4257    i.LmhpRemoteMcastSetupInit  lmhpremotemcastsetup.o
    0x0800ae00   0x0800ae00   0x0000000c   Code   RO         4258    i.LmhpRemoteMcastSetupIsInitialized  lmhpremotemcastsetup.o
    0x0800ae0c   0x0800ae0c   0x0000000c   Code   RO         4259    i.LmhpRemoteMcastSetupIsTxPending  lmhpremotemcastsetup.o
    0x0800ae18   0x0800ae18   0x00000a24   Code   RO         4260    i.LmhpRemoteMcastSetupOnMcpsIndication  lmhpremotemcastsetup.o
    0x0800b83c   0x0800b83c   0x00000008   Code   RO         4261    i.LmhpRemoteMcastSetupPackageFactory  lmhpremotemcastsetup.o
    0x0800b844   0x0800b844   0x00000068   Code   RO         4262    i.LmhpRemoteMcastSetupProcess  lmhpremotemcastsetup.o
    0x0800b8ac   0x0800b8ac   0x00000008   Code   RO         4073    i.LmphClockSyncPackageFactory  lmhpclocksync.o
    0x0800b8b4   0x0800b8b4   0x00000008   Code   RO         4141    i.LmphCompliancePackageFactory  lmhpcompliance.o
    0x0800b8bc   0x0800b8bc   0x000000ea   Code   RO         4826    i.LoRaMacAdrCalcNext  loramacadr.o
    0x0800b9a6   0x0800b9a6   0x00000002   PAD
    0x0800b9a8   0x0800b9a8   0x00000040   Code   RO         4356    i.LoRaMacCheckForBeaconAcquisition  loramac.o
    0x0800b9e8   0x0800b9e8   0x00000034   Code   RO         4357    i.LoRaMacCheckForRxAbort  loramac.o
    0x0800ba1c   0x0800ba1c   0x00000006   Code   RO         4840    i.LoRaMacClassBBeaconFreqReq  loramacclassb.o
    0x0800ba22   0x0800ba22   0x00000002   Code   RO         4841    i.LoRaMacClassBBeaconTimerEvent  loramacclassb.o
    0x0800ba24   0x0800ba24   0x00000002   Code   RO         4842    i.LoRaMacClassBBeaconTimingAns  loramacclassb.o
    0x0800ba26   0x0800ba26   0x00000002   Code   RO         4843    i.LoRaMacClassBDeviceTimeAns  loramacclassb.o
    0x0800ba28   0x0800ba28   0x00000002   Code   RO         4844    i.LoRaMacClassBHaltBeaconing  loramacclassb.o
    0x0800ba2a   0x0800ba2a   0x00000002   Code   RO         4845    i.LoRaMacClassBInit  loramacclassb.o
    0x0800ba2c   0x0800ba2c   0x00000004   Code   RO         4846    i.LoRaMacClassBIsAcquisitionInProgress  loramacclassb.o
    0x0800ba30   0x0800ba30   0x00000004   Code   RO         4848    i.LoRaMacClassBIsBeaconExpected  loramacclassb.o
    0x0800ba34   0x0800ba34   0x00000004   Code   RO         4849    i.LoRaMacClassBIsBeaconModeActive  loramacclassb.o
    0x0800ba38   0x0800ba38   0x00000004   Code   RO         4850    i.LoRaMacClassBIsMulticastExpected  loramacclassb.o
    0x0800ba3c   0x0800ba3c   0x00000004   Code   RO         4851    i.LoRaMacClassBIsPingExpected  loramacclassb.o
    0x0800ba40   0x0800ba40   0x00000006   Code   RO         4852    i.LoRaMacClassBIsUplinkCollision  loramacclassb.o
    0x0800ba46   0x0800ba46   0x00000006   Code   RO         4853    i.LoRaMacClassBMibGetRequestConfirm  loramacclassb.o
    0x0800ba4c   0x0800ba4c   0x00000002   Code   RO         4854    i.LoRaMacClassBMulticastSlotTimerEvent  loramacclassb.o
    0x0800ba4e   0x0800ba4e   0x00000006   Code   RO         4855    i.LoRaMacClassBPingSlotChannelReq  loramacclassb.o
    0x0800ba54   0x0800ba54   0x00000002   Code   RO         4856    i.LoRaMacClassBPingSlotInfoAns  loramacclassb.o
    0x0800ba56   0x0800ba56   0x00000002   Code   RO         4857    i.LoRaMacClassBPingSlotTimerEvent  loramacclassb.o
    0x0800ba58   0x0800ba58   0x00000002   Code   RO         4858    i.LoRaMacClassBProcess  loramacclassb.o
    0x0800ba5a   0x0800ba5a   0x00000002   Code   RO         4859    i.LoRaMacClassBResumeBeaconing  loramacclassb.o
    0x0800ba5c   0x0800ba5c   0x00000006   Code   RO         4860    i.LoRaMacClassBRxBeacon  loramacclassb.o
    0x0800ba62   0x0800ba62   0x00000002   Code   RO         4861    i.LoRaMacClassBSetBeaconState  loramacclassb.o
    0x0800ba64   0x0800ba64   0x00000002   Code   RO         4862    i.LoRaMacClassBSetFPendingBit  loramacclassb.o
    0x0800ba66   0x0800ba66   0x00000002   Code   RO         4863    i.LoRaMacClassBSetMulticastPeriodicity  loramacclassb.o
    0x0800ba68   0x0800ba68   0x00000002   Code   RO         4864    i.LoRaMacClassBSetMulticastSlotState  loramacclassb.o
    0x0800ba6a   0x0800ba6a   0x00000002   Code   RO         4865    i.LoRaMacClassBSetPingSlotInfo  loramacclassb.o
    0x0800ba6c   0x0800ba6c   0x00000002   Code   RO         4866    i.LoRaMacClassBSetPingSlotState  loramacclassb.o
    0x0800ba6e   0x0800ba6e   0x00000002   Code   RO         4868    i.LoRaMacClassBStopRxSlots  loramacclassb.o
    0x0800ba70   0x0800ba70   0x00000006   Code   RO         4869    i.LoRaMacClassBSwitchClass  loramacclassb.o
    0x0800ba76   0x0800ba76   0x00000002   PAD
    0x0800ba78   0x0800ba78   0x0000005c   Code   RO         5084    i.LoRaMacCommandsAddCmd  loramaccommands.o
    0x0800bad4   0x0800bad4   0x00000024   Code   RO         5085    i.LoRaMacCommandsGetCmd  loramaccommands.o
    0x0800baf8   0x0800baf8   0x00000084   Code   RO         5086    i.LoRaMacCommandsGetCmdSize  loramaccommands.o
    0x0800bb7c   0x0800bb7c   0x00000018   Code   RO         5087    i.LoRaMacCommandsGetSizeSerializedCmds  loramaccommands.o
    0x0800bb94   0x0800bb94   0x0000001c   Code   RO         5088    i.LoRaMacCommandsInit  loramaccommands.o
    0x0800bbb0   0x0800bbb0   0x00000040   Code   RO         5089    i.LoRaMacCommandsRemoveCmd  loramaccommands.o
    0x0800bbf0   0x0800bbf0   0x00000028   Code   RO         5090    i.LoRaMacCommandsRemoveNoneStickyCmds  loramaccommands.o
    0x0800bc18   0x0800bc18   0x00000028   Code   RO         5091    i.LoRaMacCommandsRemoveStickyAnsCmds  loramaccommands.o
    0x0800bc40   0x0800bc40   0x00000070   Code   RO         5092    i.LoRaMacCommandsSerializeCmds  loramaccommands.o
    0x0800bcb0   0x0800bcb0   0x00000058   Code   RO         5185    i.LoRaMacConfirmQueueAdd  loramacconfirmqueue.o
    0x0800bd08   0x0800bd08   0x0000000c   Code   RO         5186    i.LoRaMacConfirmQueueGetCnt  loramacconfirmqueue.o
    0x0800bd14   0x0800bd14   0x00000030   Code   RO         5187    i.LoRaMacConfirmQueueGetStatus  loramacconfirmqueue.o
    0x0800bd44   0x0800bd44   0x0000006c   Code   RO         5189    i.LoRaMacConfirmQueueHandleCb  loramacconfirmqueue.o
    0x0800bdb0   0x0800bdb0   0x0000002c   Code   RO         5190    i.LoRaMacConfirmQueueInit  loramacconfirmqueue.o
    0x0800bddc   0x0800bddc   0x00000020   Code   RO         5191    i.LoRaMacConfirmQueueIsCmdActive  loramacconfirmqueue.o
    0x0800bdfc   0x0800bdfc   0x0000001c   Code   RO         5192    i.LoRaMacConfirmQueueIsFull  loramacconfirmqueue.o
    0x0800be18   0x0800be18   0x00000038   Code   RO         5193    i.LoRaMacConfirmQueueRemoveFirst  loramacconfirmqueue.o
    0x0800be50   0x0800be50   0x00000030   Code   RO         5195    i.LoRaMacConfirmQueueSetStatus  loramacconfirmqueue.o
    0x0800be80   0x0800be80   0x00000038   Code   RO         5196    i.LoRaMacConfirmQueueSetStatusCmn  loramacconfirmqueue.o
    0x0800beb8   0x0800beb8   0x0000002c   Code   RO         5297    i.LoRaMacCryptoDeriveMcKEKey  loramaccrypto.o
    0x0800bee4   0x0800bee4   0x00000036   Code   RO         5298    i.LoRaMacCryptoDeriveMcRootKey  loramaccrypto.o
    0x0800bf1a   0x0800bf1a   0x00000098   Code   RO         5299    i.LoRaMacCryptoDeriveMcSessionKeyPair  loramaccrypto.o
    0x0800bfb2   0x0800bfb2   0x00000062   Code   RO         5300    i.LoRaMacCryptoGetFCntDown  loramaccrypto.o
    0x0800c014   0x0800c014   0x0000001c   Code   RO         5301    i.LoRaMacCryptoGetFCntUp  loramaccrypto.o
    0x0800c030   0x0800c030   0x0000003c   Code   RO         5302    i.LoRaMacCryptoGetRJcount  loramaccrypto.o
    0x0800c06c   0x0800c06c   0x000001d0   Code   RO         5303    i.LoRaMacCryptoHandleJoinAccept  loramaccrypto.o
    0x0800c23c   0x0800c23c   0x00000040   Code   RO         5304    i.LoRaMacCryptoInit  loramaccrypto.o
    0x0800c27c   0x0800c27c   0x0000007c   Code   RO         5305    i.LoRaMacCryptoPrepareJoinRequest  loramaccrypto.o
    0x0800c2f8   0x0800c2f8   0x0000005c   Code   RO         5306    i.LoRaMacCryptoPrepareReJoinType0or2  loramaccrypto.o
    0x0800c354   0x0800c354   0x00000064   Code   RO         5307    i.LoRaMacCryptoPrepareReJoinType1  loramaccrypto.o
    0x0800c3b8   0x0800c3b8   0x00000148   Code   RO         5308    i.LoRaMacCryptoSecureMessage  loramaccrypto.o
    0x0800c500   0x0800c500   0x0000003c   Code   RO         5309    i.LoRaMacCryptoSetKey  loramaccrypto.o
    0x0800c53c   0x0800c53c   0x00000014   Code   RO         5310    i.LoRaMacCryptoSetLrWanVersion  loramaccrypto.o
    0x0800c550   0x0800c550   0x00000034   Code   RO         5311    i.LoRaMacCryptoSetMulticastReference  loramaccrypto.o
    0x0800c584   0x0800c584   0x00000104   Code   RO         5312    i.LoRaMacCryptoUnsecureMessage  loramaccrypto.o
    0x0800c688   0x0800c688   0x0000000c   Code   RO         4359    i.LoRaMacEnableRequests  loramac.o
    0x0800c694   0x0800c694   0x00000060   Code   RO         4360    i.LoRaMacHandleIndicationEvents  loramac.o
    0x0800c6f4   0x0800c6f4   0x00000060   Code   RO         4361    i.LoRaMacHandleIrqEvents  loramac.o
    0x0800c754   0x0800c754   0x000000a0   Code   RO         4362    i.LoRaMacHandleMcpsRequest  loramac.o
    0x0800c7f4   0x0800c7f4   0x00000058   Code   RO         4363    i.LoRaMacHandleMlmeRequest  loramac.o
    0x0800c84c   0x0800c84c   0x000000e8   Code   RO         4364    i.LoRaMacHandleNvm  loramac.o
    0x0800c934   0x0800c934   0x000000b4   Code   RO         4365    i.LoRaMacHandleRequestEvents  loramac.o
    0x0800c9e8   0x0800c9e8   0x0000002c   Code   RO         4366    i.LoRaMacHandleResponseTimeout  loramac.o
    0x0800ca14   0x0800ca14   0x000003f8   Code   RO         4367    i.LoRaMacInitialization  loramac.o
    0x0800ce0c   0x0800ce0c   0x00000030   Code   RO         4368    i.LoRaMacIsBusy     loramac.o
    0x0800ce3c   0x0800ce3c   0x00000060   Code   RO         4369    i.LoRaMacMcChannelDelete  loramac.o
    0x0800ce9c   0x0800ce9c   0x000000e0   Code   RO         4371    i.LoRaMacMcChannelSetup  loramac.o
    0x0800cf7c   0x0800cf7c   0x000000fc   Code   RO         4372    i.LoRaMacMcChannelSetupRxParams  loramac.o
    0x0800d078   0x0800d078   0x000001cc   Code   RO         4373    i.LoRaMacMcpsRequest  loramac.o
    0x0800d244   0x0800d244   0x00000006   Code   RO         4870    i.LoRaMacMibClassBSetRequestConfirm  loramacclassb.o
    0x0800d24a   0x0800d24a   0x00000002   PAD
    0x0800d24c   0x0800d24c   0x0000022c   Code   RO         4374    i.LoRaMacMibGetRequestConfirm  loramac.o
    0x0800d478   0x0800d478   0x000005ec   Code   RO         4375    i.LoRaMacMibSetRequestConfirm  loramac.o
    0x0800da64   0x0800da64   0x0000023c   Code   RO         4376    i.LoRaMacMlmeRequest  loramac.o
    0x0800dca0   0x0800dca0   0x00000124   Code   RO         5475    i.LoRaMacParserData  loramacparser.o
    0x0800ddc4   0x0800ddc4   0x000000fa   Code   RO         5476    i.LoRaMacParserJoinAccept  loramacparser.o
    0x0800debe   0x0800debe   0x00000002   PAD
    0x0800dec0   0x0800dec0   0x00000094   Code   RO         4377    i.LoRaMacProcess    loramac.o
    0x0800df54   0x0800df54   0x000000e8   Code   RO         4378    i.LoRaMacQueryTxPossible  loramac.o
    0x0800e03c   0x0800e03c   0x00000132   Code   RO         5493    i.LoRaMacSerializerData  loramacserializer.o
    0x0800e16e   0x0800e16e   0x000000a6   Code   RO         5494    i.LoRaMacSerializerJoinRequest  loramacserializer.o
    0x0800e214   0x0800e214   0x000000b0   Code   RO         5495    i.LoRaMacSerializerReJoinType0or2  loramacserializer.o
    0x0800e2c4   0x0800e2c4   0x000000b2   Code   RO         5496    i.LoRaMacSerializerReJoinType1  loramacserializer.o
    0x0800e376   0x0800e376   0x00000002   PAD
    0x0800e378   0x0800e378   0x00000010   Code   RO         4379    i.LoRaMacStart      loramac.o
    0x0800e388   0x0800e388   0x0000002c   Code   RO         4380    i.LoRaMacStop       loramac.o
    0x0800e3b4   0x0800e3b4   0x00000024   Code   RO         4381    i.LoRaMacTestSetDutyCycleOn  loramac.o
    0x0800e3d8   0x0800e3d8   0x00000034   Code   RO         8193    i.LpmEnterLowPower  lpm-board.o
    0x0800e40c   0x0800e40c   0x00000002   Code   RO         8194    i.LpmEnterOffMode   lpm-board.o
    0x0800e40e   0x0800e40e   0x0000000c   Code   RO         7692    i.LpmEnterSleepMode  board.o
    0x0800e41a   0x0800e41a   0x00000002   PAD
    0x0800e41c   0x0800e41c   0x00000038   Code   RO         7693    i.LpmEnterStopMode  board.o
    0x0800e454   0x0800e454   0x00000002   Code   RO         8197    i.LpmExitOffMode    lpm-board.o
    0x0800e456   0x0800e456   0x00000002   Code   RO         8198    i.LpmExitSleepMode  lpm-board.o
    0x0800e458   0x0800e458   0x00000014   Code   RO         7694    i.LpmExitStopMode   board.o
    0x0800e46c   0x0800e46c   0x0000003c   Code   RO         8201    i.LpmSetOffMode     lpm-board.o
    0x0800e4a8   0x0800e4a8   0x0000003c   Code   RO         8202    i.LpmSetStopMode    lpm-board.o
    0x0800e4e4   0x0800e4e4   0x00000070   Code   RO          254    i.MX_ADC_Init       adc.o
    0x0800e554   0x0800e554   0x00000158   Code   RO          187    i.MX_GPIO_Init      gpio.o
    0x0800e6ac   0x0800e6ac   0x000000c8   Code   RO          318    i.MX_RTC_Init       rtc.o
    0x0800e774   0x0800e774   0x00000044   Code   RO          360    i.MX_SPI1_Init      spi.o
    0x0800e7b8   0x0800e7b8   0x00000038   Code   RO          402    i.MX_USART1_UART_Init  usart.o
    0x0800e7f0   0x0800e7f0   0x0000002c   Code   RO         5093    i.MallocNewMacCommandSlot  loramaccommands.o
    0x0800e81c   0x0800e81c   0x00000044   Code   RO         3687    i.McpsConfirm       lmhandler.o
    0x0800e860   0x0800e860   0x00000084   Code   RO         3688    i.McpsIndication    lmhandler.o
    0x0800e8e4   0x0800e8e4   0x00000004   Code   RO          458    i.MemManage_Handler  stm32l1xx_it.o
    0x0800e8e8   0x0800e8e8   0x000000e8   Code   RO         3689    i.MlmeConfirm       lmhandler.o
    0x0800e9d0   0x0800e9d0   0x000000cc   Code   RO         3690    i.MlmeIndication    lmhandler.o
    0x0800ea9c   0x0800ea9c   0x00000004   Code   RO          459    i.NMI_Handler       stm32l1xx_it.o
    0x0800eaa0   0x0800eaa0   0x0000000c   Code   RO         8270    i.NvmDataMgmtEvent  nvmdatamgmt.o
    0x0800eaac   0x0800eaac   0x0000009a   Code   RO         8271    i.NvmDataMgmtFactoryReset  nvmdatamgmt.o
    0x0800eb46   0x0800eb46   0x000000c0   Code   RO         8272    i.NvmDataMgmtRestore  nvmdatamgmt.o
    0x0800ec06   0x0800ec06   0x00000002   PAD
    0x0800ec08   0x0800ec08   0x0000012c   Code   RO         8273    i.NvmDataMgmtStore  nvmdatamgmt.o
    0x0800ed34   0x0800ed34   0x0000006e   Code   RO         7339    i.NvmmCrc32Check    nvmm.o
    0x0800eda2   0x0800eda2   0x0000001e   Code   RO         7340    i.NvmmRead          nvmm.o
    0x0800edc0   0x0800edc0   0x00000022   Code   RO         7341    i.NvmmReset         nvmm.o
    0x0800ede2   0x0800ede2   0x0000001e   Code   RO         7342    i.NvmmWrite         nvmm.o
    0x0800ee00   0x0800ee00   0x00000038   Code   RO         3217    i.OnBeaconStatusChange  lorawan_app.o
    0x0800ee38   0x0800ee38   0x0000001a   Code   RO         3218    i.OnClassChange     lorawan_app.o
    0x0800ee52   0x0800ee52   0x00000002   PAD
    0x0800ee54   0x0800ee54   0x00000058   Code   RO         4382    i.OnForceRejoinReqCycleTimerEvent  loramac.o
    0x0800eeac   0x0800eeac   0x0000001c   Code   RO         4204    i.OnFragmentTxDelay  lmhpfragmentation.o
    0x0800eec8   0x0800eec8   0x0000001e   Code   RO         3219    i.OnJoinRequest     lorawan_app.o
    0x0800eee6   0x0800eee6   0x00000002   PAD
    0x0800eee8   0x0800eee8   0x0000001c   Code   RO         3220    i.OnLed1TimerEvent  lorawan_app.o
    0x0800ef04   0x0800ef04   0x0000001c   Code   RO         3221    i.OnLed2TimerEvent  lorawan_app.o
    0x0800ef20   0x0800ef20   0x00000028   Code   RO         3222    i.OnLedBeaconTimerEvent  lorawan_app.o
    0x0800ef48   0x0800ef48   0x00000014   Code   RO         3223    i.OnMacMcpsRequest  lorawan_app.o
    0x0800ef5c   0x0800ef5c   0x00000014   Code   RO         3224    i.OnMacMlmeRequest  lorawan_app.o
    0x0800ef70   0x0800ef70   0x0000000c   Code   RO         3225    i.OnMacProcessNotify  lorawan_app.o
    0x0800ef7c   0x0800ef7c   0x0000000c   Code   RO         3226    i.OnNetworkParametersChange  lorawan_app.o
    0x0800ef88   0x0800ef88   0x00000010   Code   RO         3227    i.OnNvmDataChange   lorawan_app.o
    0x0800ef98   0x0800ef98   0x0000000c   Code   RO         3228    i.OnPingSlotPeriodicityChanged  lorawan_app.o
    0x0800efa4   0x0800efa4   0x00000064   Code   RO         4383    i.OnRadioRxDone     loramac.o
    0x0800f008   0x0800f008   0x00000038   Code   RO         4384    i.OnRadioRxError    loramac.o
    0x0800f040   0x0800f040   0x00000038   Code   RO         4385    i.OnRadioRxTimeout  loramac.o
    0x0800f078   0x0800f078   0x00000058   Code   RO         4386    i.OnRadioTxDone     loramac.o
    0x0800f0d0   0x0800f0d0   0x00000038   Code   RO         4387    i.OnRadioTxTimeout  loramac.o
    0x0800f108   0x0800f108   0x00000040   Code   RO         4388    i.OnRejoin0CycleTimerEvent  loramac.o
    0x0800f148   0x0800f148   0x00000040   Code   RO         4389    i.OnRejoin1CycleTimerEvent  loramac.o
    0x0800f188   0x0800f188   0x00000040   Code   RO         4390    i.OnRejoin2CycleTimerEvent  loramac.o
    0x0800f1c8   0x0800f1c8   0x00000040   Code   RO         4391    i.OnRetransmitTimeoutTimerEvent  loramac.o
    0x0800f208   0x0800f208   0x0000004c   Code   RO         3229    i.OnRxData          lorawan_app.o
    0x0800f254   0x0800f254   0x00000058   Code   RO         4392    i.OnRxWindow1TimerEvent  loramac.o
    0x0800f2ac   0x0800f2ac   0x00000060   Code   RO         4393    i.OnRxWindow2TimerEvent  loramac.o
    0x0800f30c   0x0800f30c   0x0000001c   Code   RO         4263    i.OnSessionStartTimer  lmhpremotemcastsetup.o
    0x0800f328   0x0800f328   0x0000001c   Code   RO         4264    i.OnSessionStopTimer  lmhpremotemcastsetup.o
    0x0800f344   0x0800f344   0x00000002   Code   RO         3230    i.OnSysTimeUpdate   lorawan_app.o
    0x0800f346   0x0800f346   0x0000000c   Code   RO         3231    i.OnTxData          lorawan_app.o
    0x0800f352   0x0800f352   0x00000002   PAD
    0x0800f354   0x0800f354   0x00000078   Code   RO         4394    i.OnTxDelayedTimerEvent  loramac.o
    0x0800f3cc   0x0800f3cc   0x0000000c   Code   RO         3232    i.OnTxFrameCtrlChanged  lorawan_app.o
    0x0800f3d8   0x0800f3d8   0x00000040   Code   RO         3233    i.OnTxPeriodicityChanged  lorawan_app.o
    0x0800f418   0x0800f418   0x00000030   Code   RO         3234    i.OnTxTimerEvent    lorawan_app.o
    0x0800f448   0x0800f448   0x0000006c   Code   RO         4395    i.OpenContinuousRxCWindow  loramac.o
    0x0800f4b4   0x0800f4b4   0x000000d2   Code   RO         5313    i.PayloadEncrypt    loramaccrypto.o
    0x0800f586   0x0800f586   0x00000002   Code   RO          460    i.PendSV_Handler    stm32l1xx_it.o
    0x0800f588   0x0800f588   0x00000074   Code   RO         5314    i.PrepareB0         loramaccrypto.o
    0x0800f5fc   0x0800f5fc   0x00000074   Code   RO         5315    i.PrepareB1         loramaccrypto.o
    0x0800f670   0x0800f670   0x000001a4   Code   RO         4396    i.PrepareFrame      loramac.o
    0x0800f814   0x0800f814   0x00000050   Code   RO         4397    i.PrepareRxDoneAbort  loramac.o
    0x0800f864   0x0800f864   0x00000084   Code   RO         3235    i.PrepareTxFrame    lorawan_app.o
    0x0800f8e8   0x0800f8e8   0x00000050   Code   RO         3873    i.PrintHexBuffer    lmhandlermsgdisplay.o
    0x0800f938   0x0800f938   0x00000850   Code   RO         4398    i.ProcessMacCommands  loramac.o
    0x08010188   0x08010188   0x00000844   Code   RO         4399    i.ProcessRadioRxDone  loramac.o
    0x080109cc   0x080109cc   0x0000000c   Code   RO         4400    i.ProcessRadioRxError  loramac.o
    0x080109d8   0x080109d8   0x0000000c   Code   RO         4401    i.ProcessRadioRxTimeout  loramac.o
    0x080109e4   0x080109e4   0x000000f8   Code   RO         4402    i.ProcessRadioTxDone  loramac.o
    0x08010adc   0x08010adc   0x00000054   Code   RO         4403    i.ProcessRadioTxTimeout  loramac.o
    0x08010b30   0x08010b30   0x000000a8   Code   RO          980    i.RCC_SetFlashLatencyFromMSIRange  stm32l1xx_hal_rcc.o
    0x08010bd8   0x08010bd8   0x00000048   Code   RO         8316    i.RTC_Alarm_IRQHandler  rtc-board.o
    0x08010c20   0x08010c20   0x00000014   Code   RO         2069    i.RTC_Bcd2ToByte    stm32l1xx_hal_rtc.o
    0x08010c34   0x08010c34   0x0000001c   Code   RO         2070    i.RTC_ByteToBcd2    stm32l1xx_hal_rtc.o
    0x08010c50   0x08010c50   0x0000003e   Code   RO         2071    i.RTC_EnterInitMode  stm32l1xx_hal_rtc.o
    0x08010c8e   0x08010c8e   0x0000001a   Code   RO         5523    i.RegionAlternateDr  region.o
    0x08010ca8   0x08010ca8   0x00000018   Code   RO         5524    i.RegionApplyCFList  region.o
    0x08010cc0   0x08010cc0   0x00000022   Code   RO         5525    i.RegionApplyDrOffset  region.o
    0x08010ce2   0x08010ce2   0x00000020   Code   RO         5840    i.RegionBaseUSVerifyFrequencyGroup  regionbaseus.o
    0x08010d02   0x08010d02   0x00000008   Code   RO         6031    i.RegionCN470A20GetBeaconChannelOffset  regioncn470a20.o
    0x08010d0a   0x08010d0a   0x00000010   Code   RO         6032    i.RegionCN470A20GetDownlinkFrequency  regioncn470a20.o
    0x08010d1a   0x08010d1a   0x00000002   PAD
    0x08010d1c   0x08010d1c   0x00000028   Code   RO         6033    i.RegionCN470A20GetRx1Frequency  regioncn470a20.o
    0x08010d44   0x08010d44   0x0000002c   Code   RO         6034    i.RegionCN470A20GetRx2Frequency  regioncn470a20.o
    0x08010d70   0x08010d70   0x00000080   Code   RO         6035    i.RegionCN470A20InitializeChannels  regioncn470a20.o
    0x08010df0   0x08010df0   0x00000014   Code   RO         6036    i.RegionCN470A20InitializeChannelsMask  regioncn470a20.o
    0x08010e04   0x08010e04   0x00000070   Code   RO         6037    i.RegionCN470A20LinkAdrChMaskUpdate  regioncn470a20.o
    0x08010e74   0x08010e74   0x00000028   Code   RO         6038    i.RegionCN470A20VerifyRfFreq  regioncn470a20.o
    0x08010e9c   0x08010e9c   0x00000006   Code   RO         6087    i.RegionCN470A26GetBeaconChannelOffset  regioncn470a26.o
    0x08010ea2   0x08010ea2   0x00000002   PAD
    0x08010ea4   0x08010ea4   0x0000000c   Code   RO         6088    i.RegionCN470A26GetDownlinkFrequency  regioncn470a26.o
    0x08010eb0   0x08010eb0   0x00000020   Code   RO         6089    i.RegionCN470A26GetRx1Frequency  regioncn470a26.o
    0x08010ed0   0x08010ed0   0x0000000c   Code   RO         6090    i.RegionCN470A26GetRx2Frequency  regioncn470a26.o
    0x08010edc   0x08010edc   0x00000040   Code   RO         6091    i.RegionCN470A26InitializeChannels  regioncn470a26.o
    0x08010f1c   0x08010f1c   0x00000014   Code   RO         6092    i.RegionCN470A26InitializeChannelsMask  regioncn470a26.o
    0x08010f30   0x08010f30   0x00000074   Code   RO         6093    i.RegionCN470A26LinkAdrChMaskUpdate  regioncn470a26.o
    0x08010fa4   0x08010fa4   0x00000028   Code   RO         6094    i.RegionCN470A26VerifyRfFreq  regioncn470a26.o
    0x08010fcc   0x08010fcc   0x00000002   Code   RO         5871    i.RegionCN470AlternateDr  regioncn470.o
    0x08010fce   0x08010fce   0x00000002   PAD
    0x08010fd0   0x08010fd0   0x000000d8   Code   RO         5872    i.RegionCN470ApplyCFList  regioncn470.o
    0x080110a8   0x080110a8   0x00000020   Code   RO         5873    i.RegionCN470ApplyDrOffset  regioncn470.o
    0x080110c8   0x080110c8   0x00000008   Code   RO         6143    i.RegionCN470B20GetBeaconChannelOffset  regioncn470b20.o
    0x080110d0   0x080110d0   0x00000028   Code   RO         6144    i.RegionCN470B20GetDownlinkFrequency  regioncn470b20.o
    0x080110f8   0x080110f8   0x00000028   Code   RO         6145    i.RegionCN470B20GetRx1Frequency  regioncn470b20.o
    0x08011120   0x08011120   0x00000028   Code   RO         6146    i.RegionCN470B20GetRx2Frequency  regioncn470b20.o
    0x08011148   0x08011148   0x00000080   Code   RO         6147    i.RegionCN470B20InitializeChannels  regioncn470b20.o
    0x080111c8   0x080111c8   0x0000000c   Code   RO         6148    i.RegionCN470B20InitializeChannelsMask  regioncn470b20.o
    0x080111d4   0x080111d4   0x0000001c   Code   RO         6149    i.RegionCN470B20LinkAdrChMaskUpdate  regioncn470b20.o
    0x080111f0   0x080111f0   0x00000044   Code   RO         6150    i.RegionCN470B20VerifyRfFreq  regioncn470b20.o
    0x08011234   0x08011234   0x00000006   Code   RO         6199    i.RegionCN470B26GetBeaconChannelOffset  regioncn470b26.o
    0x0801123a   0x0801123a   0x00000002   PAD
    0x0801123c   0x0801123c   0x0000000c   Code   RO         6200    i.RegionCN470B26GetDownlinkFrequency  regioncn470b26.o
    0x08011248   0x08011248   0x00000020   Code   RO         6201    i.RegionCN470B26GetRx1Frequency  regioncn470b26.o
    0x08011268   0x08011268   0x0000000c   Code   RO         6202    i.RegionCN470B26GetRx2Frequency  regioncn470b26.o
    0x08011274   0x08011274   0x00000040   Code   RO         6203    i.RegionCN470B26InitializeChannels  regioncn470b26.o
    0x080112b4   0x080112b4   0x0000000c   Code   RO         6204    i.RegionCN470B26InitializeChannelsMask  regioncn470b26.o
    0x080112c0   0x080112c0   0x0000001c   Code   RO         6205    i.RegionCN470B26LinkAdrChMaskUpdate  regioncn470b26.o
    0x080112dc   0x080112dc   0x00000028   Code   RO         6206    i.RegionCN470B26VerifyRfFreq  regioncn470b26.o
    0x08011304   0x08011304   0x00000070   Code   RO         5874    i.RegionCN470ChanMaskSet  regioncn470.o
    0x08011374   0x08011374   0x0000006c   Code   RO         5877    i.RegionCN470ComputeRxWindowParameters  regioncn470.o
    0x080113e0   0x080113e0   0x00000008   Code   RO         5878    i.RegionCN470DlChannelReq  regioncn470.o
    0x080113e8   0x080113e8   0x00000254   Code   RO         5879    i.RegionCN470GetPhyParam  regioncn470.o
    0x0801163c   0x0801163c   0x00000110   Code   RO         5880    i.RegionCN470InitDefaults  regioncn470.o
    0x0801174c   0x0801174c   0x000001bc   Code   RO         5881    i.RegionCN470LinkAdrReq  regioncn470.o
    0x08011908   0x08011908   0x00000008   Code   RO         5882    i.RegionCN470NewChannelReq  regioncn470.o
    0x08011910   0x08011910   0x0000014c   Code   RO         5883    i.RegionCN470NextChannel  regioncn470.o
    0x08011a5c   0x08011a5c   0x000000d8   Code   RO         5885    i.RegionCN470RxConfig  regioncn470.o
    0x08011b34   0x08011b34   0x0000003a   Code   RO         5886    i.RegionCN470RxParamSetupReq  regioncn470.o
    0x08011b6e   0x08011b6e   0x00000002   PAD
    0x08011b70   0x08011b70   0x00000038   Code   RO         5887    i.RegionCN470SetBandTxDone  regioncn470.o
    0x08011ba8   0x08011ba8   0x00000118   Code   RO         5888    i.RegionCN470TxConfig  regioncn470.o
    0x08011cc0   0x08011cc0   0x00000008   Code   RO         5889    i.RegionCN470TxParamSetupReq  regioncn470.o
    0x08011cc8   0x08011cc8   0x0000007c   Code   RO         5890    i.RegionCN470Verify  regioncn470.o
    0x08011d44   0x08011d44   0x00000016   Code   RO         5526    i.RegionChanMaskSet  region.o
    0x08011d5a   0x08011d5a   0x00000046   Code   RO         6399    i.RegionCommonChanDisable  regioncommon.o
    0x08011da0   0x08011da0   0x0000001e   Code   RO         6400    i.RegionCommonChanMaskCopy  regioncommon.o
    0x08011dbe   0x08011dbe   0x00000082   Code   RO         6401    i.RegionCommonChanVerifyDr  regioncommon.o
    0x08011e40   0x08011e40   0x00000130   Code   RO         6402    i.RegionCommonComputeRxWindowParameters  regioncommon.o
    0x08011f70   0x08011f70   0x00000014   Code   RO         6404    i.RegionCommonComputeSymbolTimeLoRa  regioncommon.o
    0x08011f84   0x08011f84   0x00000040   Code   RO         6405    i.RegionCommonComputeTxPower  regioncommon.o
    0x08011fc4   0x08011fc4   0x00000036   Code   RO         6406    i.RegionCommonCountChannels  regioncommon.o
    0x08011ffa   0x08011ffa   0x000000e4   Code   RO         6407    i.RegionCommonCountNbOfEnabledChannels  regioncommon.o
    0x080120de   0x080120de   0x0000002c   Code   RO         6408    i.RegionCommonGetBandwidth  regioncommon.o
    0x0801210a   0x0801210a   0x00000048   Code   RO         6409    i.RegionCommonGetNextLowerTxDr  regioncommon.o
    0x08012152   0x08012152   0x00000088   Code   RO         6410    i.RegionCommonIdentifyChannels  regioncommon.o
    0x080121da   0x080121da   0x0000000e   Code   RO         6411    i.RegionCommonLimitTxPower  regioncommon.o
    0x080121e8   0x080121e8   0x000000a2   Code   RO         6412    i.RegionCommonLinkAdrReqVerifyParams  regioncommon.o
    0x0801228a   0x0801228a   0x00000048   Code   RO         6413    i.RegionCommonParseLinkAdrReq  regioncommon.o
    0x080122d2   0x080122d2   0x0000003a   Code   RO         6415    i.RegionCommonSetBandTxDone  regioncommon.o
    0x0801230c   0x0801230c   0x00000150   Code   RO         6416    i.RegionCommonUpdateBandTimeOff  regioncommon.o
    0x0801245c   0x0801245c   0x00000012   Code   RO         6417    i.RegionCommonValueInRange  regioncommon.o
    0x0801246e   0x0801246e   0x0000002a   Code   RO         5529    i.RegionComputeRxWindowParameters  region.o
    0x08012498   0x08012498   0x00000016   Code   RO         5530    i.RegionDlChannelReq  region.o
    0x080124ae   0x080124ae   0x0000001c   Code   RO         5531    i.RegionGetPhyParam  region.o
    0x080124ca   0x080124ca   0x00000002   PAD
    0x080124cc   0x080124cc   0x00000010   Code   RO         5532    i.RegionGetVersion  region.o
    0x080124dc   0x080124dc   0x00000018   Code   RO         5533    i.RegionInitDefaults  region.o
    0x080124f4   0x080124f4   0x0000000e   Code   RO         5534    i.RegionIsActive    region.o
    0x08012502   0x08012502   0x0000002c   Code   RO         5535    i.RegionLinkAdrReq  region.o
    0x0801252e   0x0801252e   0x00000016   Code   RO         5536    i.RegionNewChannelReq  region.o
    0x08012544   0x08012544   0x00000028   Code   RO         5537    i.RegionNextChannel  region.o
    0x0801256c   0x0801256c   0x0000001a   Code   RO         5539    i.RegionRxConfig    region.o
    0x08012586   0x08012586   0x00000016   Code   RO         5540    i.RegionRxParamSetupReq  region.o
    0x0801259c   0x0801259c   0x0000001a   Code   RO         5541    i.RegionSetBandTxDone  region.o
    0x080125b6   0x080125b6   0x00000022   Code   RO         5542    i.RegionTxConfig    region.o
    0x080125d8   0x080125d8   0x00000016   Code   RO         5543    i.RegionTxParamSetupReq  region.o
    0x080125ee   0x080125ee   0x0000001a   Code   RO         5544    i.RegionVerify      region.o
    0x08012608   0x08012608   0x00000026   Code   RO         4404    i.RemoveMacCommands  loramac.o
    0x0801262e   0x0801262e   0x00000002   PAD
    0x08012630   0x08012630   0x00000048   Code   RO         5316    i.ResetFCnts        loramaccrypto.o
    0x08012678   0x08012678   0x0000017c   Code   RO         4405    i.ResetMacParameters  loramac.o
    0x080127f4   0x080127f4   0x0000012c   Code   RO         4406    i.RestoreNvmData    loramac.o
    0x08012920   0x08012920   0x00000020   Code   RO         8317    i.RtcBkupRead       rtc-board.o
    0x08012940   0x08012940   0x00000020   Code   RO         8318    i.RtcBkupWrite      rtc-board.o
    0x08012960   0x08012960   0x0000002e   Code   RO         8320    i.RtcGetCalendarTime  rtc-board.o
    0x0801298e   0x0801298e   0x00000002   PAD
    0x08012990   0x08012990   0x000000d4   Code   RO         8321    i.RtcGetCalendarValue  rtc-board.o
    0x08012a64   0x08012a64   0x00000004   Code   RO         8322    i.RtcGetMinimumTimeout  rtc-board.o
    0x08012a68   0x08012a68   0x0000000c   Code   RO         8323    i.RtcGetTimerContext  rtc-board.o
    0x08012a74   0x08012a74   0x0000001c   Code   RO         8324    i.RtcGetTimerElapsedTime  rtc-board.o
    0x08012a90   0x08012a90   0x00000014   Code   RO         8325    i.RtcGetTimerValue  rtc-board.o
    0x08012aa4   0x08012aa4   0x000000b4   Code   RO         8326    i.RtcInit           rtc-board.o
    0x08012b58   0x08012b58   0x00000018   Code   RO         8327    i.RtcMs2Tick        rtc-board.o
    0x08012b70   0x08012b70   0x00000030   Code   RO         8329    i.RtcSetAlarm       rtc-board.o
    0x08012ba0   0x08012ba0   0x0000001c   Code   RO         8330    i.RtcSetTimerContext  rtc-board.o
    0x08012bbc   0x08012bbc   0x00000180   Code   RO         8331    i.RtcStartAlarm     rtc-board.o
    0x08012d3c   0x08012d3c   0x00000034   Code   RO         8332    i.RtcStopAlarm      rtc-board.o
    0x08012d70   0x08012d70   0x0000001a   Code   RO         8334    i.RtcTick2Ms        rtc-board.o
    0x08012d8a   0x08012d8a   0x00000002   PAD
    0x08012d8c   0x08012d8c   0x000000a0   Code   RO         8819    i.RxChainCalibration  sx1276.o
    0x08012e2c   0x08012e2c   0x00000044   Code   RO         4407    i.RxWindowSetup     loramac.o
    0x08012e70   0x08012e70   0x00000002   Code   RO          461    i.SVC_Handler       stm32l1xx_it.o
    0x08012e72   0x08012e72   0x00000002   PAD
    0x08012e74   0x08012e74   0x0000001c   Code   RO         8518    i.SX1276AntSwDeInit  sx1276mb1mas-board.o
    0x08012e90   0x08012e90   0x0000001c   Code   RO         8519    i.SX1276AntSwInit   sx1276mb1mas-board.o
    0x08012eac   0x08012eac   0x00000006   Code   RO         8520    i.SX1276CheckRfFrequency  sx1276mb1mas-board.o
    0x08012eb2   0x08012eb2   0x00000024   Code   RO         8820    i.SX1276ConvertFreqInHzToPllStep  sx1276.o
    0x08012ed6   0x08012ed6   0x00000020   Code   RO         8821    i.SX1276ConvertPllStepToFreqInHz  sx1276.o
    0x08012ef6   0x08012ef6   0x00000004   Code   RO         8521    i.SX1276GetBoardTcxoWakeupTime  sx1276mb1mas-board.o
    0x08012efa   0x08012efa   0x00000002   PAD
    0x08012efc   0x08012efc   0x00000010   Code   RO         8522    i.SX1276GetDio1PinState  sx1276mb1mas-board.o
    0x08012f0c   0x08012f0c   0x00000026   Code   RO         8822    i.SX1276GetGfskTimeOnAirNumerator  sx1276.o
    0x08012f32   0x08012f32   0x00000002   PAD
    0x08012f34   0x08012f34   0x0000002c   Code   RO         8823    i.SX1276GetLoRaBandwidthInHz  sx1276.o
    0x08012f60   0x08012f60   0x000000b0   Code   RO         8824    i.SX1276GetLoRaTimeOnAirNumerator  sx1276.o
    0x08013010   0x08013010   0x00000006   Code   RO         8523    i.SX1276GetPaSelect  sx1276mb1mas-board.o
    0x08013016   0x08013016   0x00000002   PAD
    0x08013018   0x08013018   0x0000000c   Code   RO         8825    i.SX1276GetStatus   sx1276.o
    0x08013024   0x08013024   0x0000006e   Code   RO         8826    i.SX1276GetTimeOnAir  sx1276.o
    0x08013092   0x08013092   0x0000000a   Code   RO         8827    i.SX1276GetWakeupTime  sx1276.o
    0x0801309c   0x0801309c   0x00000090   Code   RO         8828    i.SX1276Init        sx1276.o
    0x0801312c   0x0801312c   0x00000002   Code   RO         8524    i.SX1276IoDbgInit   sx1276mb1mas-board.o
    0x0801312e   0x0801312e   0x00000002   PAD
    0x08013130   0x08013130   0x0000009c   Code   RO         8525    i.SX1276IoDeInit    sx1276mb1mas-board.o
    0x080131cc   0x080131cc   0x000000a8   Code   RO         8526    i.SX1276IoInit      sx1276mb1mas-board.o
    0x08013274   0x08013274   0x0000005c   Code   RO         8527    i.SX1276IoIrqInit   sx1276mb1mas-board.o
    0x080132d0   0x080132d0   0x00000002   Code   RO         8528    i.SX1276IoTcxoInit  sx1276mb1mas-board.o
    0x080132d2   0x080132d2   0x00000084   Code   RO         8829    i.SX1276IsChannelFree  sx1276.o
    0x08013356   0x08013356   0x00000002   PAD
    0x08013358   0x08013358   0x00000380   Code   RO         8830    i.SX1276OnDio0Irq   sx1276.o
    0x080136d8   0x080136d8   0x000001d8   Code   RO         8831    i.SX1276OnDio1Irq   sx1276.o
    0x080138b0   0x080138b0   0x00000130   Code   RO         8832    i.SX1276OnDio2Irq   sx1276.o
    0x080139e0   0x080139e0   0x00000074   Code   RO         8833    i.SX1276OnDio3Irq   sx1276.o
    0x08013a54   0x08013a54   0x0000002c   Code   RO         8834    i.SX1276OnDio4Irq   sx1276.o
    0x08013a80   0x08013a80   0x00000104   Code   RO         8835    i.SX1276OnTimeoutIrq  sx1276.o
    0x08013b84   0x08013b84   0x00000040   Code   RO         8836    i.SX1276Random      sx1276.o
    0x08013bc4   0x08013bc4   0x00000014   Code   RO         8837    i.SX1276Read        sx1276.o
    0x08013bd8   0x08013bd8   0x00000048   Code   RO         8838    i.SX1276ReadBuffer  sx1276.o
    0x08013c20   0x08013c20   0x00000012   Code   RO         8839    i.SX1276ReadFifo    sx1276.o
    0x08013c32   0x08013c32   0x00000002   PAD
    0x08013c34   0x08013c34   0x00000054   Code   RO         8840    i.SX1276ReadRssi    sx1276.o
    0x08013c88   0x08013c88   0x00000040   Code   RO         8529    i.SX1276Reset       sx1276mb1mas-board.o
    0x08013cc8   0x08013cc8   0x00000134   Code   RO         8841    i.SX1276Send        sx1276.o
    0x08013dfc   0x08013dfc   0x00000038   Code   RO         8530    i.SX1276SetAntSw    sx1276mb1mas-board.o
    0x08013e34   0x08013e34   0x00000024   Code   RO         8531    i.SX1276SetAntSwLowPower  sx1276mb1mas-board.o
    0x08013e58   0x08013e58   0x00000002   Code   RO         8532    i.SX1276SetBoardTcxo  sx1276mb1mas-board.o
    0x08013e5a   0x08013e5a   0x00000002   PAD
    0x08013e5c   0x08013e5c   0x00000034   Code   RO         8842    i.SX1276SetChannel  sx1276.o
    0x08013e90   0x08013e90   0x00000038   Code   RO         8843    i.SX1276SetMaxPayloadLength  sx1276.o
    0x08013ec8   0x08013ec8   0x000000a4   Code   RO         8844    i.SX1276SetModem    sx1276.o
    0x08013f6c   0x08013f6c   0x00000038   Code   RO         8845    i.SX1276SetOpMode   sx1276.o
    0x08013fa4   0x08013fa4   0x0000002c   Code   RO         8846    i.SX1276SetPublicNetwork  sx1276.o
    0x08013fd0   0x08013fd0   0x000000c8   Code   RO         8533    i.SX1276SetRfTxPower  sx1276mb1mas-board.o
    0x08014098   0x08014098   0x00000298   Code   RO         8847    i.SX1276SetRx       sx1276.o
    0x08014330   0x08014330   0x000002cc   Code   RO         8848    i.SX1276SetRxConfig  sx1276.o
    0x080145fc   0x080145fc   0x0000003c   Code   RO         8849    i.SX1276SetSleep    sx1276.o
    0x08014638   0x08014638   0x00000034   Code   RO         8850    i.SX1276SetStby     sx1276.o
    0x0801466c   0x0801466c   0x000000c4   Code   RO         8851    i.SX1276SetTx       sx1276.o
    0x08014730   0x08014730   0x0000024c   Code   RO         8852    i.SX1276SetTxConfig  sx1276.o
    0x0801497c   0x0801497c   0x0000008c   Code   RO         8853    i.SX1276SetTxContinuousWave  sx1276.o
    0x08014a08   0x08014a08   0x00000048   Code   RO         8854    i.SX1276StartCad    sx1276.o
    0x08014a50   0x08014a50   0x00000010   Code   RO         8855    i.SX1276Write       sx1276.o
    0x08014a60   0x08014a60   0x00000048   Code   RO         8856    i.SX1276WriteBuffer  sx1276.o
    0x08014aa8   0x08014aa8   0x00000012   Code   RO         8857    i.SX1276WriteFifo   sx1276.o
    0x08014aba   0x08014aba   0x00000002   PAD
    0x08014abc   0x08014abc   0x00000118   Code   RO         4408    i.ScheduleTx        loramac.o
    0x08014bd4   0x08014bd4   0x0000007a   Code   RO         3538    i.SecureElementAesEncrypt  soft-se.o
    0x08014c4e   0x08014c4e   0x0000002c   Code   RO         3539    i.SecureElementComputeAesCmac  soft-se.o
    0x08014c7a   0x08014c7a   0x00000054   Code   RO         3540    i.SecureElementDeriveAndStoreKey  soft-se.o
    0x08014cce   0x08014cce   0x00000002   PAD
    0x08014cd0   0x08014cd0   0x0000000c   Code   RO         3541    i.SecureElementGetDevEui  soft-se.o
    0x08014cdc   0x08014cdc   0x0000000c   Code   RO         3542    i.SecureElementGetJoinEui  soft-se.o
    0x08014ce8   0x08014ce8   0x0000000c   Code   RO         3543    i.SecureElementGetPin  soft-se.o
    0x08014cf4   0x08014cf4   0x00000038   Code   RO         3544    i.SecureElementInit  soft-se.o
    0x08014d2c   0x08014d2c   0x00000118   Code   RO         3545    i.SecureElementProcessJoinAccept  soft-se.o
    0x08014e44   0x08014e44   0x00000020   Code   RO         3546    i.SecureElementSetDevEui  soft-se.o
    0x08014e64   0x08014e64   0x00000020   Code   RO         3547    i.SecureElementSetJoinEui  soft-se.o
    0x08014e84   0x08014e84   0x0000009c   Code   RO         3548    i.SecureElementSetKey  soft-se.o
    0x08014f20   0x08014f20   0x00000020   Code   RO         3549    i.SecureElementSetPin  soft-se.o
    0x08014f40   0x08014f40   0x0000003e   Code   RO         3550    i.SecureElementVerifyAesCmac  soft-se.o
    0x08014f7e   0x08014f7e   0x00000002   PAD
    0x08014f80   0x08014f80   0x000000c0   Code   RO         4409    i.SecureFrame       loramac.o
    0x08015040   0x08015040   0x00000158   Code   RO         4410    i.Send              loramac.o
    0x08015198   0x08015198   0x00000208   Code   RO         4142    i.SendBeaconRxStatusInd  lmhpcompliance.o
    0x080153a0   0x080153a0   0x00000110   Code   RO         4411    i.SendFrameOnChannel  loramac.o
    0x080154b0   0x080154b0   0x0000019c   Code   RO         4412    i.SendReJoinReq     loramac.o
    0x0801564c   0x0801564c   0x00000064   Code   RO         4413    i.SerializeTxFrame  loramac.o
    0x080156b0   0x080156b0   0x000000ec   Code   RO         6418    i.SetMaxTimeCredits  regioncommon.o
    0x0801579c   0x0801579c   0x00000046   Code   RO         3971    i.SetParity         fragdecoder.o
    0x080157e2   0x080157e2   0x00000002   PAD
    0x080157e4   0x080157e4   0x0000002c   Code   RO         3972    i.SetRow            fragdecoder.o
    0x08015810   0x08015810   0x00000030   Code   RO         4414    i.SetTxContinuousWave  loramac.o
    0x08015840   0x08015840   0x00000070   Code   RO         8465    i.SpiDeInit         spi-board.o
    0x080158b0   0x080158b0   0x000000e8   Code   RO         8466    i.SpiFormat         spi-board.o
    0x08015998   0x08015998   0x00000064   Code   RO         8467    i.SpiFrequency      spi-board.o
    0x080159fc   0x080159fc   0x000000f8   Code   RO         8468    i.SpiInOut          spi-board.o
    0x08015af4   0x08015af4   0x000001d0   Code   RO         8469    i.SpiInit           spi-board.o
    0x08015cc4   0x08015cc4   0x00000038   Code   RO         3236    i.StartTxProcess    lorawan_app.o
    0x08015cfc   0x08015cfc   0x000000c8   Code   RO         4415    i.StopRetransmission  loramac.o
    0x08015dc4   0x08015dc4   0x00000180   Code   RO         4416    i.SwitchClass       loramac.o
    0x08015f44   0x08015f44   0x0000000c   Code   RO         7695    i.SysTick_Handler   board.o
    0x08015f50   0x08015f50   0x0000004e   Code   RO         7379    i.SysTimeAdd        systime.o
    0x08015f9e   0x08015f9e   0x00000056   Code   RO         7380    i.SysTimeFromMs     systime.o
    0x08015ff4   0x08015ff4   0x00000050   Code   RO         7381    i.SysTimeGet        systime.o
    0x08016044   0x08016044   0x0000001c   Code   RO         7382    i.SysTimeGetMcuTime  systime.o
    0x08016060   0x08016060   0x00000038   Code   RO         7385    i.SysTimeSet        systime.o
    0x08016098   0x08016098   0x0000004c   Code   RO         7386    i.SysTimeSub        systime.o
    0x080160e4   0x080160e4   0x0000003e   Code   RO         7387    i.SysTimeToMs       systime.o
    0x08016122   0x08016122   0x00000002   PAD
    0x08016124   0x08016124   0x0000008c   Code   RO         7696    i.SystemClockReConfig  board.o
    0x080161b0   0x080161b0   0x00000094   Code   RO           14    i.SystemClock_Config  main.o
    0x08016244   0x08016244   0x00000002   Code   RO         3181    i.SystemInit        system_stm32l1xx.o
    0x08016246   0x08016246   0x00000002   PAD
    0x08016248   0x08016248   0x00000020   Code   RO         7466    i.TimerExists       timer.o
    0x08016268   0x08016268   0x00000010   Code   RO         7467    i.TimerGetCurrentTime  timer.o
    0x08016278   0x08016278   0x00000020   Code   RO         7468    i.TimerGetElapsedTime  timer.o
    0x08016298   0x08016298   0x00000012   Code   RO         7469    i.TimerInit         timer.o
    0x080162aa   0x080162aa   0x00000002   PAD
    0x080162ac   0x080162ac   0x00000020   Code   RO         7470    i.TimerInsertNewHeadTimer  timer.o
    0x080162cc   0x080162cc   0x00000034   Code   RO         7471    i.TimerInsertTimer  timer.o
    0x08016300   0x08016300   0x000000bc   Code   RO         7472    i.TimerIrqHandler   timer.o
    0x080163bc   0x080163bc   0x0000002a   Code   RO         7477    i.TimerSetTimeout   timer.o
    0x080163e6   0x080163e6   0x0000002c   Code   RO         7478    i.TimerSetValue     timer.o
    0x08016412   0x08016412   0x00000002   PAD
    0x08016414   0x08016414   0x00000070   Code   RO         7479    i.TimerStart        timer.o
    0x08016484   0x08016484   0x000000b0   Code   RO         7480    i.TimerStop         timer.o
    0x08016534   0x08016534   0x00000014   Code   RO         2855    i.UART_DMAAbortOnError  stm32l1xx_hal_uart.o
    0x08016548   0x08016548   0x00000034   Code   RO         2865    i.UART_EndRxTransfer  stm32l1xx_hal_uart.o
    0x0801657c   0x0801657c   0x0000001e   Code   RO         2866    i.UART_EndTransmit_IT  stm32l1xx_hal_uart.o
    0x0801659a   0x0801659a   0x000000e0   Code   RO         2868    i.UART_Receive_IT   stm32l1xx_hal_uart.o
    0x0801667a   0x0801667a   0x00000002   PAD
    0x0801667c   0x0801667c   0x0000025c   Code   RO         2869    i.UART_SetConfig    stm32l1xx_hal_uart.o
    0x080168d8   0x080168d8   0x00000042   Code   RO         2871    i.UART_Start_Receive_IT  stm32l1xx_hal_uart.o
    0x0801691a   0x0801691a   0x0000005e   Code   RO         2872    i.UART_Transmit_IT  stm32l1xx_hal_uart.o
    0x08016978   0x08016978   0x00000066   Code   RO         2873    i.UART_WaitOnFlagUntilTimeout  stm32l1xx_hal_uart.o
    0x080169de   0x080169de   0x00000002   PAD
    0x080169e0   0x080169e0   0x00000040   Code   RO         8652    i.USART2_IRQHandler  uart-board.o
    0x08016a20   0x08016a20   0x00000028   Code   RO         7569    i.UartConfig        uart.o
    0x08016a48   0x08016a48   0x00000010   Code   RO         7572    i.UartGetChar       uart.o
    0x08016a58   0x08016a58   0x00000024   Code   RO         7573    i.UartInit          uart.o
    0x08016a7c   0x08016a7c   0x00000178   Code   RO         8653    i.UartMcuConfig     uart-board.o
    0x08016bf4   0x08016bf4   0x0000003c   Code   RO         8656    i.UartMcuGetChar    uart-board.o
    0x08016c30   0x08016c30   0x0000007c   Code   RO         8657    i.UartMcuInit       uart-board.o
    0x08016cac   0x08016cac   0x0000005c   Code   RO         8659    i.UartMcuPutChar    uart-board.o
    0x08016d08   0x08016d08   0x00000010   Code   RO         7575    i.UartPutChar       uart.o
    0x08016d18   0x08016d18   0x00000054   Code   RO         5317    i.UpdateFCntDown    loramaccrypto.o
    0x08016d6c   0x08016d6c   0x00000028   Code   RO         4417    i.UpdateRxSlotIdleState  loramac.o
    0x08016d94   0x08016d94   0x00000048   Code   RO         6419    i.UpdateTimeCredits  regioncommon.o
    0x08016ddc   0x08016ddc   0x00000028   Code   RO         3237    i.UplinkProcess     lorawan_app.o
    0x08016e04   0x08016e04   0x00000004   Code   RO          462    i.UsageFault_Handler  stm32l1xx_it.o
    0x08016e08   0x08016e08   0x0000002c   Code   RO         4418    i.ValidatePayloadLength  loramac.o
    0x08016e34   0x08016e34   0x00000082   Code   RO         5318    i.VerifyCmacB0      loramaccrypto.o
    0x08016eb6   0x08016eb6   0x00000002   PAD
    0x08016eb8   0x08016eb8   0x00000024   Code   RO         5891    i.VerifyRfFreq      regioncn470.o
    0x08016edc   0x08016edc   0x00000040   Code   RO         4419    i.VerifyTxFrame     loramac.o
    0x08016f1c   0x08016f1c   0x00000018   Code   RO         3973    i.XorDataLine       fragdecoder.o
    0x08016f34   0x08016f34   0x00000038   Code   RO         3974    i.XorParityLine     fragdecoder.o
    0x08016f6c   0x08016f6c   0x00000028   Code   RO         9594    i.__ARM_fpclassify  m_ws.l(fpclassify.o)
    0x08016f94   0x08016f94   0x00000010   Code   RO         1853    i.__NVIC_GetPriorityGrouping  stm32l1xx_hal_cortex.o
    0x08016fa4   0x08016fa4   0x00000028   Code   RO         1854    i.__NVIC_SetPriority  stm32l1xx_hal_cortex.o
    0x08016fcc   0x08016fcc   0x0000000e   Code   RO         9214    i._is_digit         c_w.l(__printf_wp.o)
    0x08016fda   0x08016fda   0x00000026   Code   RO         9083    i._sys_close        retarget_io.o
    0x08017000   0x08017000   0x00000024   Code   RO         9084    i._sys_flen         retarget_io.o
    0x08017024   0x08017024   0x00000024   Code   RO         9085    i._sys_istty        retarget_io.o
    0x08017048   0x08017048   0x00000068   Code   RO         9086    i._sys_open         retarget_io.o
    0x080170b0   0x080170b0   0x0000002c   Code   RO         9088    i._sys_seek         retarget_io.o
    0x080170dc   0x080170dc   0x00000058   Code   RO         9089    i._sys_write        retarget_io.o
    0x08017134   0x08017134   0x00000010   Code   RO         3436    i.add_round_key     aes.o
    0x08017144   0x08017144   0x0000005a   Code   RO         3438    i.aes_encrypt       aes.o
    0x0801719e   0x0801719e   0x00000002   PAD
    0x080171a0   0x080171a0   0x0000013c   Code   RO         3439    i.aes_set_key       aes.o
    0x080172dc   0x080172dc   0x00000044   Code   RO         7697    i.assert_failed     board.o
    0x08017320   0x08017320   0x00000084   Code   RO         3440    i.copy_and_key      aes.o
    0x080173a4   0x080173a4   0x00000042   Code   RO         3441    i.copy_block        aes.o
    0x080173e6   0x080173e6   0x00000018   Code   RO         3442    i.copy_block_nn     aes.o
    0x080173fe   0x080173fe   0x00000002   PAD
    0x08017400   0x08017400   0x000000dc   Code   RO         9276    i.floor             m_ws.l(floor.o)
    0x080174dc   0x080174dc   0x0000001c   Code   RO         7699    i.fputc             board.o
    0x080174f8   0x080174f8   0x00000138   Code   RO         3238    i.lorawan_app       lorawan_app.o
    0x08017630   0x08017630   0x0000003c   Code   RO           15    i.main              main.o
    0x0801766c   0x0801766c   0x00000018   Code   RO         8743    i.memcpy1           utilities.o
    0x08017684   0x08017684   0x0000001c   Code   RO         8744    i.memcpyr           utilities.o
    0x080176a0   0x080176a0   0x00000014   Code   RO         8745    i.memset1           utilities.o
    0x080176b4   0x080176b4   0x00000284   Code   RO         3443    i.mix_sub_columns   aes.o
    0x08017938   0x08017938   0x00000028   Code   RO         8746    i.rand1             utilities.o
    0x08017960   0x08017960   0x0000001a   Code   RO         8747    i.randr             utilities.o
    0x0801797a   0x0801797a   0x00000002   PAD
    0x0801797c   0x0801797c   0x00000070   Code   RO         3444    i.shift_sub_rows    aes.o
    0x080179ec   0x080179ec   0x0000000c   Code   RO         8748    i.srand1            utilities.o
    0x080179f8   0x080179f8   0x00000004   Code   RO         9090    i.stderr_putchar    retarget_io.o
    0x080179fc   0x080179fc   0x00000004   Code   RO         9092    i.stdout_putchar    retarget_io.o
    0x08017a00   0x08017a00   0x00000034   Code   RO          403    i.usb_printf        usart.o
    0x08017a34   0x08017a34   0x00000082   Code   RO         3445    i.xor_block         aes.o
    0x08017ab6   0x08017ab6   0x00000002   PAD
    0x08017ab8   0x08017ab8   0x0000002c   Code   RO         9509    locale$$code        c_w.l(lc_numeric_c.o)
    0x08017ae4   0x08017ae4   0x0000002c   Code   RO         9635    locale$$code        c_w.l(lc_ctype_c.o)
    0x08017b10   0x08017b10   0x00000150   Code   RO         9336    x$fpl$dadd          fz_ws.l(daddsub_clz.o)
    0x08017c60   0x08017c60   0x00000018   Code   RO         9590    x$fpl$dcmpinf       fz_ws.l(dcmpi.o)
    0x08017c78   0x08017c78   0x0000005e   Code   RO         9241    x$fpl$dfix          fz_ws.l(dfix.o)
    0x08017cd6   0x08017cd6   0x00000002   PAD
    0x08017cd8   0x08017cd8   0x00000078   Code   RO         9401    x$fpl$dleqf         fz_ws.l(dleqf.o)
    0x08017d50   0x08017d50   0x0000009c   Code   RO         9342    x$fpl$dnaninf       fz_ws.l(dnaninf.o)
    0x08017dec   0x08017dec   0x0000000c   Code   RO         9344    x$fpl$dretinf       fz_ws.l(dretinf.o)
    0x08017df8   0x08017df8   0x0000006c   Code   RO         9346    x$fpl$drleqf        fz_ws.l(drleqf.o)
    0x08017e64   0x08017e64   0x00000016   Code   RO         9337    x$fpl$drsb          fz_ws.l(daddsub_clz.o)
    0x08017e7a   0x08017e7a   0x00000002   PAD
    0x08017e7c   0x08017e7c   0x000001d4   Code   RO         9338    x$fpl$dsub          fz_ws.l(daddsub_clz.o)
    0x08018050   0x08018050   0x00000056   Code   RO         9245    x$fpl$f2d           fz_ws.l(f2d.o)
    0x080180a6   0x080180a6   0x00000002   PAD
    0x080180a8   0x080180a8   0x000000c4   Code   RO         9247    x$fpl$fadd          fz_ws.l(faddsub_clz.o)
    0x0801816c   0x0801816c   0x00000036   Code   RO         9257    x$fpl$ffix          fz_ws.l(ffix.o)
    0x080181a2   0x080181a2   0x00000002   PAD
    0x080181a4   0x080181a4   0x00000030   Code   RO         9266    x$fpl$fflt          fz_ws.l(fflt_clz.o)
    0x080181d4   0x080181d4   0x00000026   Code   RO         9265    x$fpl$ffltu         fz_ws.l(fflt_clz.o)
    0x080181fa   0x080181fa   0x00000002   PAD
    0x080181fc   0x080181fc   0x00000102   Code   RO         9273    x$fpl$fmul          fz_ws.l(fmul.o)
    0x080182fe   0x080182fe   0x0000008c   Code   RO         9350    x$fpl$fnaninf       fz_ws.l(fnaninf.o)
    0x0801838a   0x0801838a   0x0000000a   Code   RO         9352    x$fpl$fretinf       fz_ws.l(fretinf.o)
    0x08018394   0x08018394   0x00000014   Code   RO         9248    x$fpl$frsb          fz_ws.l(faddsub_clz.o)
    0x080183a8   0x080183a8   0x000000ea   Code   RO         9249    x$fpl$fsub          fz_ws.l(faddsub_clz.o)
    0x08018492   0x08018492   0x00000004   Code   RO         9354    x$fpl$printf1       fz_ws.l(printf1.o)
    0x08018496   0x08018496   0x00000004   Code   RO         9356    x$fpl$printf2       fz_ws.l(printf2.o)
    0x0801849a   0x0801849a   0x00000000   Code   RO         9362    x$fpl$usenofp       fz_ws.l(usenofp.o)
    0x0801849a   0x0801849a   0x00000021   Data   RO         3182    .constdata          system_stm32l1xx.o
    0x080184bb   0x080184bb   0x00000001   PAD
    0x080184bc   0x080184bc   0x00000018   Data   RO         3240    .constdata          lorawan_app.o
    0x080184d4   0x080184d4   0x00000300   Data   RO         3446    .constdata          aes.o
    0x080187d4   0x080187d4   0x000001e4   Data   RO         3551    .constdata          soft-se.o
    0x080189b8   0x080189b8   0x00000028   Data   RO         3874    .constdata          lmhandlermsgdisplay.o
    0x080189e0   0x080189e0   0x00000020   Data   RO         4075    .constdata          lmhpclocksync.o
    0x08018a00   0x08018a00   0x00000044   Data   RO         4144    .constdata          lmhpcompliance.o
    0x08018a44   0x08018a44   0x00000040   Data   RO         4266    .constdata          lmhpremotemcastsetup.o
    0x08018a84   0x08018a84   0x00000040   Data   RO         4421    .constdata          loramac.o
    0x08018ac4   0x08018ac4   0x00000098   Data   RO         5893    .constdata          regioncn470.o
    0x08018b5c   0x08018b5c   0x00000090   Data   RO         6039    .constdata          regioncn470a20.o
    0x08018bec   0x08018bec   0x00000078   Data   RO         6151    .constdata          regioncn470b20.o
    0x08018c64   0x08018c64   0x00000018   Data   RO         8336    .constdata          rtc-board.o
    0x08018c7c   0x08018c7c   0x0000006c   Data   RO         8535    .constdata          sx1276mb1mas-board.o
    0x08018ce8   0x08018ce8   0x00000130   Data   RO         8859    .constdata          sx1276.o
    0x08018e18   0x08018e18   0x00000017   Data   RO         9093    .constdata          retarget_io.o
    0x08018e2f   0x08018e2f   0x00000028   Data   RO         9202    .constdata          c_w.l(_printf_hex_int_ll_ptr.o)
    0x08018e57   0x08018e57   0x00000011   Data   RO         9222    .constdata          c_w.l(__printf_flags_ss_wp.o)
    0x08018e68   0x08018e68   0x00000008   Data   RO         9301    .constdata          c_w.l(_printf_wctomb.o)
    0x08018e70   0x08018e70   0x00000026   Data   RO         9385    .constdata          c_w.l(_printf_fp_hex.o)
    0x08018e96   0x08018e96   0x00000002   PAD
    0x08018e98   0x08018e98   0x00000094   Data   RO         9473    .constdata          c_w.l(bigflt0.o)
    0x08018f2c   0x08018f2c   0x00000301   Data   RO         3875    .conststring        lmhandlermsgdisplay.o
    0x0801922d   0x0801922d   0x00000003   PAD
    0x08019230   0x08019230   0x00000020   Data   RO         9724    Region$$Table       anon$$obj.o
    0x08019250   0x08019250   0x0000001c   Data   RO         9508    locale$$data        c_w.l(lc_numeric_c.o)
    0x0801926c   0x0801926c   0x00000110   Data   RO         9634    locale$$data        c_w.l(lc_ctype_c.o)


    Execution Region RW_IRAM1 (Exec base: 0x20000000, Load base: 0x0801937c, Size: 0x00004ac0, Max: 0x00008000, ABSOLUTE, COMPRESSED[0x00000210])

    Exec Addr    Load Addr    Size         Type   Attr      Idx    E Section Name        Object

    0x20000000   COMPRESSED   0x0000000c   Data   RW          817    .data               stm32l1xx_hal.o
    0x2000000c   COMPRESSED   0x00000004   Data   RW         3183    .data               system_stm32l1xx.o
    0x20000010   COMPRESSED   0x00000074   Data   RW         3241    .data               lorawan_app.o
    0x20000084   COMPRESSED   0x00000004   Data   RW         3552    .data               soft-se.o
    0x20000088   COMPRESSED   0x00000079   Data   RW         3693    .data               lmhandler.o
    0x20000101   COMPRESSED   0x00000003   PAD
    0x20000104   COMPRESSED   0x000000a0   Data   RW         3876    .data               lmhandlermsgdisplay.o
    0x200001a4   COMPRESSED   0x00000038   Data   RW         4076    .data               lmhpclocksync.o
    0x200001dc   COMPRESSED   0x0000003c   Data   RW         4145    .data               lmhpcompliance.o
    0x20000218   COMPRESSED   0x00000048   Data   RW         4207    .data               lmhpfragmentation.o
    0x20000260   COMPRESSED   0x00000038   Data   RW         4267    .data               lmhpremotemcastsetup.o
    0x20000298   COMPRESSED   0x00000008   Data   RW         4422    .data               loramac.o
    0x200002a0   COMPRESSED   0x00000058   Data   RW         5319    .data               loramaccrypto.o
    0x200002f8   COMPRESSED   0x000000fc   Data   RW         5894    .data               regioncn470.o
    0x200003f4   COMPRESSED   0x00000004   Data   RW         7482    .data               timer.o
    0x200003f8   COMPRESSED   0x00000004   Data   RW         7701    .data               board.o
    0x200003fc   COMPRESSED   0x00000001   Data   RW         7879    .data               cayennelpp.o
    0x200003fd   COMPRESSED   0x00000003   PAD
    0x20000400   COMPRESSED   0x00000008   Data   RW         8203    .data               lpm-board.o
    0x20000408   COMPRESSED   0x00000002   Data   RW         8275    .data               nvmdatamgmt.o
    0x2000040a   COMPRESSED   0x00000001   Data   RW         8337    .data               rtc-board.o
    0x2000040b   COMPRESSED   0x00000001   Data   RW         8536    .data               sx1276mb1mas-board.o
    0x2000040c   COMPRESSED   0x00000002   Data   RW         8661    .data               uart-board.o
    0x2000040e   COMPRESSED   0x00000002   PAD
    0x20000410   COMPRESSED   0x00000004   Data   RW         8749    .data               utilities.o
    0x20000414   COMPRESSED   0x0000001c   Data   RW         8860    .data               sx1276.o
    0x20000430   COMPRESSED   0x00000004   Data   RW         9333    .data               c_w.l(stdio_streams.o)
    0x20000434   COMPRESSED   0x00000004   Data   RW         9334    .data               c_w.l(stdio_streams.o)
    0x20000438   COMPRESSED   0x00000004   Data   RW         9335    .data               c_w.l(stdio_streams.o)
    0x2000043c        -       0x00000054   Zero   RW          255    .bss                adc.o
    0x20000490        -       0x00000024   Zero   RW          319    .bss                rtc.o
    0x200004b4        -       0x0000005c   Zero   RW          361    .bss                spi.o
    0x20000510        -       0x00000114   Zero   RW          404    .bss                usart.o
    0x20000624        -       0x00000018   Zero   RW         1152    .bss                stm32l1xx_hal_flash.o
    0x2000063c        -       0x00000154   Zero   RW         3239    .bss                lorawan_app.o
    0x20000790        -       0x00000054   Zero   RW         3691    .bss                lmhandler.o
    0x200007e4        -       0x00000048   Zero   RW         3975    .bss                fragdecoder.o
    0x2000082c        -       0x00000010   Zero   RW         4074    .bss                lmhpclocksync.o
    0x2000083c        -       0x00000040   Zero   RW         4143    .bss                lmhpcompliance.o
    0x2000087c        -       0x0000008c   Zero   RW         4205    .bss                lmhpfragmentation.o
    0x20000908        -       0x00000120   Zero   RW         4265    .bss                lmhpremotemcastsetup.o
    0x20000a28        -       0x00000e80   Zero   RW         4420    .bss                loramac.o
    0x200018a8        -       0x0000020c   Zero   RW         5094    .bss                loramaccommands.o
    0x20001ab4        -       0x00000050   Zero   RW         5197    .bss                loramacconfirmqueue.o
    0x20001b04        -       0x00000024   Zero   RW         5892    .bss                regioncn470.o
    0x20001b28        -       0x00000894   Zero   RW         7700    .bss                board.o
    0x200023bc        -       0x000000f2   Zero   RW         7878    .bss                cayennelpp.o
    0x200024ae   COMPRESSED   0x00000002   PAD
    0x200024b0        -       0x00000040   Zero   RW         8095    .bss                gpio-board.o
    0x200024f0        -       0x00000068   Zero   RW         8335    .bss                rtc-board.o
    0x20002558        -       0x000000b8   Zero   RW         8470    .bss                spi-board.o
    0x20002610        -       0x0000001c   Zero   RW         8534    .bss                sx1276mb1mas-board.o
    0x2000262c        -       0x0000004c   Zero   RW         8660    .bss                uart-board.o
    0x20002678        -       0x000002e8   Zero   RW         8858    .bss                sx1276.o
    0x20002960        -       0x00000054   Zero   RW         9330    .bss                c_w.l(stdio_streams.o)
    0x200029b4        -       0x00000054   Zero   RW         9331    .bss                c_w.l(stdio_streams.o)
    0x20002a08        -       0x00000054   Zero   RW         9332    .bss                c_w.l(stdio_streams.o)
    0x20002a5c        -       0x00000060   Zero   RW         9597    .bss                c_w.l(libspace.o)
    0x20002abc   COMPRESSED   0x00000004   PAD
    0x20002ac0        -       0x00001000   Zero   RW            2    HEAP                startup_stm32l151xc.o
    0x20003ac0        -       0x00001000   Zero   RW            1    STACK               startup_stm32l151xc.o


==============================================================================

Image component sizes


      Code (inc. data)   RO Data    RW Data    ZI Data      Debug   Object Name

       228         22          0          0         84       2215   adc.o
      1530         22        768          0          0      14940   aes.o
       908        138          0          4       2196      40266   board.o
       264         42          0          1        242       3862   cayennelpp.o
       208        106          0          0          0       1105   cli.o
       748          0          0          0          0       4433   cmac.o
        12          0          0          0          0        553   delay-board.o
        12          0          0          0          0        534   delay.o
       336        132          0          0          0       2081   eeprom-board.o
       130          0          0          0          0       4331   fifo.o
      1800         50          0          0         72      16250   fragdecoder.o
      1128        156          0          0         64       8729   gpio-board.o
       436         16          0          0          0       3488   gpio.o
      2424        258          0        121         84      38577   lmhandler.o
      3856       2582        809        160          0       9438   lmhandlermsgdisplay.o
       952         64         32         56         16       9784   lmhpclocksync.o
      2132         86         68         60         64      10439   lmhpcompliance.o
      1460        104          0         72        140      11168   lmhpfragmentation.o
      2864        364         64         56        288      31565   lmhpremotemcastsetup.o
     16710       1120         64          8       3712      75235   loramac.o
       234          0          0          0          0       1573   loramacadr.o
        96          0          0          0          0      45498   loramacclassb.o
       872         78          0          0        524      12462   loramaccommands.o
       642         62          0          0         80      10375   loramacconfirmqueue.o
      3842        132          0         88          0      28511   loramaccrypto.o
       542          0          0          0          0       1982   loramacparser.o
       826          0          0          0          0       3600   loramacserializer.o
      1054        236         24        116        340      47892   lorawan_app.o
       178         20          0          8          0       3542   lpm-board.o
       214         20          0          0          0     419872   main.o
       658         10          0          2          0       3281   nvmdatamgmt.o
       204          0          0          0          0       3460   nvmm.o
       514          6          0          0          0      29750   region.o
         0          0          0          0          0       7924   regionas923.o
         0          0          0          0          0       2752   regionau915.o
        32          0          0          0          0        799   regionbaseus.o
      3412        396        152        252         36      18272   regioncn470.o
       408         42        144          0          0       6675   regioncn470a20.o
       302         36          0          0          0       5951   regioncn470a26.o
       364         50        120          0          0       6667   regioncn470b20.o
       206         36          0          0          0       5851   regioncn470b26.o
      2226         32          0          0          0      19378   regioncommon.o
       354         24         23          0          0       6398   retarget_io.o
      1210        104         24          1        104      12789   rtc-board.o
       244         18          0          0         36       1643   rtc.o
      1128         48        484          4          0      13311   soft-se.o
      1156        100          0          0        184       4492   spi-board.o
       240         36          0          0         92       2129   spi.o
        64         26        292          0       8192        808   startup_stm32l151xc.o
       254         50          0         12          0       5374   stm32l1xx_hal.o
      2020        152          0          0          0       3007   stm32l1xx_hal_adc.o
       574        204          0          0          0      32239   stm32l1xx_hal_cortex.o
       168          0          0          0          0       1699   stm32l1xx_hal_dma.o
       356         12          0          0         24       1602   stm32l1xx_hal_flash.o
      1172        530          0          0          0       6119   stm32l1xx_hal_flash_ex.o
         0          0          0          0          0       3564   stm32l1xx_hal_flash_ramfunc.o
      1504        312          0          0          0       4392   stm32l1xx_hal_gpio.o
        92          4          0          0          0        862   stm32l1xx_hal_msp.o
       340        136          0          0          0       1850   stm32l1xx_hal_pwr.o
        48          8          0          0          0       1041   stm32l1xx_hal_pwr_ex.o
      3328        226          0          0          0       7040   stm32l1xx_hal_rcc.o
       552         90          0          0          0       1977   stm32l1xx_hal_rcc_ex.o
      3696        426          0          0          0       9562   stm32l1xx_hal_rtc.o
       278        122          0          0          0       2466   stm32l1xx_hal_rtc_ex.o
       824        136          0          0          0       2040   stm32l1xx_hal_spi.o
      2450        146          0          0          0      11012   stm32l1xx_hal_uart.o
        26          0          0          0          0       3444   stm32l1xx_it.o
      6574        324        304         28        744      33344   sx1276.o
       866         60        108          1         28      13813   sx1276mb1mas-board.o
         2          0         33          4          0       1159   system_stm32l1xx.o
       466          0          0          0          0       7618   systime.o
       744         32          0          4          0       7991   timer.o
       868        120          0          2         76       6585   uart-board.o
       108          0          0          0          0       3148   uart.o
       232         30          0          0        276       2936   usart.o
       302         26          0          4          0       7021   utilities.o

    ----------------------------------------------------------------------
     87306       9920       3549       1072      17700    1199535   Object Totals
         0          0         32          0          0          0   (incl. Generated)
       102          0          4          8          2          0   (incl. Padding)

    ----------------------------------------------------------------------

      Code (inc. data)   RO Data    RW Data    ZI Data      Debug   Library Member Name

        24          4          0          0          0         84   __2printf.o
        90          0          0          0          0          0   __dczerorl2.o
         8          0          0          0          0         68   __main.o
       392          4         17          0          0         92   __printf_flags_ss_wp.o
        14          0          0          0          0         68   __printf_wp.o
         0          0          0          0          0          0   __rtentry.o
        12          0          0          0          0          0   __rtentry2.o
         6          0          0          0          0          0   __rtentry4.o
        52          8          0          0          0          0   __scatter.o
        28          0          0          0          0          0   __scatter_zi.o
         6          0          0          0          0          0   _printf_a.o
         6          0          0          0          0          0   _printf_c.o
        44          0          0          0          0        108   _printf_char.o
        48          6          0          0          0         96   _printf_char_common.o
        36          4          0          0          0         80   _printf_char_file.o
        40          0          0          0          0         68   _printf_charcount.o
         6          0          0          0          0          0   _printf_d.o
       120         16          0          0          0         92   _printf_dec.o
         6          0          0          0          0          0   _printf_e.o
         6          0          0          0          0          0   _printf_f.o
      1054          0          0          0          0        216   _printf_fp_dec.o
       764          8         38          0          0        100   _printf_fp_hex.o
       128         16          0          0          0         84   _printf_fp_infnan.o
         6          0          0          0          0          0   _printf_g.o
       148          4         40          0          0        160   _printf_hex_int_ll_ptr.o
         6          0          0          0          0          0   _printf_i.o
       178          0          0          0          0         88   _printf_intcommon.o
        10          0          0          0          0          0   _printf_l.o
         6          0          0          0          0          0   _printf_lc.o
        10          0          0          0          0          0   _printf_ll.o
         6          0          0          0          0          0   _printf_lld.o
         6          0          0          0          0          0   _printf_lli.o
         6          0          0          0          0          0   _printf_llo.o
         6          0          0          0          0          0   _printf_llu.o
         6          0          0          0          0          0   _printf_llx.o
       124         16          0          0          0         92   _printf_longlong_dec.o
         6          0          0          0          0          0   _printf_ls.o
         6          0          0          0          0          0   _printf_n.o
         6          0          0          0          0          0   _printf_o.o
       112         10          0          0          0        124   _printf_oct_int_ll.o
         6          0          0          0          0          0   _printf_p.o
        78          0          0          0          0        108   _printf_pad.o
         0          0          0          0          0          0   _printf_percent.o
         4          0          0          0          0          0   _printf_percent_end.o
         6          0          0          0          0          0   _printf_s.o
        82          0          0          0          0         80   _printf_str.o
        36          0          0          0          0         84   _printf_truncate.o
         6          0          0          0          0          0   _printf_u.o
        44          0          0          0          0        108   _printf_wchar.o
       188          6          8          0          0         92   _printf_wctomb.o
         6          0          0          0          0          0   _printf_x.o
        16          0          0          0          0         68   _snputc.o
        10          0          0          0          0         68   _sputc.o
        64          0          0          0          0         92   _wcrtomb.o
       228          4        148          0          0         96   bigflt0.o
      1936        128          0          0          0        672   btod.o
        10          0          0          0          0         68   defsig_exit.o
        50          0          0          0          0         88   defsig_general.o
        80         58          0          0          0         76   defsig_rtmem_inner.o
        14          0          0          0          0         80   defsig_rtmem_outer.o
        52         38          0          0          0         76   defsig_rtred_inner.o
        14          0          0          0          0         80   defsig_rtred_outer.o
        18          0          0          0          0         80   exit.o
        76          0          0          0          0         88   fclose.o
         8          0          0          0          0         68   ferror.o
       236          4          0          0          0        128   fopen.o
       248          6          0          0          0         84   fseek.o
        66          0          0          0          0         76   ftell.o
        94          0          0          0          0         80   h1_alloc.o
        52          0          0          0          0         68   h1_extend.o
        78          0          0          0          0         80   h1_free.o
        14          0          0          0          0         84   h1_init.o
         6          0          0          0          0        152   heapauxi.o
         4          0          0          0          0        136   hguard.o
         0          0          0          0          0          0   indicate_semi.o
       138          0          0          0          0        168   init_alloc.o
       312         46          0          0          0        112   initio.o
        44         10        272          0          0         76   lc_ctype_c.o
        44         10         28          0          0         76   lc_numeric_c.o
         2          0          0          0          0          0   libinit.o
        42          0          0          0          0          0   libinit2.o
         2          0          0          0          0          0   libshutdown.o
         6          0          0          0          0          0   libshutdown2.o
         8          4          0          0         96         68   libspace.o
       138          0          0          0          0         80   lludiv10.o
       238          0          0          0          0        100   lludivv7m.o
         0          0          0          0          0          0   maybetermalloc1.o
        16          4          0          0          0         76   rt_ctype_table.o
         8          4          0          0          0         68   rt_errno_addr_intlibspace.o
         8          4          0          0          0         68   rt_heap_descriptor_intlibspace.o
         8          4          0          0          0         68   rt_locale_intlibspace.o
        78          0          0          0          0         80   rt_memclr_w.o
       100          0          0          0          0         80   rt_memcpy_w.o
         2          0          0          0          0          0   rtexit.o
        10          0          0          0          0          0   rtexit2.o
        70          0          0          0          0         80   setvbuf.o
       240          6          0          0          0        156   stdio.o
         0          0          0         12        252          0   stdio_streams.o
       128          0          0          0          0         68   strcmpv7m.o
        12          4          0          0          0         68   sys_exit.o
        74          0          0          0          0         80   sys_stackheap_outer.o
        14          0          0          0          0         76   sys_wrch.o
         2          0          0          0          0         68   use_no_semi.o
        52          4          0          0          0         80   vsnprintf.o
       826         16          0          0          0        348   daddsub_clz.o
        24          0          0          0          0         68   dcmpi.o
        94          4          0          0          0         92   dfix.o
       120          4          0          0          0         92   dleqf.o
       156          4          0          0          0         92   dnaninf.o
        12          0          0          0          0         68   dretinf.o
       108          0          0          0          0         80   drleqf.o
        86          4          0          0          0         84   f2d.o
       450          8          0          0          0        236   faddsub_clz.o
        54          4          0          0          0         84   ffix.o
        86          0          0          0          0        136   fflt_clz.o
       258          4          0          0          0         84   fmul.o
       140          4          0          0          0         84   fnaninf.o
        10          0          0          0          0         68   fretinf.o
         4          0          0          0          0         68   printf1.o
         4          0          0          0          0         68   printf2.o
         0          0          0          0          0          0   usenofp.o
       220         16          0          0          0         84   floor.o
        40          0          0          0          0         68   fpclassify.o

    ----------------------------------------------------------------------
     11884        508        553         12        352       8380   Library Totals
        28          0          2          0          4          0   (incl. Padding)

    ----------------------------------------------------------------------

      Code (inc. data)   RO Data    RW Data    ZI Data      Debug   Library Name

      9164        440        551         12        348       6476   c_w.l
      2432         52          0          0          0       1752   fz_ws.l
       260         16          0          0          0        152   m_ws.l

    ----------------------------------------------------------------------
     11884        508        553         12        352       8380   Library Totals

    ----------------------------------------------------------------------

==============================================================================


      Code (inc. data)   RO Data    RW Data    ZI Data      Debug   

     99190      10428       4102       1084      18052    1166727   Grand Totals
     99190      10428       4102        528      18052    1166727   ELF Image Totals (compressed)
     99190      10428       4102        528          0          0   ROM Totals

==============================================================================

    Total RO  Size (Code + RO Data)               103292 ( 100.87kB)
    Total RW  Size (RW Data + ZI Data)             19136 (  18.69kB)
    Total ROM Size (Code + RO Data + RW Data)     103820 ( 101.39kB)

==============================================================================

