<!doctype html public "-//w3c//dtd html 4.0 transitional//en">
<html><head>
<title>Static Call Graph - [LoRaWAN_4.6_L151\LoRaWAN_4.6_L151]</title></head>
<body><HR>
<H1>Static Call Graph for image LoRaWAN_4.6_L151\LoRaWAN_4.6_L151</H1><HR>
<BR><P>#&#060CALLGRAPH&#062# ARM Linker, 5060960: Last Updated: Mon Oct 24 13:59:04 2022
<BR><P>
<H3>Maximum Stack Usage =       1104 bytes + Unknown(Functions without stacksize, Cycles, Untraceable Function Pointers)</H3><H3>
Call chain for Maximum Stack Depth:</H3>
__rt_entry_main &rArr; main &rArr; lorawan_app &rArr; LmHandlerProcess &rArr; LoRaMacProcess &rArr; LoRaMacHandleIrqEvents &rArr; ProcessRadioRxDone &rArr; ProcessMacCommands &rArr; SendReJoinReq &rArr; ScheduleTx &rArr; RegionNextChannel &rArr; RegionCN470NextChannel &rArr; RegionCommonIdentifyChannels &rArr; RegionCommonUpdateBandTimeOff &rArr; UpdateTimeCredits &rArr; SetMaxTimeCredits &rArr; SysTimeToMs &rArr; RtcBkupRead &rArr; HAL_RTCEx_BKUPRead &rArr; assert_failed &rArr; usb_printf &rArr; vsnprintf &rArr; _printf_char_common &rArr; __printf
<P>
<H3>
Functions with no stack information
</H3><UL>
 <LI><a href="#[133]">__user_initial_stackheap</a>
</UL>
</UL>
<P>
<H3>
Mutually Recursive functions
</H3> <LI><a href="#[53]">ADC1_IRQHandler</a>&nbsp;&nbsp;&nbsp;&rArr;&nbsp;&nbsp;&nbsp;<a href="#[53]">ADC1_IRQHandler</a><BR>
</UL>
<P>
<H3>
Function Pointers
</H3><UL>
 <LI><a href="#[53]">ADC1_IRQHandler</a> from startup_stm32l151xc.o(.text) referenced from startup_stm32l151xc.o(RESET)
 <LI><a href="#[b]">BoardGetBatteryLevel</a> from board.o(i.BoardGetBatteryLevel) referenced 2 times from lorawan_app.o(.data)
 <LI><a href="#[c]">BoardGetRandomSeed</a> from board.o(i.BoardGetRandomSeed) referenced 2 times from lorawan_app.o(.data)
 <LI><a href="#[3b]">BusFault_Handler</a> from stm32l1xx_it.o(i.BusFault_Handler) referenced from startup_stm32l151xc.o(RESET)
 <LI><a href="#[74]">COMP_ACQ_IRQHandler</a> from startup_stm32l151xc.o(.text) referenced from startup_stm32l151xc.o(RESET)
 <LI><a href="#[57]">COMP_IRQHandler</a> from startup_stm32l151xc.o(.text) referenced from startup_stm32l151xc.o(RESET)
 <LI><a href="#[56]">DAC_IRQHandler</a> from startup_stm32l151xc.o(.text) referenced from startup_stm32l151xc.o(RESET)
 <LI><a href="#[4c]">DMA1_Channel1_IRQHandler</a> from startup_stm32l151xc.o(.text) referenced from startup_stm32l151xc.o(RESET)
 <LI><a href="#[4d]">DMA1_Channel2_IRQHandler</a> from startup_stm32l151xc.o(.text) referenced from startup_stm32l151xc.o(RESET)
 <LI><a href="#[4e]">DMA1_Channel3_IRQHandler</a> from startup_stm32l151xc.o(.text) referenced from startup_stm32l151xc.o(RESET)
 <LI><a href="#[4f]">DMA1_Channel4_IRQHandler</a> from startup_stm32l151xc.o(.text) referenced from startup_stm32l151xc.o(RESET)
 <LI><a href="#[50]">DMA1_Channel5_IRQHandler</a> from startup_stm32l151xc.o(.text) referenced from startup_stm32l151xc.o(RESET)
 <LI><a href="#[51]">DMA1_Channel6_IRQHandler</a> from startup_stm32l151xc.o(.text) referenced from startup_stm32l151xc.o(RESET)
 <LI><a href="#[52]">DMA1_Channel7_IRQHandler</a> from startup_stm32l151xc.o(.text) referenced from startup_stm32l151xc.o(RESET)
 <LI><a href="#[6f]">DMA2_Channel1_IRQHandler</a> from startup_stm32l151xc.o(.text) referenced from startup_stm32l151xc.o(RESET)
 <LI><a href="#[70]">DMA2_Channel2_IRQHandler</a> from startup_stm32l151xc.o(.text) referenced from startup_stm32l151xc.o(RESET)
 <LI><a href="#[71]">DMA2_Channel3_IRQHandler</a> from startup_stm32l151xc.o(.text) referenced from startup_stm32l151xc.o(RESET)
 <LI><a href="#[72]">DMA2_Channel4_IRQHandler</a> from startup_stm32l151xc.o(.text) referenced from startup_stm32l151xc.o(RESET)
 <LI><a href="#[73]">DMA2_Channel5_IRQHandler</a> from startup_stm32l151xc.o(.text) referenced from startup_stm32l151xc.o(RESET)
 <LI><a href="#[3e]">DebugMon_Handler</a> from stm32l1xx_it.o(i.DebugMon_Handler) referenced from startup_stm32l151xc.o(RESET)
 <LI><a href="#[47]">EXTI0_IRQHandler</a> from gpio-board.o(i.EXTI0_IRQHandler) referenced from startup_stm32l151xc.o(RESET)
 <LI><a href="#[68]">EXTI15_10_IRQHandler</a> from gpio-board.o(i.EXTI15_10_IRQHandler) referenced from startup_stm32l151xc.o(RESET)
 <LI><a href="#[48]">EXTI1_IRQHandler</a> from gpio-board.o(i.EXTI1_IRQHandler) referenced from startup_stm32l151xc.o(RESET)
 <LI><a href="#[49]">EXTI2_IRQHandler</a> from gpio-board.o(i.EXTI2_IRQHandler) referenced from startup_stm32l151xc.o(RESET)
 <LI><a href="#[4a]">EXTI3_IRQHandler</a> from gpio-board.o(i.EXTI3_IRQHandler) referenced from startup_stm32l151xc.o(RESET)
 <LI><a href="#[4b]">EXTI4_IRQHandler</a> from gpio-board.o(i.EXTI4_IRQHandler) referenced from startup_stm32l151xc.o(RESET)
 <LI><a href="#[58]">EXTI9_5_IRQHandler</a> from gpio-board.o(i.EXTI9_5_IRQHandler) referenced from startup_stm32l151xc.o(RESET)
 <LI><a href="#[45]">FLASH_IRQHandler</a> from startup_stm32l151xc.o(.text) referenced from startup_stm32l151xc.o(RESET)
 <LI><a href="#[39]">HardFault_Handler</a> from stm32l1xx_it.o(i.HardFault_Handler) referenced from startup_stm32l151xc.o(RESET)
 <LI><a href="#[60]">I2C1_ER_IRQHandler</a> from startup_stm32l151xc.o(.text) referenced from startup_stm32l151xc.o(RESET)
 <LI><a href="#[5f]">I2C1_EV_IRQHandler</a> from startup_stm32l151xc.o(.text) referenced from startup_stm32l151xc.o(RESET)
 <LI><a href="#[62]">I2C2_ER_IRQHandler</a> from startup_stm32l151xc.o(.text) referenced from startup_stm32l151xc.o(RESET)
 <LI><a href="#[61]">I2C2_EV_IRQHandler</a> from startup_stm32l151xc.o(.text) referenced from startup_stm32l151xc.o(RESET)
 <LI><a href="#[a2]">LmHandlerDeviceTimeReq</a> from lmhandler.o(i.LmHandlerDeviceTimeReq) referenced from lmhandler.o(i.LmHandlerPackageRegister)
 <LI><a href="#[a1]">LmHandlerJoinRequest</a> from lmhandler.o(i.LmHandlerJoinRequest) referenced from lmhandler.o(i.LmHandlerPackageRegister)
 <LI><a href="#[1b]">LmhpClockSyncInit</a> from lmhpclocksync.o(i.LmhpClockSyncInit) referenced 2 times from lmhpclocksync.o(.data)
 <LI><a href="#[1c]">LmhpClockSyncIsInitialized</a> from lmhpclocksync.o(i.LmhpClockSyncIsInitialized) referenced 2 times from lmhpclocksync.o(.data)
 <LI><a href="#[1d]">LmhpClockSyncIsTxPending</a> from lmhpclocksync.o(i.LmhpClockSyncIsTxPending) referenced 2 times from lmhpclocksync.o(.data)
 <LI><a href="#[1f]">LmhpClockSyncOnMcpsConfirm</a> from lmhpclocksync.o(i.LmhpClockSyncOnMcpsConfirm) referenced 2 times from lmhpclocksync.o(.data)
 <LI><a href="#[20]">LmhpClockSyncOnMcpsIndication</a> from lmhpclocksync.o(i.LmhpClockSyncOnMcpsIndication) referenced 2 times from lmhpclocksync.o(.data)
 <LI><a href="#[1e]">LmhpClockSyncProcess</a> from lmhpclocksync.o(i.LmhpClockSyncProcess) referenced 2 times from lmhpclocksync.o(.data)
 <LI><a href="#[21]">LmhpComplianceInit</a> from lmhpcompliance.o(i.LmhpComplianceInit) referenced 2 times from lmhpcompliance.o(.data)
 <LI><a href="#[22]">LmhpComplianceIsInitialized</a> from lmhpcompliance.o(i.LmhpComplianceIsInitialized) referenced 2 times from lmhpcompliance.o(.data)
 <LI><a href="#[23]">LmhpComplianceIsTxPending</a> from lmhpcompliance.o(i.LmhpComplianceIsTxPending) referenced 2 times from lmhpcompliance.o(.data)
 <LI><a href="#[25]">LmhpComplianceOnMcpsIndication</a> from lmhpcompliance.o(i.LmhpComplianceOnMcpsIndication) referenced 2 times from lmhpcompliance.o(.data)
 <LI><a href="#[26]">LmhpComplianceOnMlmeConfirm</a> from lmhpcompliance.o(i.LmhpComplianceOnMlmeConfirm) referenced 2 times from lmhpcompliance.o(.data)
 <LI><a href="#[27]">LmhpComplianceOnMlmeIndication</a> from lmhpcompliance.o(i.LmhpComplianceOnMlmeIndication) referenced 2 times from lmhpcompliance.o(.data)
 <LI><a href="#[24]">LmhpComplianceProcess</a> from lmhpcompliance.o(i.LmhpComplianceProcess) referenced 2 times from lmhpcompliance.o(.data)
 <LI><a href="#[28]">LmhpFragmentationInit</a> from lmhpfragmentation.o(i.LmhpFragmentationInit) referenced 2 times from lmhpfragmentation.o(.data)
 <LI><a href="#[29]">LmhpFragmentationIsInitialized</a> from lmhpfragmentation.o(i.LmhpFragmentationIsInitialized) referenced 2 times from lmhpfragmentation.o(.data)
 <LI><a href="#[2a]">LmhpFragmentationIsTxPending</a> from lmhpfragmentation.o(i.LmhpFragmentationIsTxPending) referenced 2 times from lmhpfragmentation.o(.data)
 <LI><a href="#[2c]">LmhpFragmentationOnMcpsIndication</a> from lmhpfragmentation.o(i.LmhpFragmentationOnMcpsIndication) referenced 2 times from lmhpfragmentation.o(.data)
 <LI><a href="#[2b]">LmhpFragmentationProcess</a> from lmhpfragmentation.o(i.LmhpFragmentationProcess) referenced 2 times from lmhpfragmentation.o(.data)
 <LI><a href="#[2d]">LmhpRemoteMcastSetupInit</a> from lmhpremotemcastsetup.o(i.LmhpRemoteMcastSetupInit) referenced 2 times from lmhpremotemcastsetup.o(.data)
 <LI><a href="#[2e]">LmhpRemoteMcastSetupIsInitialized</a> from lmhpremotemcastsetup.o(i.LmhpRemoteMcastSetupIsInitialized) referenced 2 times from lmhpremotemcastsetup.o(.data)
 <LI><a href="#[2f]">LmhpRemoteMcastSetupIsTxPending</a> from lmhpremotemcastsetup.o(i.LmhpRemoteMcastSetupIsTxPending) referenced 2 times from lmhpremotemcastsetup.o(.data)
 <LI><a href="#[31]">LmhpRemoteMcastSetupOnMcpsIndication</a> from lmhpremotemcastsetup.o(i.LmhpRemoteMcastSetupOnMcpsIndication) referenced 2 times from lmhpremotemcastsetup.o(.data)
 <LI><a href="#[30]">LmhpRemoteMcastSetupProcess</a> from lmhpremotemcastsetup.o(i.LmhpRemoteMcastSetupProcess) referenced 2 times from lmhpremotemcastsetup.o(.data)
 <LI><a href="#[9c]">McpsConfirm</a> from lmhandler.o(i.McpsConfirm) referenced from lmhandler.o(i.LmHandlerInit)
 <LI><a href="#[9d]">McpsIndication</a> from lmhandler.o(i.McpsIndication) referenced from lmhandler.o(i.LmHandlerInit)
 <LI><a href="#[3a]">MemManage_Handler</a> from stm32l1xx_it.o(i.MemManage_Handler) referenced from startup_stm32l151xc.o(RESET)
 <LI><a href="#[9e]">MlmeConfirm</a> from lmhandler.o(i.MlmeConfirm) referenced from lmhandler.o(i.LmHandlerInit)
 <LI><a href="#[9f]">MlmeIndication</a> from lmhandler.o(i.MlmeIndication) referenced from lmhandler.o(i.LmHandlerInit)
 <LI><a href="#[38]">NMI_Handler</a> from stm32l1xx_it.o(i.NMI_Handler) referenced from startup_stm32l151xc.o(RESET)
 <LI><a href="#[a0]">NvmDataMgmtEvent</a> from nvmdatamgmt.o(i.NvmDataMgmtEvent) referenced from lmhandler.o(i.LmHandlerInit)
 <LI><a href="#[16]">OnBeaconStatusChange</a> from lorawan_app.o(i.OnBeaconStatusChange) referenced 2 times from lorawan_app.o(.data)
 <LI><a href="#[15]">OnClassChange</a> from lorawan_app.o(i.OnClassChange) referenced 2 times from lorawan_app.o(.data)
 <LI><a href="#[ad]">OnForceRejoinReqCycleTimerEvent</a> from loramac.o(i.OnForceRejoinReqCycleTimerEvent) referenced from loramac.o(i.LoRaMacInitialization)
 <LI><a href="#[a3]">OnFragmentTxDelay</a> from lmhpfragmentation.o(i.OnFragmentTxDelay) referenced from lmhpfragmentation.o(i.LmhpFragmentationInit)
 <LI><a href="#[12]">OnJoinRequest</a> from lorawan_app.o(i.OnJoinRequest) referenced 2 times from lorawan_app.o(.data)
 <LI><a href="#[b5]">OnLed1TimerEvent</a> from lorawan_app.o(i.OnLed1TimerEvent) referenced from lorawan_app.o(i.lorawan_app)
 <LI><a href="#[b6]">OnLed2TimerEvent</a> from lorawan_app.o(i.OnLed2TimerEvent) referenced from lorawan_app.o(i.lorawan_app)
 <LI><a href="#[b7]">OnLedBeaconTimerEvent</a> from lorawan_app.o(i.OnLedBeaconTimerEvent) referenced from lorawan_app.o(i.lorawan_app)
 <LI><a href="#[10]">OnMacMcpsRequest</a> from lorawan_app.o(i.OnMacMcpsRequest) referenced 2 times from lorawan_app.o(.data)
 <LI><a href="#[11]">OnMacMlmeRequest</a> from lorawan_app.o(i.OnMacMlmeRequest) referenced 2 times from lorawan_app.o(.data)
 <LI><a href="#[d]">OnMacProcessNotify</a> from lorawan_app.o(i.OnMacProcessNotify) referenced 2 times from lorawan_app.o(.data)
 <LI><a href="#[f]">OnNetworkParametersChange</a> from lorawan_app.o(i.OnNetworkParametersChange) referenced 2 times from lorawan_app.o(.data)
 <LI><a href="#[e]">OnNvmDataChange</a> from lorawan_app.o(i.OnNvmDataChange) referenced 2 times from lorawan_app.o(.data)
 <LI><a href="#[1a]">OnPingSlotPeriodicityChanged</a> from lorawan_app.o(i.OnPingSlotPeriodicityChanged) referenced 2 times from lorawan_app.o(.data)
 <LI><a href="#[af]">OnRadioRxDone</a> from loramac.o(i.OnRadioRxDone) referenced from loramac.o(i.LoRaMacInitialization)
 <LI><a href="#[b0]">OnRadioRxError</a> from loramac.o(i.OnRadioRxError) referenced from loramac.o(i.LoRaMacInitialization)
 <LI><a href="#[b2]">OnRadioRxTimeout</a> from loramac.o(i.OnRadioRxTimeout) referenced from loramac.o(i.LoRaMacInitialization)
 <LI><a href="#[ae]">OnRadioTxDone</a> from loramac.o(i.OnRadioTxDone) referenced from loramac.o(i.LoRaMacInitialization)
 <LI><a href="#[b1]">OnRadioTxTimeout</a> from loramac.o(i.OnRadioTxTimeout) referenced from loramac.o(i.LoRaMacInitialization)
 <LI><a href="#[aa]">OnRejoin0CycleTimerEvent</a> from loramac.o(i.OnRejoin0CycleTimerEvent) referenced from loramac.o(i.LoRaMacInitialization)
 <LI><a href="#[ab]">OnRejoin1CycleTimerEvent</a> from loramac.o(i.OnRejoin1CycleTimerEvent) referenced from loramac.o(i.LoRaMacInitialization)
 <LI><a href="#[ac]">OnRejoin2CycleTimerEvent</a> from loramac.o(i.OnRejoin2CycleTimerEvent) referenced from loramac.o(i.LoRaMacInitialization)
 <LI><a href="#[a9]">OnRetransmitTimeoutTimerEvent</a> from loramac.o(i.OnRetransmitTimeoutTimerEvent) referenced from loramac.o(i.LoRaMacInitialization)
 <LI><a href="#[14]">OnRxData</a> from lorawan_app.o(i.OnRxData) referenced 2 times from lorawan_app.o(.data)
 <LI><a href="#[a7]">OnRxWindow1TimerEvent</a> from loramac.o(i.OnRxWindow1TimerEvent) referenced from loramac.o(i.LoRaMacInitialization)
 <LI><a href="#[a8]">OnRxWindow2TimerEvent</a> from loramac.o(i.OnRxWindow2TimerEvent) referenced from loramac.o(i.LoRaMacInitialization)
 <LI><a href="#[a4]">OnSessionStartTimer</a> from lmhpremotemcastsetup.o(i.OnSessionStartTimer) referenced from lmhpremotemcastsetup.o(i.LmhpRemoteMcastSetupInit)
 <LI><a href="#[a5]">OnSessionStopTimer</a> from lmhpremotemcastsetup.o(i.OnSessionStopTimer) referenced from lmhpremotemcastsetup.o(i.LmhpRemoteMcastSetupInit)
 <LI><a href="#[17]">OnSysTimeUpdate</a> from lorawan_app.o(i.OnSysTimeUpdate) referenced 2 times from lorawan_app.o(.data)
 <LI><a href="#[13]">OnTxData</a> from lorawan_app.o(i.OnTxData) referenced 2 times from lorawan_app.o(.data)
 <LI><a href="#[a6]">OnTxDelayedTimerEvent</a> from loramac.o(i.OnTxDelayedTimerEvent) referenced from loramac.o(i.LoRaMacInitialization)
 <LI><a href="#[19]">OnTxFrameCtrlChanged</a> from lorawan_app.o(i.OnTxFrameCtrlChanged) referenced 2 times from lorawan_app.o(.data)
 <LI><a href="#[18]">OnTxPeriodicityChanged</a> from lorawan_app.o(i.OnTxPeriodicityChanged) referenced 2 times from lorawan_app.o(.data)
 <LI><a href="#[b4]">OnTxTimerEvent</a> from lorawan_app.o(i.OnTxTimerEvent) referenced from lorawan_app.o(i.StartTxProcess)
 <LI><a href="#[42]">PVD_IRQHandler</a> from startup_stm32l151xc.o(.text) referenced from startup_stm32l151xc.o(RESET)
 <LI><a href="#[3f]">PendSV_Handler</a> from stm32l1xx_it.o(i.PendSV_Handler) referenced from startup_stm32l151xc.o(RESET)
 <LI><a href="#[46]">RCC_IRQHandler</a> from startup_stm32l151xc.o(.text) referenced from startup_stm32l151xc.o(RESET)
 <LI><a href="#[69]">RTC_Alarm_IRQHandler</a> from rtc-board.o(i.RTC_Alarm_IRQHandler) referenced from startup_stm32l151xc.o(RESET)
 <LI><a href="#[44]">RTC_WKUP_IRQHandler</a> from startup_stm32l151xc.o(.text) referenced from startup_stm32l151xc.o(RESET)
 <LI><a href="#[7c]">RegionCN470A20GetBeaconChannelOffset</a> from regioncn470a20.o(i.RegionCN470A20GetBeaconChannelOffset) referenced from regioncn470.o(i.ApplyChannelPlanConfig)
 <LI><a href="#[7b]">RegionCN470A20GetDownlinkFrequency</a> from regioncn470a20.o(i.RegionCN470A20GetDownlinkFrequency) referenced from regioncn470.o(i.ApplyChannelPlanConfig)
 <LI><a href="#[81]">RegionCN470A20GetRx1Frequency</a> from regioncn470a20.o(i.RegionCN470A20GetRx1Frequency) referenced from regioncn470.o(i.ApplyChannelPlanConfig)
 <LI><a href="#[82]">RegionCN470A20GetRx2Frequency</a> from regioncn470a20.o(i.RegionCN470A20GetRx2Frequency) referenced from regioncn470.o(i.ApplyChannelPlanConfig)
 <LI><a href="#[7f]">RegionCN470A20InitializeChannels</a> from regioncn470a20.o(i.RegionCN470A20InitializeChannels) referenced from regioncn470.o(i.ApplyChannelPlanConfig)
 <LI><a href="#[80]">RegionCN470A20InitializeChannelsMask</a> from regioncn470a20.o(i.RegionCN470A20InitializeChannelsMask) referenced from regioncn470.o(i.ApplyChannelPlanConfig)
 <LI><a href="#[7d]">RegionCN470A20LinkAdrChMaskUpdate</a> from regioncn470a20.o(i.RegionCN470A20LinkAdrChMaskUpdate) referenced from regioncn470.o(i.ApplyChannelPlanConfig)
 <LI><a href="#[7e]">RegionCN470A20VerifyRfFreq</a> from regioncn470a20.o(i.RegionCN470A20VerifyRfFreq) referenced from regioncn470.o(i.ApplyChannelPlanConfig)
 <LI><a href="#[8c]">RegionCN470A26GetBeaconChannelOffset</a> from regioncn470a26.o(i.RegionCN470A26GetBeaconChannelOffset) referenced from regioncn470.o(i.ApplyChannelPlanConfig)
 <LI><a href="#[8b]">RegionCN470A26GetDownlinkFrequency</a> from regioncn470a26.o(i.RegionCN470A26GetDownlinkFrequency) referenced from regioncn470.o(i.ApplyChannelPlanConfig)
 <LI><a href="#[91]">RegionCN470A26GetRx1Frequency</a> from regioncn470a26.o(i.RegionCN470A26GetRx1Frequency) referenced from regioncn470.o(i.ApplyChannelPlanConfig)
 <LI><a href="#[92]">RegionCN470A26GetRx2Frequency</a> from regioncn470a26.o(i.RegionCN470A26GetRx2Frequency) referenced from regioncn470.o(i.ApplyChannelPlanConfig)
 <LI><a href="#[8f]">RegionCN470A26InitializeChannels</a> from regioncn470a26.o(i.RegionCN470A26InitializeChannels) referenced from regioncn470.o(i.ApplyChannelPlanConfig)
 <LI><a href="#[90]">RegionCN470A26InitializeChannelsMask</a> from regioncn470a26.o(i.RegionCN470A26InitializeChannelsMask) referenced from regioncn470.o(i.ApplyChannelPlanConfig)
 <LI><a href="#[8d]">RegionCN470A26LinkAdrChMaskUpdate</a> from regioncn470a26.o(i.RegionCN470A26LinkAdrChMaskUpdate) referenced from regioncn470.o(i.ApplyChannelPlanConfig)
 <LI><a href="#[8e]">RegionCN470A26VerifyRfFreq</a> from regioncn470a26.o(i.RegionCN470A26VerifyRfFreq) referenced from regioncn470.o(i.ApplyChannelPlanConfig)
 <LI><a href="#[84]">RegionCN470B20GetBeaconChannelOffset</a> from regioncn470b20.o(i.RegionCN470B20GetBeaconChannelOffset) referenced from regioncn470.o(i.ApplyChannelPlanConfig)
 <LI><a href="#[83]">RegionCN470B20GetDownlinkFrequency</a> from regioncn470b20.o(i.RegionCN470B20GetDownlinkFrequency) referenced from regioncn470.o(i.ApplyChannelPlanConfig)
 <LI><a href="#[89]">RegionCN470B20GetRx1Frequency</a> from regioncn470b20.o(i.RegionCN470B20GetRx1Frequency) referenced from regioncn470.o(i.ApplyChannelPlanConfig)
 <LI><a href="#[8a]">RegionCN470B20GetRx2Frequency</a> from regioncn470b20.o(i.RegionCN470B20GetRx2Frequency) referenced from regioncn470.o(i.ApplyChannelPlanConfig)
 <LI><a href="#[87]">RegionCN470B20InitializeChannels</a> from regioncn470b20.o(i.RegionCN470B20InitializeChannels) referenced from regioncn470.o(i.ApplyChannelPlanConfig)
 <LI><a href="#[88]">RegionCN470B20InitializeChannelsMask</a> from regioncn470b20.o(i.RegionCN470B20InitializeChannelsMask) referenced from regioncn470.o(i.ApplyChannelPlanConfig)
 <LI><a href="#[85]">RegionCN470B20LinkAdrChMaskUpdate</a> from regioncn470b20.o(i.RegionCN470B20LinkAdrChMaskUpdate) referenced from regioncn470.o(i.ApplyChannelPlanConfig)
 <LI><a href="#[86]">RegionCN470B20VerifyRfFreq</a> from regioncn470b20.o(i.RegionCN470B20VerifyRfFreq) referenced from regioncn470.o(i.ApplyChannelPlanConfig)
 <LI><a href="#[94]">RegionCN470B26GetBeaconChannelOffset</a> from regioncn470b26.o(i.RegionCN470B26GetBeaconChannelOffset) referenced from regioncn470.o(i.ApplyChannelPlanConfig)
 <LI><a href="#[93]">RegionCN470B26GetDownlinkFrequency</a> from regioncn470b26.o(i.RegionCN470B26GetDownlinkFrequency) referenced from regioncn470.o(i.ApplyChannelPlanConfig)
 <LI><a href="#[99]">RegionCN470B26GetRx1Frequency</a> from regioncn470b26.o(i.RegionCN470B26GetRx1Frequency) referenced from regioncn470.o(i.ApplyChannelPlanConfig)
 <LI><a href="#[9a]">RegionCN470B26GetRx2Frequency</a> from regioncn470b26.o(i.RegionCN470B26GetRx2Frequency) referenced from regioncn470.o(i.ApplyChannelPlanConfig)
 <LI><a href="#[97]">RegionCN470B26InitializeChannels</a> from regioncn470b26.o(i.RegionCN470B26InitializeChannels) referenced from regioncn470.o(i.ApplyChannelPlanConfig)
 <LI><a href="#[98]">RegionCN470B26InitializeChannelsMask</a> from regioncn470b26.o(i.RegionCN470B26InitializeChannelsMask) referenced from regioncn470.o(i.ApplyChannelPlanConfig)
 <LI><a href="#[95]">RegionCN470B26LinkAdrChMaskUpdate</a> from regioncn470b26.o(i.RegionCN470B26LinkAdrChMaskUpdate) referenced from regioncn470.o(i.ApplyChannelPlanConfig)
 <LI><a href="#[96]">RegionCN470B26VerifyRfFreq</a> from regioncn470b26.o(i.RegionCN470B26VerifyRfFreq) referenced from regioncn470.o(i.ApplyChannelPlanConfig)
 <LI><a href="#[37]">Reset_Handler</a> from startup_stm32l151xc.o(.text) referenced from startup_stm32l151xc.o(RESET)
 <LI><a href="#[63]">SPI1_IRQHandler</a> from startup_stm32l151xc.o(.text) referenced from startup_stm32l151xc.o(RESET)
 <LI><a href="#[64]">SPI2_IRQHandler</a> from startup_stm32l151xc.o(.text) referenced from startup_stm32l151xc.o(RESET)
 <LI><a href="#[6e]">SPI3_IRQHandler</a> from startup_stm32l151xc.o(.text) referenced from startup_stm32l151xc.o(RESET)
 <LI><a href="#[3d]">SVC_Handler</a> from stm32l1xx_it.o(i.SVC_Handler) referenced from startup_stm32l151xc.o(RESET)
 <LI><a href="#[c0]">SX1276CheckRfFrequency</a> from sx1276mb1mas-board.o(i.SX1276CheckRfFrequency) referenced from sx1276mb1mas-board.o(.constdata)
 <LI><a href="#[b9]">SX1276GetStatus</a> from sx1276.o(i.SX1276GetStatus) referenced from sx1276mb1mas-board.o(.constdata)
 <LI><a href="#[c1]">SX1276GetTimeOnAir</a> from sx1276.o(i.SX1276GetTimeOnAir) referenced from sx1276mb1mas-board.o(.constdata)
 <LI><a href="#[cf]">SX1276GetWakeupTime</a> from sx1276.o(i.SX1276GetWakeupTime) referenced from sx1276mb1mas-board.o(.constdata)
 <LI><a href="#[b8]">SX1276Init</a> from sx1276.o(i.SX1276Init) referenced from sx1276mb1mas-board.o(.constdata)
 <LI><a href="#[bc]">SX1276IsChannelFree</a> from sx1276.o(i.SX1276IsChannelFree) referenced from sx1276mb1mas-board.o(.constdata)
 <LI><a href="#[32]">SX1276OnDio0Irq</a> from sx1276.o(i.SX1276OnDio0Irq) referenced 2 times from sx1276.o(.data)
 <LI><a href="#[33]">SX1276OnDio1Irq</a> from sx1276.o(i.SX1276OnDio1Irq) referenced 2 times from sx1276.o(.data)
 <LI><a href="#[34]">SX1276OnDio2Irq</a> from sx1276.o(i.SX1276OnDio2Irq) referenced 2 times from sx1276.o(.data)
 <LI><a href="#[35]">SX1276OnDio3Irq</a> from sx1276.o(i.SX1276OnDio3Irq) referenced 2 times from sx1276.o(.data)
 <LI><a href="#[36]">SX1276OnDio4Irq</a> from sx1276.o(i.SX1276OnDio4Irq) referenced 2 times from sx1276.o(.data)
 <LI><a href="#[b3]">SX1276OnTimeoutIrq</a> from sx1276.o(i.SX1276OnTimeoutIrq) referenced from sx1276.o(i.SX1276Init)
 <LI><a href="#[bd]">SX1276Random</a> from sx1276.o(i.SX1276Random) referenced from sx1276mb1mas-board.o(.constdata)
 <LI><a href="#[ca]">SX1276Read</a> from sx1276.o(i.SX1276Read) referenced from sx1276mb1mas-board.o(.constdata)
 <LI><a href="#[cc]">SX1276ReadBuffer</a> from sx1276.o(i.SX1276ReadBuffer) referenced from sx1276mb1mas-board.o(.constdata)
 <LI><a href="#[c8]">SX1276ReadRssi</a> from sx1276.o(i.SX1276ReadRssi) referenced from sx1276mb1mas-board.o(.constdata)
 <LI><a href="#[c2]">SX1276Send</a> from sx1276.o(i.SX1276Send) referenced from sx1276mb1mas-board.o(.constdata)
 <LI><a href="#[bb]">SX1276SetChannel</a> from sx1276.o(i.SX1276SetChannel) referenced from sx1276mb1mas-board.o(.constdata)
 <LI><a href="#[cd]">SX1276SetMaxPayloadLength</a> from sx1276.o(i.SX1276SetMaxPayloadLength) referenced from sx1276mb1mas-board.o(.constdata)
 <LI><a href="#[ba]">SX1276SetModem</a> from sx1276.o(i.SX1276SetModem) referenced from sx1276mb1mas-board.o(.constdata)
 <LI><a href="#[ce]">SX1276SetPublicNetwork</a> from sx1276.o(i.SX1276SetPublicNetwork) referenced from sx1276mb1mas-board.o(.constdata)
 <LI><a href="#[c5]">SX1276SetRx</a> from sx1276.o(i.SX1276SetRx) referenced from sx1276mb1mas-board.o(.constdata)
 <LI><a href="#[be]">SX1276SetRxConfig</a> from sx1276.o(i.SX1276SetRxConfig) referenced from sx1276mb1mas-board.o(.constdata)
 <LI><a href="#[c3]">SX1276SetSleep</a> from sx1276.o(i.SX1276SetSleep) referenced from sx1276mb1mas-board.o(.constdata)
 <LI><a href="#[c4]">SX1276SetStby</a> from sx1276.o(i.SX1276SetStby) referenced from sx1276mb1mas-board.o(.constdata)
 <LI><a href="#[bf]">SX1276SetTxConfig</a> from sx1276.o(i.SX1276SetTxConfig) referenced from sx1276mb1mas-board.o(.constdata)
 <LI><a href="#[c7]">SX1276SetTxContinuousWave</a> from sx1276.o(i.SX1276SetTxContinuousWave) referenced from sx1276mb1mas-board.o(.constdata)
 <LI><a href="#[c6]">SX1276StartCad</a> from sx1276.o(i.SX1276StartCad) referenced from sx1276mb1mas-board.o(.constdata)
 <LI><a href="#[c9]">SX1276Write</a> from sx1276.o(i.SX1276Write) referenced from sx1276mb1mas-board.o(.constdata)
 <LI><a href="#[cb]">SX1276WriteBuffer</a> from sx1276.o(i.SX1276WriteBuffer) referenced from sx1276mb1mas-board.o(.constdata)
 <LI><a href="#[40]">SysTick_Handler</a> from board.o(i.SysTick_Handler) referenced from startup_stm32l151xc.o(RESET)
 <LI><a href="#[75]">SystemInit</a> from system_stm32l1xx.o(i.SystemInit) referenced from startup_stm32l151xc.o(.text)
 <LI><a href="#[43]">TAMPER_STAMP_IRQHandler</a> from startup_stm32l151xc.o(.text) referenced from startup_stm32l151xc.o(RESET)
 <LI><a href="#[5a]">TIM10_IRQHandler</a> from startup_stm32l151xc.o(.text) referenced from startup_stm32l151xc.o(RESET)
 <LI><a href="#[5b]">TIM11_IRQHandler</a> from startup_stm32l151xc.o(.text) referenced from startup_stm32l151xc.o(RESET)
 <LI><a href="#[5c]">TIM2_IRQHandler</a> from startup_stm32l151xc.o(.text) referenced from startup_stm32l151xc.o(RESET)
 <LI><a href="#[5d]">TIM3_IRQHandler</a> from startup_stm32l151xc.o(.text) referenced from startup_stm32l151xc.o(RESET)
 <LI><a href="#[5e]">TIM4_IRQHandler</a> from startup_stm32l151xc.o(.text) referenced from startup_stm32l151xc.o(RESET)
 <LI><a href="#[6d]">TIM5_IRQHandler</a> from startup_stm32l151xc.o(.text) referenced from startup_stm32l151xc.o(RESET)
 <LI><a href="#[6b]">TIM6_IRQHandler</a> from startup_stm32l151xc.o(.text) referenced from startup_stm32l151xc.o(RESET)
 <LI><a href="#[6c]">TIM7_IRQHandler</a> from startup_stm32l151xc.o(.text) referenced from startup_stm32l151xc.o(RESET)
 <LI><a href="#[59]">TIM9_IRQHandler</a> from startup_stm32l151xc.o(.text) referenced from startup_stm32l151xc.o(RESET)
 <LI><a href="#[9b]">UART_DMAAbortOnError</a> from stm32l1xx_hal_uart.o(i.UART_DMAAbortOnError) referenced from stm32l1xx_hal_uart.o(i.HAL_UART_IRQHandler)
 <LI><a href="#[65]">USART1_IRQHandler</a> from startup_stm32l151xc.o(.text) referenced from startup_stm32l151xc.o(RESET)
 <LI><a href="#[66]">USART2_IRQHandler</a> from uart-board.o(i.USART2_IRQHandler) referenced from startup_stm32l151xc.o(RESET)
 <LI><a href="#[67]">USART3_IRQHandler</a> from startup_stm32l151xc.o(.text) referenced from startup_stm32l151xc.o(RESET)
 <LI><a href="#[6a]">USB_FS_WKUP_IRQHandler</a> from startup_stm32l151xc.o(.text) referenced from startup_stm32l151xc.o(RESET)
 <LI><a href="#[54]">USB_HP_IRQHandler</a> from startup_stm32l151xc.o(.text) referenced from startup_stm32l151xc.o(RESET)
 <LI><a href="#[55]">USB_LP_IRQHandler</a> from startup_stm32l151xc.o(.text) referenced from startup_stm32l151xc.o(RESET)
 <LI><a href="#[3c]">UsageFault_Handler</a> from stm32l1xx_it.o(i.UsageFault_Handler) referenced from startup_stm32l151xc.o(RESET)
 <LI><a href="#[41]">WWDG_IRQHandler</a> from startup_stm32l151xc.o(.text) referenced from startup_stm32l151xc.o(RESET)
 <LI><a href="#[d0]">__main</a> from __main.o(!!!main) referenced from startup_stm32l151xc.o(.text)
 <LI><a href="#[7a]">_get_lc_ctype</a> from lc_ctype_c.o(locale$$code) referenced from rt_ctype_table.o(.text)
 <LI><a href="#[78]">_printf_input_char</a> from _printf_char_common.o(.text) referenced from _printf_char_common.o(.text)
 <LI><a href="#[77]">_snputc</a> from _snputc.o(.text) referenced from vsnprintf.o(.text)
 <LI><a href="#[79]">fputc</a> from board.o(i.fputc) referenced from _printf_char_file.o(.text)
</UL>
<P>
<H3>
Global Symbols
</H3>
<P><STRONG><a name="[d0]"></a>__main</STRONG> (Thumb, 8 bytes, Stack size 0 bytes, __main.o(!!!main))
<BR><BR>[Calls]<UL><LI><a href="#[d2]">&gt;&gt;</a>&nbsp;&nbsp;&nbsp;__rt_entry
<LI><a href="#[d1]">&gt;&gt;</a>&nbsp;&nbsp;&nbsp;__scatterload
</UL>

<P><STRONG><a name="[d1]"></a>__scatterload</STRONG> (Thumb, 0 bytes, Stack size unknown bytes, __scatter.o(!!!scatter))
<BR><BR>[Called By]<UL><LI><a href="#[d0]">&gt;&gt;</a>&nbsp;&nbsp;&nbsp;__main
</UL>

<P><STRONG><a name="[d3]"></a>__scatterload_rt2</STRONG> (Thumb, 44 bytes, Stack size unknown bytes, __scatter.o(!!!scatter), UNUSED)
<BR><BR>[Calls]<UL><LI><a href="#[d2]">&gt;&gt;</a>&nbsp;&nbsp;&nbsp;__rt_entry
</UL>

<P><STRONG><a name="[39f]"></a>__scatterload_rt2_thumb_only</STRONG> (Thumb, 0 bytes, Stack size unknown bytes, __scatter.o(!!!scatter), UNUSED)

<P><STRONG><a name="[3a0]"></a>__scatterload_null</STRONG> (Thumb, 0 bytes, Stack size unknown bytes, __scatter.o(!!!scatter), UNUSED)

<P><STRONG><a name="[3a1]"></a>__decompress</STRONG> (Thumb, 90 bytes, Stack size unknown bytes, __dczerorl2.o(!!dczerorl2), UNUSED)

<P><STRONG><a name="[3a2]"></a>__decompress1</STRONG> (Thumb, 0 bytes, Stack size unknown bytes, __dczerorl2.o(!!dczerorl2), UNUSED)

<P><STRONG><a name="[3a3]"></a>__scatterload_zeroinit</STRONG> (Thumb, 28 bytes, Stack size unknown bytes, __scatter_zi.o(!!handler_zi), UNUSED)

<P><STRONG><a name="[d4]"></a>_printf_n</STRONG> (Thumb, 0 bytes, Stack size unknown bytes, _printf_n.o(.ARM.Collect$$_printf_percent$$00000001))
<BR><BR>[Calls]<UL><LI><a href="#[d5]">&gt;&gt;</a>&nbsp;&nbsp;&nbsp;_printf_charcount
</UL>

<P><STRONG><a name="[11a]"></a>_printf_percent</STRONG> (Thumb, 0 bytes, Stack size unknown bytes, _printf_percent.o(.ARM.Collect$$_printf_percent$$00000000))
<BR><BR>[Called By]<UL><LI><a href="#[118]">&gt;&gt;</a>&nbsp;&nbsp;&nbsp;__printf
</UL>

<P><STRONG><a name="[d6]"></a>_printf_p</STRONG> (Thumb, 0 bytes, Stack size unknown bytes, _printf_p.o(.ARM.Collect$$_printf_percent$$00000002))
<BR><BR>[Stack]<UL><LI>Max Depth = 64 + Unknown Stack Size
<LI>Call Chain = _printf_p &rArr; _printf_hex_ptr &rArr; _printf_longlong_hex &rArr; _printf_int_common &rArr; _printf_post_padding
</UL>
<BR>[Calls]<UL><LI><a href="#[d7]">&gt;&gt;</a>&nbsp;&nbsp;&nbsp;_printf_hex_ptr
</UL>

<P><STRONG><a name="[d8]"></a>_printf_f</STRONG> (Thumb, 0 bytes, Stack size unknown bytes, _printf_f.o(.ARM.Collect$$_printf_percent$$00000003))
<BR><BR>[Stack]<UL><LI>Max Depth = 324 + Unknown Stack Size
<LI>Call Chain = _printf_f &rArr; _printf_fp_dec &rArr; _printf_fp_dec_real &rArr; _fp_digits &rArr; _btod_etento &rArr; _btod_emul &rArr; _e2e
</UL>
<BR>[Calls]<UL><LI><a href="#[d9]">&gt;&gt;</a>&nbsp;&nbsp;&nbsp;_printf_fp_dec
</UL>

<P><STRONG><a name="[da]"></a>_printf_e</STRONG> (Thumb, 0 bytes, Stack size unknown bytes, _printf_e.o(.ARM.Collect$$_printf_percent$$00000004))
<BR><BR>[Stack]<UL><LI>Max Depth = 324 + Unknown Stack Size
<LI>Call Chain = _printf_e &rArr; _printf_fp_dec &rArr; _printf_fp_dec_real &rArr; _fp_digits &rArr; _btod_etento &rArr; _btod_emul &rArr; _e2e
</UL>
<BR>[Calls]<UL><LI><a href="#[d9]">&gt;&gt;</a>&nbsp;&nbsp;&nbsp;_printf_fp_dec
</UL>

<P><STRONG><a name="[db]"></a>_printf_g</STRONG> (Thumb, 0 bytes, Stack size unknown bytes, _printf_g.o(.ARM.Collect$$_printf_percent$$00000005))
<BR><BR>[Stack]<UL><LI>Max Depth = 324 + Unknown Stack Size
<LI>Call Chain = _printf_g &rArr; _printf_fp_dec &rArr; _printf_fp_dec_real &rArr; _fp_digits &rArr; _btod_etento &rArr; _btod_emul &rArr; _e2e
</UL>
<BR>[Calls]<UL><LI><a href="#[d9]">&gt;&gt;</a>&nbsp;&nbsp;&nbsp;_printf_fp_dec
</UL>

<P><STRONG><a name="[dc]"></a>_printf_a</STRONG> (Thumb, 0 bytes, Stack size unknown bytes, _printf_a.o(.ARM.Collect$$_printf_percent$$00000006))
<BR><BR>[Stack]<UL><LI>Max Depth = 112 + Unknown Stack Size
<LI>Call Chain = _printf_a &rArr; _printf_fp_hex &rArr; _printf_fp_hex_real &rArr; _printf_fp_infnan &rArr; _printf_post_padding
</UL>
<BR>[Calls]<UL><LI><a href="#[dd]">&gt;&gt;</a>&nbsp;&nbsp;&nbsp;_printf_fp_hex
</UL>

<P><STRONG><a name="[3a4]"></a>_printf_ll</STRONG> (Thumb, 0 bytes, Stack size unknown bytes, _printf_ll.o(.ARM.Collect$$_printf_percent$$00000007))

<P><STRONG><a name="[de]"></a>_printf_i</STRONG> (Thumb, 0 bytes, Stack size unknown bytes, _printf_i.o(.ARM.Collect$$_printf_percent$$00000008))
<BR><BR>[Stack]<UL><LI>Max Depth = 72 + Unknown Stack Size
<LI>Call Chain = _printf_i &rArr; _printf_int_dec &rArr; _printf_int_common &rArr; _printf_post_padding
</UL>
<BR>[Calls]<UL><LI><a href="#[df]">&gt;&gt;</a>&nbsp;&nbsp;&nbsp;_printf_int_dec
</UL>

<P><STRONG><a name="[e0]"></a>_printf_d</STRONG> (Thumb, 0 bytes, Stack size unknown bytes, _printf_d.o(.ARM.Collect$$_printf_percent$$00000009))
<BR><BR>[Stack]<UL><LI>Max Depth = 72 + Unknown Stack Size
<LI>Call Chain = _printf_d &rArr; _printf_int_dec &rArr; _printf_int_common &rArr; _printf_post_padding
</UL>
<BR>[Calls]<UL><LI><a href="#[df]">&gt;&gt;</a>&nbsp;&nbsp;&nbsp;_printf_int_dec
</UL>

<P><STRONG><a name="[e1]"></a>_printf_u</STRONG> (Thumb, 0 bytes, Stack size unknown bytes, _printf_u.o(.ARM.Collect$$_printf_percent$$0000000A))
<BR><BR>[Stack]<UL><LI>Max Depth = 72 + Unknown Stack Size
<LI>Call Chain = _printf_u &rArr; _printf_int_dec &rArr; _printf_int_common &rArr; _printf_post_padding
</UL>
<BR>[Calls]<UL><LI><a href="#[df]">&gt;&gt;</a>&nbsp;&nbsp;&nbsp;_printf_int_dec
</UL>

<P><STRONG><a name="[e2]"></a>_printf_o</STRONG> (Thumb, 0 bytes, Stack size unknown bytes, _printf_o.o(.ARM.Collect$$_printf_percent$$0000000B))
<BR><BR>[Stack]<UL><LI>Max Depth = 64 + Unknown Stack Size
<LI>Call Chain = _printf_o &rArr; _printf_int_oct &rArr; _printf_longlong_oct &rArr; _printf_int_common &rArr; _printf_post_padding
</UL>
<BR>[Calls]<UL><LI><a href="#[e3]">&gt;&gt;</a>&nbsp;&nbsp;&nbsp;_printf_int_oct
</UL>

<P><STRONG><a name="[e4]"></a>_printf_x</STRONG> (Thumb, 0 bytes, Stack size unknown bytes, _printf_x.o(.ARM.Collect$$_printf_percent$$0000000C))
<BR><BR>[Stack]<UL><LI>Max Depth = 80 + Unknown Stack Size
<LI>Call Chain = _printf_x &rArr; _printf_int_hex &rArr; _printf_longlong_hex &rArr; _printf_int_common &rArr; _printf_post_padding
</UL>
<BR>[Calls]<UL><LI><a href="#[e5]">&gt;&gt;</a>&nbsp;&nbsp;&nbsp;_printf_int_hex
</UL>

<P><STRONG><a name="[e6]"></a>_printf_lli</STRONG> (Thumb, 0 bytes, Stack size unknown bytes, _printf_lli.o(.ARM.Collect$$_printf_percent$$0000000D))
<BR><BR>[Stack]<UL><LI>Max Depth = 72 + Unknown Stack Size
<LI>Call Chain = _printf_lli &rArr; _printf_longlong_dec &rArr; _printf_int_common &rArr; _printf_post_padding
</UL>
<BR>[Calls]<UL><LI><a href="#[e7]">&gt;&gt;</a>&nbsp;&nbsp;&nbsp;_printf_longlong_dec
</UL>

<P><STRONG><a name="[e8]"></a>_printf_lld</STRONG> (Thumb, 0 bytes, Stack size unknown bytes, _printf_lld.o(.ARM.Collect$$_printf_percent$$0000000E))
<BR><BR>[Stack]<UL><LI>Max Depth = 72 + Unknown Stack Size
<LI>Call Chain = _printf_lld &rArr; _printf_longlong_dec &rArr; _printf_int_common &rArr; _printf_post_padding
</UL>
<BR>[Calls]<UL><LI><a href="#[e7]">&gt;&gt;</a>&nbsp;&nbsp;&nbsp;_printf_longlong_dec
</UL>

<P><STRONG><a name="[e9]"></a>_printf_llu</STRONG> (Thumb, 0 bytes, Stack size unknown bytes, _printf_llu.o(.ARM.Collect$$_printf_percent$$0000000F))
<BR><BR>[Stack]<UL><LI>Max Depth = 72 + Unknown Stack Size
<LI>Call Chain = _printf_llu &rArr; _printf_longlong_dec &rArr; _printf_int_common &rArr; _printf_post_padding
</UL>
<BR>[Calls]<UL><LI><a href="#[e7]">&gt;&gt;</a>&nbsp;&nbsp;&nbsp;_printf_longlong_dec
</UL>

<P><STRONG><a name="[ea]"></a>_printf_llo</STRONG> (Thumb, 0 bytes, Stack size unknown bytes, _printf_llo.o(.ARM.Collect$$_printf_percent$$00000010))
<BR><BR>[Stack]<UL><LI>Max Depth = 56 + Unknown Stack Size
<LI>Call Chain = _printf_llo &rArr; _printf_ll_oct &rArr; _printf_longlong_oct &rArr; _printf_int_common &rArr; _printf_post_padding
</UL>
<BR>[Calls]<UL><LI><a href="#[eb]">&gt;&gt;</a>&nbsp;&nbsp;&nbsp;_printf_ll_oct
</UL>

<P><STRONG><a name="[ec]"></a>_printf_llx</STRONG> (Thumb, 0 bytes, Stack size unknown bytes, _printf_llx.o(.ARM.Collect$$_printf_percent$$00000011))
<BR><BR>[Stack]<UL><LI>Max Depth = 64 + Unknown Stack Size
<LI>Call Chain = _printf_llx &rArr; _printf_ll_hex &rArr; _printf_longlong_hex &rArr; _printf_int_common &rArr; _printf_post_padding
</UL>
<BR>[Calls]<UL><LI><a href="#[ed]">&gt;&gt;</a>&nbsp;&nbsp;&nbsp;_printf_ll_hex
</UL>

<P><STRONG><a name="[3a5]"></a>_printf_l</STRONG> (Thumb, 0 bytes, Stack size unknown bytes, _printf_l.o(.ARM.Collect$$_printf_percent$$00000012))

<P><STRONG><a name="[ee]"></a>_printf_c</STRONG> (Thumb, 0 bytes, Stack size unknown bytes, _printf_c.o(.ARM.Collect$$_printf_percent$$00000013))
<BR><BR>[Stack]<UL><LI>Max Depth = 40 + Unknown Stack Size
<LI>Call Chain = _printf_c &rArr; _printf_char &rArr; _printf_cs_common &rArr; _printf_str &rArr; _printf_post_padding
</UL>
<BR>[Calls]<UL><LI><a href="#[ef]">&gt;&gt;</a>&nbsp;&nbsp;&nbsp;_printf_char
</UL>

<P><STRONG><a name="[f0]"></a>_printf_s</STRONG> (Thumb, 0 bytes, Stack size unknown bytes, _printf_s.o(.ARM.Collect$$_printf_percent$$00000014))
<BR><BR>[Stack]<UL><LI>Max Depth = 40 + Unknown Stack Size
<LI>Call Chain = _printf_s &rArr; _printf_string &rArr; _printf_cs_common &rArr; _printf_str &rArr; _printf_post_padding
</UL>
<BR>[Calls]<UL><LI><a href="#[f1]">&gt;&gt;</a>&nbsp;&nbsp;&nbsp;_printf_string
</UL>

<P><STRONG><a name="[f2]"></a>_printf_lc</STRONG> (Thumb, 0 bytes, Stack size unknown bytes, _printf_lc.o(.ARM.Collect$$_printf_percent$$00000015))
<BR><BR>[Stack]<UL><LI>Max Depth = 88 + Unknown Stack Size
<LI>Call Chain = _printf_lc &rArr; _printf_wchar &rArr; _printf_lcs_common &rArr; _printf_wctomb &rArr; _wcrtomb &rArr; __rt_ctype_table
</UL>
<BR>[Calls]<UL><LI><a href="#[f3]">&gt;&gt;</a>&nbsp;&nbsp;&nbsp;_printf_wchar
</UL>

<P><STRONG><a name="[f4]"></a>_printf_ls</STRONG> (Thumb, 0 bytes, Stack size unknown bytes, _printf_ls.o(.ARM.Collect$$_printf_percent$$00000016))
<BR><BR>[Stack]<UL><LI>Max Depth = 88 + Unknown Stack Size
<LI>Call Chain = _printf_ls &rArr; _printf_wstring &rArr; _printf_lcs_common &rArr; _printf_wctomb &rArr; _wcrtomb &rArr; __rt_ctype_table
</UL>
<BR>[Calls]<UL><LI><a href="#[f5]">&gt;&gt;</a>&nbsp;&nbsp;&nbsp;_printf_wstring
</UL>

<P><STRONG><a name="[3a6]"></a>_printf_percent_end</STRONG> (Thumb, 0 bytes, Stack size unknown bytes, _printf_percent_end.o(.ARM.Collect$$_printf_percent$$00000017))

<P><STRONG><a name="[104]"></a>__rt_lib_init</STRONG> (Thumb, 0 bytes, Stack size unknown bytes, libinit.o(.ARM.Collect$$libinit$$00000000))
<BR><BR>[Called By]<UL><LI><a href="#[103]">&gt;&gt;</a>&nbsp;&nbsp;&nbsp;__rt_entry_li
</UL>

<P><STRONG><a name="[3a7]"></a>__rt_lib_init_fp_1</STRONG> (Thumb, 0 bytes, Stack size unknown bytes, libinit2.o(.ARM.Collect$$libinit$$00000002))

<P><STRONG><a name="[f6]"></a>__rt_lib_init_heap_2</STRONG> (Thumb, 0 bytes, Stack size unknown bytes, libinit2.o(.ARM.Collect$$libinit$$00000005))
<BR><BR>[Stack]<UL><LI>Max Depth = 64 + Unknown Stack Size
<LI>Call Chain = __rt_lib_init_heap_2 &rArr; _init_alloc &rArr; __rt_SIGRTMEM &rArr; __rt_SIGRTMEM_inner &rArr; __default_signal_display &rArr; _ttywrch
</UL>
<BR>[Calls]<UL><LI><a href="#[f7]">&gt;&gt;</a>&nbsp;&nbsp;&nbsp;_init_alloc
</UL>

<P><STRONG><a name="[3a8]"></a>__rt_lib_init_preinit_1</STRONG> (Thumb, 0 bytes, Stack size unknown bytes, libinit2.o(.ARM.Collect$$libinit$$00000004))

<P><STRONG><a name="[3a9]"></a>__rt_lib_init_heap_1</STRONG> (Thumb, 0 bytes, Stack size unknown bytes, libinit2.o(.ARM.Collect$$libinit$$0000000A))

<P><STRONG><a name="[f8]"></a>__rt_lib_init_lc_common</STRONG> (Thumb, 0 bytes, Stack size unknown bytes, libinit2.o(.ARM.Collect$$libinit$$0000000F))
<BR><BR>[Calls]<UL><LI><a href="#[f9]">&gt;&gt;</a>&nbsp;&nbsp;&nbsp;__rt_locale
</UL>

<P><STRONG><a name="[3aa]"></a>__rt_lib_init_rand_1</STRONG> (Thumb, 0 bytes, Stack size unknown bytes, libinit2.o(.ARM.Collect$$libinit$$0000000E))

<P><STRONG><a name="[3ab]"></a>__rt_lib_init_user_alloc_1</STRONG> (Thumb, 0 bytes, Stack size unknown bytes, libinit2.o(.ARM.Collect$$libinit$$0000000C))

<P><STRONG><a name="[3ac]"></a>__rt_lib_init_lc_collate_1</STRONG> (Thumb, 0 bytes, Stack size unknown bytes, libinit2.o(.ARM.Collect$$libinit$$00000011))

<P><STRONG><a name="[fa]"></a>__rt_lib_init_lc_ctype_2</STRONG> (Thumb, 0 bytes, Stack size unknown bytes, libinit2.o(.ARM.Collect$$libinit$$00000012))
<BR><BR>[Stack]<UL><LI>Max Depth = 8 + Unknown Stack Size
<LI>Call Chain = __rt_lib_init_lc_ctype_2 &rArr; _get_lc_ctype
</UL>
<BR>[Calls]<UL><LI><a href="#[7a]">&gt;&gt;</a>&nbsp;&nbsp;&nbsp;_get_lc_ctype
</UL>

<P><STRONG><a name="[3ad]"></a>__rt_lib_init_lc_ctype_1</STRONG> (Thumb, 0 bytes, Stack size unknown bytes, libinit2.o(.ARM.Collect$$libinit$$00000013))

<P><STRONG><a name="[3ae]"></a>__rt_lib_init_lc_monetary_1</STRONG> (Thumb, 0 bytes, Stack size unknown bytes, libinit2.o(.ARM.Collect$$libinit$$00000015))

<P><STRONG><a name="[fb]"></a>__rt_lib_init_lc_numeric_2</STRONG> (Thumb, 0 bytes, Stack size unknown bytes, libinit2.o(.ARM.Collect$$libinit$$00000016))
<BR><BR>[Stack]<UL><LI>Max Depth = 8 + Unknown Stack Size
<LI>Call Chain = __rt_lib_init_lc_numeric_2 &rArr; _get_lc_numeric
</UL>
<BR>[Calls]<UL><LI><a href="#[fc]">&gt;&gt;</a>&nbsp;&nbsp;&nbsp;_get_lc_numeric
</UL>

<P><STRONG><a name="[3af]"></a>__rt_lib_init_atexit_1</STRONG> (Thumb, 0 bytes, Stack size unknown bytes, libinit2.o(.ARM.Collect$$libinit$$0000001B))

<P><STRONG><a name="[3b0]"></a>__rt_lib_init_clock_1</STRONG> (Thumb, 0 bytes, Stack size unknown bytes, libinit2.o(.ARM.Collect$$libinit$$00000021))

<P><STRONG><a name="[3b1]"></a>__rt_lib_init_fp_trap_1</STRONG> (Thumb, 0 bytes, Stack size unknown bytes, libinit2.o(.ARM.Collect$$libinit$$0000001F))

<P><STRONG><a name="[3b2]"></a>__rt_lib_init_getenv_1</STRONG> (Thumb, 0 bytes, Stack size unknown bytes, libinit2.o(.ARM.Collect$$libinit$$00000023))

<P><STRONG><a name="[3b3]"></a>__rt_lib_init_lc_numeric_1</STRONG> (Thumb, 0 bytes, Stack size unknown bytes, libinit2.o(.ARM.Collect$$libinit$$00000017))

<P><STRONG><a name="[3b4]"></a>__rt_lib_init_lc_time_1</STRONG> (Thumb, 0 bytes, Stack size unknown bytes, libinit2.o(.ARM.Collect$$libinit$$00000019))

<P><STRONG><a name="[3b5]"></a>__rt_lib_init_signal_1</STRONG> (Thumb, 0 bytes, Stack size unknown bytes, libinit2.o(.ARM.Collect$$libinit$$0000001D))

<P><STRONG><a name="[fd]"></a>__rt_lib_init_stdio_2</STRONG> (Thumb, 0 bytes, Stack size unknown bytes, libinit2.o(.ARM.Collect$$libinit$$00000024))
<BR><BR>[Stack]<UL><LI>Max Depth = 136 + Unknown Stack Size
<LI>Call Chain = __rt_lib_init_stdio_2 &rArr; _initio &rArr; freopen &rArr; _fclose_internal &rArr; _fflush &rArr; _writebuf &rArr; _sys_write
</UL>
<BR>[Calls]<UL><LI><a href="#[fe]">&gt;&gt;</a>&nbsp;&nbsp;&nbsp;_initio
</UL>

<P><STRONG><a name="[3b6]"></a>__rt_lib_init_alloca_1</STRONG> (Thumb, 0 bytes, Stack size unknown bytes, libinit2.o(.ARM.Collect$$libinit$$0000002E))

<P><STRONG><a name="[3b7]"></a>__rt_lib_init_argv_1</STRONG> (Thumb, 0 bytes, Stack size unknown bytes, libinit2.o(.ARM.Collect$$libinit$$0000002C))

<P><STRONG><a name="[3b8]"></a>__rt_lib_init_cpp_1</STRONG> (Thumb, 0 bytes, Stack size unknown bytes, libinit2.o(.ARM.Collect$$libinit$$00000032))

<P><STRONG><a name="[3b9]"></a>__rt_lib_init_exceptions_1</STRONG> (Thumb, 0 bytes, Stack size unknown bytes, libinit2.o(.ARM.Collect$$libinit$$00000030))

<P><STRONG><a name="[3ba]"></a>__rt_lib_init_return</STRONG> (Thumb, 0 bytes, Stack size unknown bytes, libinit2.o(.ARM.Collect$$libinit$$00000033))

<P><STRONG><a name="[3bb]"></a>__rt_lib_init_stdio_1</STRONG> (Thumb, 0 bytes, Stack size unknown bytes, libinit2.o(.ARM.Collect$$libinit$$00000025))

<P><STRONG><a name="[109]"></a>__rt_lib_shutdown</STRONG> (Thumb, 0 bytes, Stack size unknown bytes, libshutdown.o(.ARM.Collect$$libshutdown$$00000000))
<BR><BR>[Called By]<UL><LI><a href="#[108]">&gt;&gt;</a>&nbsp;&nbsp;&nbsp;__rt_exit_ls
</UL>

<P><STRONG><a name="[3bc]"></a>__rt_lib_shutdown_cpp_1</STRONG> (Thumb, 0 bytes, Stack size unknown bytes, libshutdown2.o(.ARM.Collect$$libshutdown$$00000004))

<P><STRONG><a name="[3bd]"></a>__rt_lib_shutdown_fini_1</STRONG> (Thumb, 0 bytes, Stack size unknown bytes, libshutdown2.o(.ARM.Collect$$libshutdown$$00000002))

<P><STRONG><a name="[ff]"></a>__rt_lib_shutdown_stdio_2</STRONG> (Thumb, 0 bytes, Stack size unknown bytes, libshutdown2.o(.ARM.Collect$$libshutdown$$00000005))
<BR><BR>[Stack]<UL><LI>Max Depth = 120 + Unknown Stack Size
<LI>Call Chain = __rt_lib_shutdown_stdio_2 &rArr; _terminateio &rArr; _fclose_internal &rArr; _fflush &rArr; _writebuf &rArr; _sys_write
</UL>
<BR>[Calls]<UL><LI><a href="#[100]">&gt;&gt;</a>&nbsp;&nbsp;&nbsp;_terminateio
</UL>

<P><STRONG><a name="[3be]"></a>__rt_lib_shutdown_fp_trap_1</STRONG> (Thumb, 0 bytes, Stack size unknown bytes, libshutdown2.o(.ARM.Collect$$libshutdown$$00000009))

<P><STRONG><a name="[3bf]"></a>__rt_lib_shutdown_heap_1</STRONG> (Thumb, 0 bytes, Stack size unknown bytes, libshutdown2.o(.ARM.Collect$$libshutdown$$00000011))

<P><STRONG><a name="[3c0]"></a>__rt_lib_shutdown_return</STRONG> (Thumb, 0 bytes, Stack size unknown bytes, libshutdown2.o(.ARM.Collect$$libshutdown$$00000012))

<P><STRONG><a name="[3c1]"></a>__rt_lib_shutdown_signal_1</STRONG> (Thumb, 0 bytes, Stack size unknown bytes, libshutdown2.o(.ARM.Collect$$libshutdown$$0000000C))

<P><STRONG><a name="[3c2]"></a>__rt_lib_shutdown_stdio_1</STRONG> (Thumb, 0 bytes, Stack size unknown bytes, libshutdown2.o(.ARM.Collect$$libshutdown$$00000006))

<P><STRONG><a name="[3c3]"></a>__rt_lib_shutdown_user_alloc_1</STRONG> (Thumb, 0 bytes, Stack size unknown bytes, libshutdown2.o(.ARM.Collect$$libshutdown$$0000000E))

<P><STRONG><a name="[d2]"></a>__rt_entry</STRONG> (Thumb, 0 bytes, Stack size unknown bytes, __rtentry.o(.ARM.Collect$$rtentry$$00000000))
<BR><BR>[Called By]<UL><LI><a href="#[d0]">&gt;&gt;</a>&nbsp;&nbsp;&nbsp;__main
<LI><a href="#[d3]">&gt;&gt;</a>&nbsp;&nbsp;&nbsp;__scatterload_rt2
</UL>

<P><STRONG><a name="[3c4]"></a>__rt_entry_presh_1</STRONG> (Thumb, 0 bytes, Stack size unknown bytes, __rtentry2.o(.ARM.Collect$$rtentry$$00000002))

<P><STRONG><a name="[101]"></a>__rt_entry_sh</STRONG> (Thumb, 0 bytes, Stack size unknown bytes, __rtentry4.o(.ARM.Collect$$rtentry$$00000004))
<BR><BR>[Stack]<UL><LI>Max Depth = 8 + Unknown Stack Size
<LI>Call Chain = __rt_entry_sh &rArr; __user_setup_stackheap
</UL>
<BR>[Calls]<UL><LI><a href="#[102]">&gt;&gt;</a>&nbsp;&nbsp;&nbsp;__user_setup_stackheap
</UL>

<P><STRONG><a name="[103]"></a>__rt_entry_li</STRONG> (Thumb, 0 bytes, Stack size unknown bytes, __rtentry2.o(.ARM.Collect$$rtentry$$0000000A))
<BR><BR>[Calls]<UL><LI><a href="#[104]">&gt;&gt;</a>&nbsp;&nbsp;&nbsp;__rt_lib_init
</UL>

<P><STRONG><a name="[3c5]"></a>__rt_entry_postsh_1</STRONG> (Thumb, 0 bytes, Stack size unknown bytes, __rtentry2.o(.ARM.Collect$$rtentry$$00000009))

<P><STRONG><a name="[105]"></a>__rt_entry_main</STRONG> (Thumb, 0 bytes, Stack size unknown bytes, __rtentry2.o(.ARM.Collect$$rtentry$$0000000D))
<BR><BR>[Stack]<UL><LI>Max Depth = 1104 + Unknown Stack Size
<LI>Call Chain = __rt_entry_main &rArr; main &rArr; lorawan_app &rArr; LmHandlerProcess &rArr; LoRaMacProcess &rArr; LoRaMacHandleIrqEvents &rArr; ProcessRadioRxDone &rArr; ProcessMacCommands &rArr; SendReJoinReq &rArr; ScheduleTx &rArr; RegionNextChannel &rArr; RegionCN470NextChannel &rArr; RegionCommonIdentifyChannels &rArr; RegionCommonUpdateBandTimeOff &rArr; UpdateTimeCredits &rArr; SetMaxTimeCredits &rArr; SysTimeToMs &rArr; RtcBkupRead &rArr; HAL_RTCEx_BKUPRead &rArr; assert_failed &rArr; usb_printf &rArr; vsnprintf &rArr; _printf_char_common &rArr; __printf
</UL>
<BR>[Calls]<UL><LI><a href="#[106]">&gt;&gt;</a>&nbsp;&nbsp;&nbsp;main
<LI><a href="#[107]">&gt;&gt;</a>&nbsp;&nbsp;&nbsp;exit
</UL>

<P><STRONG><a name="[3c6]"></a>__rt_entry_postli_1</STRONG> (Thumb, 0 bytes, Stack size unknown bytes, __rtentry2.o(.ARM.Collect$$rtentry$$0000000C))

<P><STRONG><a name="[13b]"></a>__rt_exit</STRONG> (Thumb, 0 bytes, Stack size unknown bytes, rtexit.o(.ARM.Collect$$rtexit$$00000000))
<BR><BR>[Called By]<UL><LI><a href="#[107]">&gt;&gt;</a>&nbsp;&nbsp;&nbsp;exit
</UL>

<P><STRONG><a name="[108]"></a>__rt_exit_ls</STRONG> (Thumb, 0 bytes, Stack size unknown bytes, rtexit2.o(.ARM.Collect$$rtexit$$00000003))
<BR><BR>[Calls]<UL><LI><a href="#[109]">&gt;&gt;</a>&nbsp;&nbsp;&nbsp;__rt_lib_shutdown
</UL>

<P><STRONG><a name="[3c7]"></a>__rt_exit_prels_1</STRONG> (Thumb, 0 bytes, Stack size unknown bytes, rtexit2.o(.ARM.Collect$$rtexit$$00000002))

<P><STRONG><a name="[10a]"></a>__rt_exit_exit</STRONG> (Thumb, 0 bytes, Stack size unknown bytes, rtexit2.o(.ARM.Collect$$rtexit$$00000004))
<BR><BR>[Calls]<UL><LI><a href="#[10b]">&gt;&gt;</a>&nbsp;&nbsp;&nbsp;_sys_exit
</UL>

<P><STRONG><a name="[37]"></a>Reset_Handler</STRONG> (Thumb, 8 bytes, Stack size 0 bytes, startup_stm32l151xc.o(.text))
<BR>[Address Reference Count : 1]<UL><LI> startup_stm32l151xc.o(RESET)
</UL>
<P><STRONG><a name="[3c8]"></a>_maybe_terminate_alloc</STRONG> (Thumb, 0 bytes, Stack size 0 bytes, maybetermalloc1.o(.emb_text), UNUSED)

<P><STRONG><a name="[53]"></a>ADC1_IRQHandler</STRONG> (Thumb, 0 bytes, Stack size 0 bytes, startup_stm32l151xc.o(.text))
<BR><BR>[Calls]<UL><LI><a href="#[53]">&gt;&gt;</a>&nbsp;&nbsp;&nbsp;ADC1_IRQHandler
</UL>
<BR>[Called By]<UL><LI><a href="#[53]">&gt;&gt;</a>&nbsp;&nbsp;&nbsp;ADC1_IRQHandler
</UL>
<BR>[Address Reference Count : 1]<UL><LI> startup_stm32l151xc.o(RESET)
</UL>
<P><STRONG><a name="[74]"></a>COMP_ACQ_IRQHandler</STRONG> (Thumb, 0 bytes, Stack size 0 bytes, startup_stm32l151xc.o(.text))
<BR>[Address Reference Count : 1]<UL><LI> startup_stm32l151xc.o(RESET)
</UL>
<P><STRONG><a name="[57]"></a>COMP_IRQHandler</STRONG> (Thumb, 0 bytes, Stack size 0 bytes, startup_stm32l151xc.o(.text))
<BR>[Address Reference Count : 1]<UL><LI> startup_stm32l151xc.o(RESET)
</UL>
<P><STRONG><a name="[56]"></a>DAC_IRQHandler</STRONG> (Thumb, 0 bytes, Stack size 0 bytes, startup_stm32l151xc.o(.text))
<BR>[Address Reference Count : 1]<UL><LI> startup_stm32l151xc.o(RESET)
</UL>
<P><STRONG><a name="[4c]"></a>DMA1_Channel1_IRQHandler</STRONG> (Thumb, 0 bytes, Stack size 0 bytes, startup_stm32l151xc.o(.text))
<BR>[Address Reference Count : 1]<UL><LI> startup_stm32l151xc.o(RESET)
</UL>
<P><STRONG><a name="[4d]"></a>DMA1_Channel2_IRQHandler</STRONG> (Thumb, 0 bytes, Stack size 0 bytes, startup_stm32l151xc.o(.text))
<BR>[Address Reference Count : 1]<UL><LI> startup_stm32l151xc.o(RESET)
</UL>
<P><STRONG><a name="[4e]"></a>DMA1_Channel3_IRQHandler</STRONG> (Thumb, 0 bytes, Stack size 0 bytes, startup_stm32l151xc.o(.text))
<BR>[Address Reference Count : 1]<UL><LI> startup_stm32l151xc.o(RESET)
</UL>
<P><STRONG><a name="[4f]"></a>DMA1_Channel4_IRQHandler</STRONG> (Thumb, 0 bytes, Stack size 0 bytes, startup_stm32l151xc.o(.text))
<BR>[Address Reference Count : 1]<UL><LI> startup_stm32l151xc.o(RESET)
</UL>
<P><STRONG><a name="[50]"></a>DMA1_Channel5_IRQHandler</STRONG> (Thumb, 0 bytes, Stack size 0 bytes, startup_stm32l151xc.o(.text))
<BR>[Address Reference Count : 1]<UL><LI> startup_stm32l151xc.o(RESET)
</UL>
<P><STRONG><a name="[51]"></a>DMA1_Channel6_IRQHandler</STRONG> (Thumb, 0 bytes, Stack size 0 bytes, startup_stm32l151xc.o(.text))
<BR>[Address Reference Count : 1]<UL><LI> startup_stm32l151xc.o(RESET)
</UL>
<P><STRONG><a name="[52]"></a>DMA1_Channel7_IRQHandler</STRONG> (Thumb, 0 bytes, Stack size 0 bytes, startup_stm32l151xc.o(.text))
<BR>[Address Reference Count : 1]<UL><LI> startup_stm32l151xc.o(RESET)
</UL>
<P><STRONG><a name="[6f]"></a>DMA2_Channel1_IRQHandler</STRONG> (Thumb, 0 bytes, Stack size 0 bytes, startup_stm32l151xc.o(.text))
<BR>[Address Reference Count : 1]<UL><LI> startup_stm32l151xc.o(RESET)
</UL>
<P><STRONG><a name="[70]"></a>DMA2_Channel2_IRQHandler</STRONG> (Thumb, 0 bytes, Stack size 0 bytes, startup_stm32l151xc.o(.text))
<BR>[Address Reference Count : 1]<UL><LI> startup_stm32l151xc.o(RESET)
</UL>
<P><STRONG><a name="[71]"></a>DMA2_Channel3_IRQHandler</STRONG> (Thumb, 0 bytes, Stack size 0 bytes, startup_stm32l151xc.o(.text))
<BR>[Address Reference Count : 1]<UL><LI> startup_stm32l151xc.o(RESET)
</UL>
<P><STRONG><a name="[72]"></a>DMA2_Channel4_IRQHandler</STRONG> (Thumb, 0 bytes, Stack size 0 bytes, startup_stm32l151xc.o(.text))
<BR>[Address Reference Count : 1]<UL><LI> startup_stm32l151xc.o(RESET)
</UL>
<P><STRONG><a name="[73]"></a>DMA2_Channel5_IRQHandler</STRONG> (Thumb, 0 bytes, Stack size 0 bytes, startup_stm32l151xc.o(.text))
<BR>[Address Reference Count : 1]<UL><LI> startup_stm32l151xc.o(RESET)
</UL>
<P><STRONG><a name="[45]"></a>FLASH_IRQHandler</STRONG> (Thumb, 0 bytes, Stack size 0 bytes, startup_stm32l151xc.o(.text))
<BR>[Address Reference Count : 1]<UL><LI> startup_stm32l151xc.o(RESET)
</UL>
<P><STRONG><a name="[60]"></a>I2C1_ER_IRQHandler</STRONG> (Thumb, 0 bytes, Stack size 0 bytes, startup_stm32l151xc.o(.text))
<BR>[Address Reference Count : 1]<UL><LI> startup_stm32l151xc.o(RESET)
</UL>
<P><STRONG><a name="[5f]"></a>I2C1_EV_IRQHandler</STRONG> (Thumb, 0 bytes, Stack size 0 bytes, startup_stm32l151xc.o(.text))
<BR>[Address Reference Count : 1]<UL><LI> startup_stm32l151xc.o(RESET)
</UL>
<P><STRONG><a name="[62]"></a>I2C2_ER_IRQHandler</STRONG> (Thumb, 0 bytes, Stack size 0 bytes, startup_stm32l151xc.o(.text))
<BR>[Address Reference Count : 1]<UL><LI> startup_stm32l151xc.o(RESET)
</UL>
<P><STRONG><a name="[61]"></a>I2C2_EV_IRQHandler</STRONG> (Thumb, 0 bytes, Stack size 0 bytes, startup_stm32l151xc.o(.text))
<BR>[Address Reference Count : 1]<UL><LI> startup_stm32l151xc.o(RESET)
</UL>
<P><STRONG><a name="[42]"></a>PVD_IRQHandler</STRONG> (Thumb, 0 bytes, Stack size 0 bytes, startup_stm32l151xc.o(.text))
<BR>[Address Reference Count : 1]<UL><LI> startup_stm32l151xc.o(RESET)
</UL>
<P><STRONG><a name="[46]"></a>RCC_IRQHandler</STRONG> (Thumb, 0 bytes, Stack size 0 bytes, startup_stm32l151xc.o(.text))
<BR>[Address Reference Count : 1]<UL><LI> startup_stm32l151xc.o(RESET)
</UL>
<P><STRONG><a name="[44]"></a>RTC_WKUP_IRQHandler</STRONG> (Thumb, 0 bytes, Stack size 0 bytes, startup_stm32l151xc.o(.text))
<BR>[Address Reference Count : 1]<UL><LI> startup_stm32l151xc.o(RESET)
</UL>
<P><STRONG><a name="[63]"></a>SPI1_IRQHandler</STRONG> (Thumb, 0 bytes, Stack size 0 bytes, startup_stm32l151xc.o(.text))
<BR>[Address Reference Count : 1]<UL><LI> startup_stm32l151xc.o(RESET)
</UL>
<P><STRONG><a name="[64]"></a>SPI2_IRQHandler</STRONG> (Thumb, 0 bytes, Stack size 0 bytes, startup_stm32l151xc.o(.text))
<BR>[Address Reference Count : 1]<UL><LI> startup_stm32l151xc.o(RESET)
</UL>
<P><STRONG><a name="[6e]"></a>SPI3_IRQHandler</STRONG> (Thumb, 0 bytes, Stack size 0 bytes, startup_stm32l151xc.o(.text))
<BR>[Address Reference Count : 1]<UL><LI> startup_stm32l151xc.o(RESET)
</UL>
<P><STRONG><a name="[43]"></a>TAMPER_STAMP_IRQHandler</STRONG> (Thumb, 0 bytes, Stack size 0 bytes, startup_stm32l151xc.o(.text))
<BR>[Address Reference Count : 1]<UL><LI> startup_stm32l151xc.o(RESET)
</UL>
<P><STRONG><a name="[5a]"></a>TIM10_IRQHandler</STRONG> (Thumb, 0 bytes, Stack size 0 bytes, startup_stm32l151xc.o(.text))
<BR>[Address Reference Count : 1]<UL><LI> startup_stm32l151xc.o(RESET)
</UL>
<P><STRONG><a name="[5b]"></a>TIM11_IRQHandler</STRONG> (Thumb, 0 bytes, Stack size 0 bytes, startup_stm32l151xc.o(.text))
<BR>[Address Reference Count : 1]<UL><LI> startup_stm32l151xc.o(RESET)
</UL>
<P><STRONG><a name="[5c]"></a>TIM2_IRQHandler</STRONG> (Thumb, 0 bytes, Stack size 0 bytes, startup_stm32l151xc.o(.text))
<BR>[Address Reference Count : 1]<UL><LI> startup_stm32l151xc.o(RESET)
</UL>
<P><STRONG><a name="[5d]"></a>TIM3_IRQHandler</STRONG> (Thumb, 0 bytes, Stack size 0 bytes, startup_stm32l151xc.o(.text))
<BR>[Address Reference Count : 1]<UL><LI> startup_stm32l151xc.o(RESET)
</UL>
<P><STRONG><a name="[5e]"></a>TIM4_IRQHandler</STRONG> (Thumb, 0 bytes, Stack size 0 bytes, startup_stm32l151xc.o(.text))
<BR>[Address Reference Count : 1]<UL><LI> startup_stm32l151xc.o(RESET)
</UL>
<P><STRONG><a name="[6d]"></a>TIM5_IRQHandler</STRONG> (Thumb, 0 bytes, Stack size 0 bytes, startup_stm32l151xc.o(.text))
<BR>[Address Reference Count : 1]<UL><LI> startup_stm32l151xc.o(RESET)
</UL>
<P><STRONG><a name="[6b]"></a>TIM6_IRQHandler</STRONG> (Thumb, 0 bytes, Stack size 0 bytes, startup_stm32l151xc.o(.text))
<BR>[Address Reference Count : 1]<UL><LI> startup_stm32l151xc.o(RESET)
</UL>
<P><STRONG><a name="[6c]"></a>TIM7_IRQHandler</STRONG> (Thumb, 0 bytes, Stack size 0 bytes, startup_stm32l151xc.o(.text))
<BR>[Address Reference Count : 1]<UL><LI> startup_stm32l151xc.o(RESET)
</UL>
<P><STRONG><a name="[59]"></a>TIM9_IRQHandler</STRONG> (Thumb, 0 bytes, Stack size 0 bytes, startup_stm32l151xc.o(.text))
<BR>[Address Reference Count : 1]<UL><LI> startup_stm32l151xc.o(RESET)
</UL>
<P><STRONG><a name="[65]"></a>USART1_IRQHandler</STRONG> (Thumb, 0 bytes, Stack size 0 bytes, startup_stm32l151xc.o(.text))
<BR>[Address Reference Count : 1]<UL><LI> startup_stm32l151xc.o(RESET)
</UL>
<P><STRONG><a name="[67]"></a>USART3_IRQHandler</STRONG> (Thumb, 0 bytes, Stack size 0 bytes, startup_stm32l151xc.o(.text))
<BR>[Address Reference Count : 1]<UL><LI> startup_stm32l151xc.o(RESET)
</UL>
<P><STRONG><a name="[6a]"></a>USB_FS_WKUP_IRQHandler</STRONG> (Thumb, 0 bytes, Stack size 0 bytes, startup_stm32l151xc.o(.text))
<BR>[Address Reference Count : 1]<UL><LI> startup_stm32l151xc.o(RESET)
</UL>
<P><STRONG><a name="[54]"></a>USB_HP_IRQHandler</STRONG> (Thumb, 0 bytes, Stack size 0 bytes, startup_stm32l151xc.o(.text))
<BR>[Address Reference Count : 1]<UL><LI> startup_stm32l151xc.o(RESET)
</UL>
<P><STRONG><a name="[55]"></a>USB_LP_IRQHandler</STRONG> (Thumb, 0 bytes, Stack size 0 bytes, startup_stm32l151xc.o(.text))
<BR>[Address Reference Count : 1]<UL><LI> startup_stm32l151xc.o(RESET)
</UL>
<P><STRONG><a name="[41]"></a>WWDG_IRQHandler</STRONG> (Thumb, 0 bytes, Stack size 0 bytes, startup_stm32l151xc.o(.text))
<BR>[Address Reference Count : 1]<UL><LI> startup_stm32l151xc.o(RESET)
</UL>
<P><STRONG><a name="[133]"></a>__user_initial_stackheap</STRONG> (Thumb, 0 bytes, Stack size unknown bytes, startup_stm32l151xc.o(.text))
<BR><BR>[Called By]<UL><LI><a href="#[102]">&gt;&gt;</a>&nbsp;&nbsp;&nbsp;__user_setup_stackheap
</UL>

<P><STRONG><a name="[1f8]"></a>__aeabi_uldivmod</STRONG> (Thumb, 0 bytes, Stack size 48 bytes, lludivv7m.o(.text))
<BR><BR>[Stack]<UL><LI>Max Depth = 48<LI>Call Chain = __aeabi_uldivmod
</UL>
<BR>[Called By]<UL><LI><a href="#[1f4]">&gt;&gt;</a>&nbsp;&nbsp;&nbsp;HAL_RCC_GetSysClockFreq
<LI><a href="#[33c]">&gt;&gt;</a>&nbsp;&nbsp;&nbsp;RtcMs2Tick
</UL>

<P><STRONG><a name="[3c9]"></a>_ll_udiv</STRONG> (Thumb, 238 bytes, Stack size 48 bytes, lludivv7m.o(.text), UNUSED)

<P><STRONG><a name="[10c]"></a>vsnprintf</STRONG> (Thumb, 48 bytes, Stack size 24 bytes, vsnprintf.o(.text))
<BR><BR>[Stack]<UL><LI>Max Depth = 128 + Unknown Stack Size
<LI>Call Chain = vsnprintf &rArr; _printf_char_common &rArr; __printf
</UL>
<BR>[Calls]<UL><LI><a href="#[10e]">&gt;&gt;</a>&nbsp;&nbsp;&nbsp;_sputc
<LI><a href="#[10d]">&gt;&gt;</a>&nbsp;&nbsp;&nbsp;_printf_char_common
</UL>
<BR>[Called By]<UL><LI><a href="#[19c]">&gt;&gt;</a>&nbsp;&nbsp;&nbsp;usb_printf
</UL>

<P><STRONG><a name="[10f]"></a>__2printf</STRONG> (Thumb, 20 bytes, Stack size 24 bytes, __2printf.o(.text))
<BR><BR>[Stack]<UL><LI>Max Depth = 144 + Unknown Stack Size
<LI>Call Chain = __2printf &rArr; _printf_char_file &rArr; _printf_char_common &rArr; __printf
</UL>
<BR>[Calls]<UL><LI><a href="#[110]">&gt;&gt;</a>&nbsp;&nbsp;&nbsp;_printf_char_file
</UL>
<BR>[Called By]<UL><LI><a href="#[385]">&gt;&gt;</a>&nbsp;&nbsp;&nbsp;lorawan_app
<LI><a href="#[186]">&gt;&gt;</a>&nbsp;&nbsp;&nbsp;CliProcess
<LI><a href="#[31]">&gt;&gt;</a>&nbsp;&nbsp;&nbsp;LmhpRemoteMcastSetupOnMcpsIndication
</UL>

<P><STRONG><a name="[112]"></a>_printf_pre_padding</STRONG> (Thumb, 44 bytes, Stack size 16 bytes, _printf_pad.o(.text))
<BR><BR>[Stack]<UL><LI>Max Depth = 16<LI>Call Chain = _printf_pre_padding
</UL>
<BR>[Called By]<UL><LI><a href="#[129]">&gt;&gt;</a>&nbsp;&nbsp;&nbsp;_printf_fp_hex_real
<LI><a href="#[126]">&gt;&gt;</a>&nbsp;&nbsp;&nbsp;_printf_fp_dec_real
<LI><a href="#[11d]">&gt;&gt;</a>&nbsp;&nbsp;&nbsp;_printf_wctomb
<LI><a href="#[116]">&gt;&gt;</a>&nbsp;&nbsp;&nbsp;_printf_int_common
<LI><a href="#[111]">&gt;&gt;</a>&nbsp;&nbsp;&nbsp;_printf_str
<LI><a href="#[128]">&gt;&gt;</a>&nbsp;&nbsp;&nbsp;_printf_fp_infnan
</UL>

<P><STRONG><a name="[113]"></a>_printf_post_padding</STRONG> (Thumb, 34 bytes, Stack size 16 bytes, _printf_pad.o(.text))
<BR><BR>[Stack]<UL><LI>Max Depth = 16<LI>Call Chain = _printf_post_padding
</UL>
<BR>[Called By]<UL><LI><a href="#[129]">&gt;&gt;</a>&nbsp;&nbsp;&nbsp;_printf_fp_hex_real
<LI><a href="#[126]">&gt;&gt;</a>&nbsp;&nbsp;&nbsp;_printf_fp_dec_real
<LI><a href="#[11d]">&gt;&gt;</a>&nbsp;&nbsp;&nbsp;_printf_wctomb
<LI><a href="#[116]">&gt;&gt;</a>&nbsp;&nbsp;&nbsp;_printf_int_common
<LI><a href="#[111]">&gt;&gt;</a>&nbsp;&nbsp;&nbsp;_printf_str
<LI><a href="#[128]">&gt;&gt;</a>&nbsp;&nbsp;&nbsp;_printf_fp_infnan
</UL>

<P><STRONG><a name="[111]"></a>_printf_str</STRONG> (Thumb, 82 bytes, Stack size 16 bytes, _printf_str.o(.text))
<BR><BR>[Stack]<UL><LI>Max Depth = 32<LI>Call Chain = _printf_str &rArr; _printf_post_padding
</UL>
<BR>[Calls]<UL><LI><a href="#[113]">&gt;&gt;</a>&nbsp;&nbsp;&nbsp;_printf_post_padding
<LI><a href="#[112]">&gt;&gt;</a>&nbsp;&nbsp;&nbsp;_printf_pre_padding
</UL>
<BR>[Called By]<UL><LI><a href="#[11b]">&gt;&gt;</a>&nbsp;&nbsp;&nbsp;_printf_cs_common
</UL>

<P><STRONG><a name="[df]"></a>_printf_int_dec</STRONG> (Thumb, 104 bytes, Stack size 24 bytes, _printf_dec.o(.text))
<BR><BR>[Stack]<UL><LI>Max Depth = 72<LI>Call Chain = _printf_int_dec &rArr; _printf_int_common &rArr; _printf_post_padding
</UL>
<BR>[Calls]<UL><LI><a href="#[116]">&gt;&gt;</a>&nbsp;&nbsp;&nbsp;_printf_int_common
<LI><a href="#[115]">&gt;&gt;</a>&nbsp;&nbsp;&nbsp;_printf_truncate_unsigned
<LI><a href="#[114]">&gt;&gt;</a>&nbsp;&nbsp;&nbsp;_printf_truncate_signed
</UL>
<BR>[Called By]<UL><LI><a href="#[de]">&gt;&gt;</a>&nbsp;&nbsp;&nbsp;_printf_i
<LI><a href="#[e1]">&gt;&gt;</a>&nbsp;&nbsp;&nbsp;_printf_u
<LI><a href="#[e0]">&gt;&gt;</a>&nbsp;&nbsp;&nbsp;_printf_d
</UL>

<P><STRONG><a name="[117]"></a>_printf_longlong_hex</STRONG> (Thumb, 86 bytes, Stack size 16 bytes, _printf_hex_int_ll_ptr.o(.text))
<BR><BR>[Stack]<UL><LI>Max Depth = 64<LI>Call Chain = _printf_longlong_hex &rArr; _printf_int_common &rArr; _printf_post_padding
</UL>
<BR>[Calls]<UL><LI><a href="#[116]">&gt;&gt;</a>&nbsp;&nbsp;&nbsp;_printf_int_common
</UL>
<BR>[Called By]<UL><LI><a href="#[d7]">&gt;&gt;</a>&nbsp;&nbsp;&nbsp;_printf_hex_ptr
<LI><a href="#[ed]">&gt;&gt;</a>&nbsp;&nbsp;&nbsp;_printf_ll_hex
<LI><a href="#[e5]">&gt;&gt;</a>&nbsp;&nbsp;&nbsp;_printf_int_hex
</UL>

<P><STRONG><a name="[e5]"></a>_printf_int_hex</STRONG> (Thumb, 28 bytes, Stack size 16 bytes, _printf_hex_int_ll_ptr.o(.text))
<BR><BR>[Stack]<UL><LI>Max Depth = 80<LI>Call Chain = _printf_int_hex &rArr; _printf_longlong_hex &rArr; _printf_int_common &rArr; _printf_post_padding
</UL>
<BR>[Calls]<UL><LI><a href="#[115]">&gt;&gt;</a>&nbsp;&nbsp;&nbsp;_printf_truncate_unsigned
<LI><a href="#[117]">&gt;&gt;</a>&nbsp;&nbsp;&nbsp;_printf_longlong_hex
</UL>
<BR>[Called By]<UL><LI><a href="#[e4]">&gt;&gt;</a>&nbsp;&nbsp;&nbsp;_printf_x
</UL>

<P><STRONG><a name="[ed]"></a>_printf_ll_hex</STRONG> (Thumb, 12 bytes, Stack size 0 bytes, _printf_hex_int_ll_ptr.o(.text))
<BR><BR>[Stack]<UL><LI>Max Depth = 64<LI>Call Chain = _printf_ll_hex &rArr; _printf_longlong_hex &rArr; _printf_int_common &rArr; _printf_post_padding
</UL>
<BR>[Calls]<UL><LI><a href="#[117]">&gt;&gt;</a>&nbsp;&nbsp;&nbsp;_printf_longlong_hex
</UL>
<BR>[Called By]<UL><LI><a href="#[ec]">&gt;&gt;</a>&nbsp;&nbsp;&nbsp;_printf_llx
</UL>

<P><STRONG><a name="[d7]"></a>_printf_hex_ptr</STRONG> (Thumb, 18 bytes, Stack size 0 bytes, _printf_hex_int_ll_ptr.o(.text))
<BR><BR>[Stack]<UL><LI>Max Depth = 64<LI>Call Chain = _printf_hex_ptr &rArr; _printf_longlong_hex &rArr; _printf_int_common &rArr; _printf_post_padding
</UL>
<BR>[Calls]<UL><LI><a href="#[117]">&gt;&gt;</a>&nbsp;&nbsp;&nbsp;_printf_longlong_hex
</UL>
<BR>[Called By]<UL><LI><a href="#[d6]">&gt;&gt;</a>&nbsp;&nbsp;&nbsp;_printf_p
</UL>

<P><STRONG><a name="[118]"></a>__printf</STRONG> (Thumb, 388 bytes, Stack size 40 bytes, __printf_flags_ss_wp.o(.text))
<BR><BR>[Stack]<UL><LI>Max Depth = 40 + Unknown Stack Size
<LI>Call Chain = __printf
</UL>
<BR>[Calls]<UL><LI><a href="#[11a]">&gt;&gt;</a>&nbsp;&nbsp;&nbsp;_printf_percent
<LI><a href="#[119]">&gt;&gt;</a>&nbsp;&nbsp;&nbsp;_is_digit
</UL>
<BR>[Called By]<UL><LI><a href="#[10d]">&gt;&gt;</a>&nbsp;&nbsp;&nbsp;_printf_char_common
</UL>

<P><STRONG><a name="[1a6]"></a>__aeabi_memcpy4</STRONG> (Thumb, 0 bytes, Stack size 8 bytes, rt_memcpy_w.o(.text))
<BR><BR>[Stack]<UL><LI>Max Depth = 8<LI>Call Chain = __aeabi_memcpy4
</UL>
<BR>[Called By]<UL><LI><a href="#[24f]">&gt;&gt;</a>&nbsp;&nbsp;&nbsp;LoRaMacMcpsRequest
<LI><a href="#[9f]">&gt;&gt;</a>&nbsp;&nbsp;&nbsp;MlmeIndication
<LI><a href="#[2a8]">&gt;&gt;</a>&nbsp;&nbsp;&nbsp;SecureElementInit
<LI><a href="#[1a5]">&gt;&gt;</a>&nbsp;&nbsp;&nbsp;DisplayRxUpdate
<LI><a href="#[2b5]">&gt;&gt;</a>&nbsp;&nbsp;&nbsp;SwitchClass
<LI><a href="#[2a6]">&gt;&gt;</a>&nbsp;&nbsp;&nbsp;ResetMacParameters
<LI><a href="#[25e]">&gt;&gt;</a>&nbsp;&nbsp;&nbsp;LoRaMacMcChannelSetup
<LI><a href="#[25f]">&gt;&gt;</a>&nbsp;&nbsp;&nbsp;LoRaMacMcChannelDelete
<LI><a href="#[31]">&gt;&gt;</a>&nbsp;&nbsp;&nbsp;LmhpRemoteMcastSetupOnMcpsIndication
<LI><a href="#[2c]">&gt;&gt;</a>&nbsp;&nbsp;&nbsp;LmhpFragmentationOnMcpsIndication
<LI><a href="#[27]">&gt;&gt;</a>&nbsp;&nbsp;&nbsp;LmhpComplianceOnMlmeIndication
<LI><a href="#[25]">&gt;&gt;</a>&nbsp;&nbsp;&nbsp;LmhpComplianceOnMcpsIndication
<LI><a href="#[82]">&gt;&gt;</a>&nbsp;&nbsp;&nbsp;RegionCN470A20GetRx2Frequency
<LI><a href="#[30f]">&gt;&gt;</a>&nbsp;&nbsp;&nbsp;RegionCN470InitDefaults
<LI><a href="#[33e]">&gt;&gt;</a>&nbsp;&nbsp;&nbsp;RtcStartAlarm
</UL>

<P><STRONG><a name="[3ca]"></a>__aeabi_memcpy8</STRONG> (Thumb, 0 bytes, Stack size 8 bytes, rt_memcpy_w.o(.text), UNUSED)

<P><STRONG><a name="[3cb]"></a>__rt_memcpy_w</STRONG> (Thumb, 100 bytes, Stack size 8 bytes, rt_memcpy_w.o(.text), UNUSED)

<P><STRONG><a name="[3cc]"></a>_memcpy_lastbytes_aligned</STRONG> (Thumb, 0 bytes, Stack size unknown bytes, rt_memcpy_w.o(.text), UNUSED)

<P><STRONG><a name="[12b]"></a>__aeabi_memclr4</STRONG> (Thumb, 0 bytes, Stack size 4 bytes, rt_memclr_w.o(.text))
<BR><BR>[Stack]<UL><LI>Max Depth = 4<LI>Call Chain = __aeabi_memclr4
</UL>
<BR>[Called By]<UL><LI><a href="#[21c]">&gt;&gt;</a>&nbsp;&nbsp;&nbsp;HAL_UART_MspInit
<LI><a href="#[20e]">&gt;&gt;</a>&nbsp;&nbsp;&nbsp;HAL_SPI_MspInit
<LI><a href="#[1e6]">&gt;&gt;</a>&nbsp;&nbsp;&nbsp;HAL_ADC_MspInit
<LI><a href="#[2d5]">&gt;&gt;</a>&nbsp;&nbsp;&nbsp;MX_RTC_Init
<LI><a href="#[2d4]">&gt;&gt;</a>&nbsp;&nbsp;&nbsp;MX_GPIO_Init
<LI><a href="#[36a]">&gt;&gt;</a>&nbsp;&nbsp;&nbsp;SystemClock_Config
<LI><a href="#[27d]">&gt;&gt;</a>&nbsp;&nbsp;&nbsp;SecureElementProcessJoinAccept
<LI><a href="#[27c]">&gt;&gt;</a>&nbsp;&nbsp;&nbsp;LoRaMacCryptoHandleJoinAccept
<LI><a href="#[314]">&gt;&gt;</a>&nbsp;&nbsp;&nbsp;RegionCN470NextChannel
<LI><a href="#[c5]">&gt;&gt;</a>&nbsp;&nbsp;&nbsp;SX1276SetRx
<LI><a href="#[fe]">&gt;&gt;</a>&nbsp;&nbsp;&nbsp;_initio
<LI><a href="#[12f]">&gt;&gt;</a>&nbsp;&nbsp;&nbsp;_fclose_internal
<LI><a href="#[137]">&gt;&gt;</a>&nbsp;&nbsp;&nbsp;fopen
</UL>

<P><STRONG><a name="[3cd]"></a>__aeabi_memclr8</STRONG> (Thumb, 0 bytes, Stack size 4 bytes, rt_memclr_w.o(.text), UNUSED)

<P><STRONG><a name="[3ce]"></a>__rt_memclr_w</STRONG> (Thumb, 78 bytes, Stack size 4 bytes, rt_memclr_w.o(.text), UNUSED)

<P><STRONG><a name="[3cf]"></a>_memset_w</STRONG> (Thumb, 0 bytes, Stack size unknown bytes, rt_memclr_w.o(.text), UNUSED)

<P><STRONG><a name="[379]"></a>strcmp</STRONG> (Thumb, 128 bytes, Stack size 0 bytes, strcmpv7m.o(.text))
<BR><BR>[Called By]<UL><LI><a href="#[135]">&gt;&gt;</a>&nbsp;&nbsp;&nbsp;_sys_open
<LI><a href="#[7a]">&gt;&gt;</a>&nbsp;&nbsp;&nbsp;_get_lc_ctype
<LI><a href="#[fc]">&gt;&gt;</a>&nbsp;&nbsp;&nbsp;_get_lc_numeric
</UL>

<P><STRONG><a name="[3d0]"></a>__use_two_region_memory</STRONG> (Thumb, 2 bytes, Stack size 0 bytes, heapauxi.o(.text), UNUSED)

<P><STRONG><a name="[8]"></a>__rt_heap_escrow</STRONG> (Thumb, 2 bytes, Stack size 0 bytes, heapauxi.o(.text), UNUSED)

<P><STRONG><a name="[7]"></a>__rt_heap_expand</STRONG> (Thumb, 2 bytes, Stack size 0 bytes, heapauxi.o(.text), UNUSED)

<P><STRONG><a name="[114]"></a>_printf_truncate_signed</STRONG> (Thumb, 18 bytes, Stack size 0 bytes, _printf_truncate.o(.text))
<BR><BR>[Called By]<UL><LI><a href="#[df]">&gt;&gt;</a>&nbsp;&nbsp;&nbsp;_printf_int_dec
</UL>

<P><STRONG><a name="[115]"></a>_printf_truncate_unsigned</STRONG> (Thumb, 18 bytes, Stack size 0 bytes, _printf_truncate.o(.text))
<BR><BR>[Called By]<UL><LI><a href="#[e3]">&gt;&gt;</a>&nbsp;&nbsp;&nbsp;_printf_int_oct
<LI><a href="#[e5]">&gt;&gt;</a>&nbsp;&nbsp;&nbsp;_printf_int_hex
<LI><a href="#[df]">&gt;&gt;</a>&nbsp;&nbsp;&nbsp;_printf_int_dec
</UL>

<P><STRONG><a name="[116]"></a>_printf_int_common</STRONG> (Thumb, 178 bytes, Stack size 32 bytes, _printf_intcommon.o(.text))
<BR><BR>[Stack]<UL><LI>Max Depth = 48<LI>Call Chain = _printf_int_common &rArr; _printf_post_padding
</UL>
<BR>[Calls]<UL><LI><a href="#[113]">&gt;&gt;</a>&nbsp;&nbsp;&nbsp;_printf_post_padding
<LI><a href="#[112]">&gt;&gt;</a>&nbsp;&nbsp;&nbsp;_printf_pre_padding
</UL>
<BR>[Called By]<UL><LI><a href="#[120]">&gt;&gt;</a>&nbsp;&nbsp;&nbsp;_printf_longlong_oct
<LI><a href="#[e7]">&gt;&gt;</a>&nbsp;&nbsp;&nbsp;_printf_longlong_dec
<LI><a href="#[117]">&gt;&gt;</a>&nbsp;&nbsp;&nbsp;_printf_longlong_hex
<LI><a href="#[df]">&gt;&gt;</a>&nbsp;&nbsp;&nbsp;_printf_int_dec
</UL>

<P><STRONG><a name="[d5]"></a>_printf_charcount</STRONG> (Thumb, 40 bytes, Stack size 0 bytes, _printf_charcount.o(.text))
<BR><BR>[Called By]<UL><LI><a href="#[d4]">&gt;&gt;</a>&nbsp;&nbsp;&nbsp;_printf_n
</UL>

<P><STRONG><a name="[10d]"></a>_printf_char_common</STRONG> (Thumb, 32 bytes, Stack size 64 bytes, _printf_char_common.o(.text))
<BR><BR>[Stack]<UL><LI>Max Depth = 104 + Unknown Stack Size
<LI>Call Chain = _printf_char_common &rArr; __printf
</UL>
<BR>[Calls]<UL><LI><a href="#[118]">&gt;&gt;</a>&nbsp;&nbsp;&nbsp;__printf
</UL>
<BR>[Called By]<UL><LI><a href="#[110]">&gt;&gt;</a>&nbsp;&nbsp;&nbsp;_printf_char_file
<LI><a href="#[10c]">&gt;&gt;</a>&nbsp;&nbsp;&nbsp;vsnprintf
</UL>

<P><STRONG><a name="[10e]"></a>_sputc</STRONG> (Thumb, 10 bytes, Stack size 0 bytes, _sputc.o(.text))
<BR><BR>[Called By]<UL><LI><a href="#[10c]">&gt;&gt;</a>&nbsp;&nbsp;&nbsp;vsnprintf
</UL>

<P><STRONG><a name="[77]"></a>_snputc</STRONG> (Thumb, 16 bytes, Stack size 0 bytes, _snputc.o(.text))
<BR>[Address Reference Count : 1]<UL><LI> vsnprintf.o(.text)
</UL>
<P><STRONG><a name="[11b]"></a>_printf_cs_common</STRONG> (Thumb, 20 bytes, Stack size 8 bytes, _printf_char.o(.text))
<BR><BR>[Stack]<UL><LI>Max Depth = 40<LI>Call Chain = _printf_cs_common &rArr; _printf_str &rArr; _printf_post_padding
</UL>
<BR>[Calls]<UL><LI><a href="#[111]">&gt;&gt;</a>&nbsp;&nbsp;&nbsp;_printf_str
</UL>
<BR>[Called By]<UL><LI><a href="#[f1]">&gt;&gt;</a>&nbsp;&nbsp;&nbsp;_printf_string
<LI><a href="#[ef]">&gt;&gt;</a>&nbsp;&nbsp;&nbsp;_printf_char
</UL>

<P><STRONG><a name="[ef]"></a>_printf_char</STRONG> (Thumb, 16 bytes, Stack size 0 bytes, _printf_char.o(.text))
<BR><BR>[Stack]<UL><LI>Max Depth = 40<LI>Call Chain = _printf_char &rArr; _printf_cs_common &rArr; _printf_str &rArr; _printf_post_padding
</UL>
<BR>[Calls]<UL><LI><a href="#[11b]">&gt;&gt;</a>&nbsp;&nbsp;&nbsp;_printf_cs_common
</UL>
<BR>[Called By]<UL><LI><a href="#[ee]">&gt;&gt;</a>&nbsp;&nbsp;&nbsp;_printf_c
</UL>

<P><STRONG><a name="[f1]"></a>_printf_string</STRONG> (Thumb, 8 bytes, Stack size 0 bytes, _printf_char.o(.text))
<BR><BR>[Stack]<UL><LI>Max Depth = 40<LI>Call Chain = _printf_string &rArr; _printf_cs_common &rArr; _printf_str &rArr; _printf_post_padding
</UL>
<BR>[Calls]<UL><LI><a href="#[11b]">&gt;&gt;</a>&nbsp;&nbsp;&nbsp;_printf_cs_common
</UL>
<BR>[Called By]<UL><LI><a href="#[f0]">&gt;&gt;</a>&nbsp;&nbsp;&nbsp;_printf_s
</UL>

<P><STRONG><a name="[110]"></a>_printf_char_file</STRONG> (Thumb, 32 bytes, Stack size 16 bytes, _printf_char_file.o(.text))
<BR><BR>[Stack]<UL><LI>Max Depth = 120 + Unknown Stack Size
<LI>Call Chain = _printf_char_file &rArr; _printf_char_common &rArr; __printf
</UL>
<BR>[Calls]<UL><LI><a href="#[11c]">&gt;&gt;</a>&nbsp;&nbsp;&nbsp;ferror
<LI><a href="#[10d]">&gt;&gt;</a>&nbsp;&nbsp;&nbsp;_printf_char_common
</UL>
<BR>[Called By]<UL><LI><a href="#[10f]">&gt;&gt;</a>&nbsp;&nbsp;&nbsp;__2printf
</UL>

<P><STRONG><a name="[11d]"></a>_printf_wctomb</STRONG> (Thumb, 182 bytes, Stack size 56 bytes, _printf_wctomb.o(.text))
<BR><BR>[Stack]<UL><LI>Max Depth = 80<LI>Call Chain = _printf_wctomb &rArr; _wcrtomb &rArr; __rt_ctype_table
</UL>
<BR>[Calls]<UL><LI><a href="#[11e]">&gt;&gt;</a>&nbsp;&nbsp;&nbsp;_wcrtomb
<LI><a href="#[113]">&gt;&gt;</a>&nbsp;&nbsp;&nbsp;_printf_post_padding
<LI><a href="#[112]">&gt;&gt;</a>&nbsp;&nbsp;&nbsp;_printf_pre_padding
</UL>
<BR>[Called By]<UL><LI><a href="#[12a]">&gt;&gt;</a>&nbsp;&nbsp;&nbsp;_printf_lcs_common
</UL>

<P><STRONG><a name="[e7]"></a>_printf_longlong_dec</STRONG> (Thumb, 108 bytes, Stack size 24 bytes, _printf_longlong_dec.o(.text))
<BR><BR>[Stack]<UL><LI>Max Depth = 72<LI>Call Chain = _printf_longlong_dec &rArr; _printf_int_common &rArr; _printf_post_padding
</UL>
<BR>[Calls]<UL><LI><a href="#[11f]">&gt;&gt;</a>&nbsp;&nbsp;&nbsp;_ll_udiv10
<LI><a href="#[116]">&gt;&gt;</a>&nbsp;&nbsp;&nbsp;_printf_int_common
</UL>
<BR>[Called By]<UL><LI><a href="#[e9]">&gt;&gt;</a>&nbsp;&nbsp;&nbsp;_printf_llu
<LI><a href="#[e8]">&gt;&gt;</a>&nbsp;&nbsp;&nbsp;_printf_lld
<LI><a href="#[e6]">&gt;&gt;</a>&nbsp;&nbsp;&nbsp;_printf_lli
</UL>

<P><STRONG><a name="[120]"></a>_printf_longlong_oct</STRONG> (Thumb, 66 bytes, Stack size 8 bytes, _printf_oct_int_ll.o(.text))
<BR><BR>[Stack]<UL><LI>Max Depth = 56<LI>Call Chain = _printf_longlong_oct &rArr; _printf_int_common &rArr; _printf_post_padding
</UL>
<BR>[Calls]<UL><LI><a href="#[116]">&gt;&gt;</a>&nbsp;&nbsp;&nbsp;_printf_int_common
</UL>
<BR>[Called By]<UL><LI><a href="#[eb]">&gt;&gt;</a>&nbsp;&nbsp;&nbsp;_printf_ll_oct
<LI><a href="#[e3]">&gt;&gt;</a>&nbsp;&nbsp;&nbsp;_printf_int_oct
</UL>

<P><STRONG><a name="[e3]"></a>_printf_int_oct</STRONG> (Thumb, 24 bytes, Stack size 8 bytes, _printf_oct_int_ll.o(.text))
<BR><BR>[Stack]<UL><LI>Max Depth = 64<LI>Call Chain = _printf_int_oct &rArr; _printf_longlong_oct &rArr; _printf_int_common &rArr; _printf_post_padding
</UL>
<BR>[Calls]<UL><LI><a href="#[120]">&gt;&gt;</a>&nbsp;&nbsp;&nbsp;_printf_longlong_oct
<LI><a href="#[115]">&gt;&gt;</a>&nbsp;&nbsp;&nbsp;_printf_truncate_unsigned
</UL>
<BR>[Called By]<UL><LI><a href="#[e2]">&gt;&gt;</a>&nbsp;&nbsp;&nbsp;_printf_o
</UL>

<P><STRONG><a name="[eb]"></a>_printf_ll_oct</STRONG> (Thumb, 12 bytes, Stack size 0 bytes, _printf_oct_int_ll.o(.text))
<BR><BR>[Stack]<UL><LI>Max Depth = 56<LI>Call Chain = _printf_ll_oct &rArr; _printf_longlong_oct &rArr; _printf_int_common &rArr; _printf_post_padding
</UL>
<BR>[Calls]<UL><LI><a href="#[120]">&gt;&gt;</a>&nbsp;&nbsp;&nbsp;_printf_longlong_oct
</UL>
<BR>[Called By]<UL><LI><a href="#[ea]">&gt;&gt;</a>&nbsp;&nbsp;&nbsp;_printf_llo
</UL>

<P><STRONG><a name="[11f]"></a>_ll_udiv10</STRONG> (Thumb, 138 bytes, Stack size 12 bytes, lludiv10.o(.text))
<BR><BR>[Stack]<UL><LI>Max Depth = 12<LI>Call Chain = _ll_udiv10
</UL>
<BR>[Called By]<UL><LI><a href="#[121]">&gt;&gt;</a>&nbsp;&nbsp;&nbsp;_fp_digits
<LI><a href="#[e7]">&gt;&gt;</a>&nbsp;&nbsp;&nbsp;_printf_longlong_dec
</UL>

<P><STRONG><a name="[3d1]"></a>__lib_sel_fp_printf</STRONG> (Thumb, 2 bytes, Stack size 0 bytes, _printf_fp_dec.o(.text), UNUSED)

<P><STRONG><a name="[126]"></a>_printf_fp_dec_real</STRONG> (Thumb, 620 bytes, Stack size 104 bytes, _printf_fp_dec.o(.text))
<BR><BR>[Stack]<UL><LI>Max Depth = 324<LI>Call Chain = _printf_fp_dec_real &rArr; _fp_digits &rArr; _btod_etento &rArr; _btod_emul &rArr; _e2e
</UL>
<BR>[Calls]<UL><LI><a href="#[121]">&gt;&gt;</a>&nbsp;&nbsp;&nbsp;_fp_digits
<LI><a href="#[113]">&gt;&gt;</a>&nbsp;&nbsp;&nbsp;_printf_post_padding
<LI><a href="#[112]">&gt;&gt;</a>&nbsp;&nbsp;&nbsp;_printf_pre_padding
<LI><a href="#[127]">&gt;&gt;</a>&nbsp;&nbsp;&nbsp;__ARM_fpclassify
<LI><a href="#[128]">&gt;&gt;</a>&nbsp;&nbsp;&nbsp;_printf_fp_infnan
<LI><a href="#[f9]">&gt;&gt;</a>&nbsp;&nbsp;&nbsp;__rt_locale
</UL>
<BR>[Called By]<UL><LI><a href="#[d9]">&gt;&gt;</a>&nbsp;&nbsp;&nbsp;_printf_fp_dec
</UL>

<P><STRONG><a name="[129]"></a>_printf_fp_hex_real</STRONG> (Thumb, 756 bytes, Stack size 72 bytes, _printf_fp_hex.o(.text))
<BR><BR>[Stack]<UL><LI>Max Depth = 112<LI>Call Chain = _printf_fp_hex_real &rArr; _printf_fp_infnan &rArr; _printf_post_padding
</UL>
<BR>[Calls]<UL><LI><a href="#[113]">&gt;&gt;</a>&nbsp;&nbsp;&nbsp;_printf_post_padding
<LI><a href="#[112]">&gt;&gt;</a>&nbsp;&nbsp;&nbsp;_printf_pre_padding
<LI><a href="#[127]">&gt;&gt;</a>&nbsp;&nbsp;&nbsp;__ARM_fpclassify
<LI><a href="#[128]">&gt;&gt;</a>&nbsp;&nbsp;&nbsp;_printf_fp_infnan
</UL>
<BR>[Called By]<UL><LI><a href="#[dd]">&gt;&gt;</a>&nbsp;&nbsp;&nbsp;_printf_fp_hex
</UL>

<P><STRONG><a name="[12a]"></a>_printf_lcs_common</STRONG> (Thumb, 20 bytes, Stack size 8 bytes, _printf_wchar.o(.text))
<BR><BR>[Stack]<UL><LI>Max Depth = 88<LI>Call Chain = _printf_lcs_common &rArr; _printf_wctomb &rArr; _wcrtomb &rArr; __rt_ctype_table
</UL>
<BR>[Calls]<UL><LI><a href="#[11d]">&gt;&gt;</a>&nbsp;&nbsp;&nbsp;_printf_wctomb
</UL>
<BR>[Called By]<UL><LI><a href="#[f5]">&gt;&gt;</a>&nbsp;&nbsp;&nbsp;_printf_wstring
<LI><a href="#[f3]">&gt;&gt;</a>&nbsp;&nbsp;&nbsp;_printf_wchar
</UL>

<P><STRONG><a name="[f3]"></a>_printf_wchar</STRONG> (Thumb, 16 bytes, Stack size 0 bytes, _printf_wchar.o(.text))
<BR><BR>[Stack]<UL><LI>Max Depth = 88<LI>Call Chain = _printf_wchar &rArr; _printf_lcs_common &rArr; _printf_wctomb &rArr; _wcrtomb &rArr; __rt_ctype_table
</UL>
<BR>[Calls]<UL><LI><a href="#[12a]">&gt;&gt;</a>&nbsp;&nbsp;&nbsp;_printf_lcs_common
</UL>
<BR>[Called By]<UL><LI><a href="#[f2]">&gt;&gt;</a>&nbsp;&nbsp;&nbsp;_printf_lc
</UL>

<P><STRONG><a name="[f5]"></a>_printf_wstring</STRONG> (Thumb, 8 bytes, Stack size 0 bytes, _printf_wchar.o(.text))
<BR><BR>[Stack]<UL><LI>Max Depth = 88<LI>Call Chain = _printf_wstring &rArr; _printf_lcs_common &rArr; _printf_wctomb &rArr; _wcrtomb &rArr; __rt_ctype_table
</UL>
<BR>[Calls]<UL><LI><a href="#[12a]">&gt;&gt;</a>&nbsp;&nbsp;&nbsp;_printf_lcs_common
</UL>
<BR>[Called By]<UL><LI><a href="#[f4]">&gt;&gt;</a>&nbsp;&nbsp;&nbsp;_printf_ls
</UL>

<P><STRONG><a name="[11c]"></a>ferror</STRONG> (Thumb, 8 bytes, Stack size 0 bytes, ferror.o(.text))
<BR><BR>[Called By]<UL><LI><a href="#[110]">&gt;&gt;</a>&nbsp;&nbsp;&nbsp;_printf_char_file
</UL>

<P><STRONG><a name="[fe]"></a>_initio</STRONG> (Thumb, 210 bytes, Stack size 8 bytes, initio.o(.text))
<BR><BR>[Stack]<UL><LI>Max Depth = 136<LI>Call Chain = _initio &rArr; freopen &rArr; _fclose_internal &rArr; _fflush &rArr; _writebuf &rArr; _sys_write
</UL>
<BR>[Calls]<UL><LI><a href="#[12b]">&gt;&gt;</a>&nbsp;&nbsp;&nbsp;__aeabi_memclr4
<LI><a href="#[12d]">&gt;&gt;</a>&nbsp;&nbsp;&nbsp;__rt_SIGRTRED
<LI><a href="#[12c]">&gt;&gt;</a>&nbsp;&nbsp;&nbsp;freopen
[...]
<BR><BR>[Stack]<UL><LI>Max Depth = 12<LI>Call Chain = CountChannels
</UL>
<BR>[Called By]<UL><LI><a href="#[312]">&gt;&gt;</a>&nbsp;&nbsp;&nbsp;RegionCommonCountChannels
</UL>

<P><STRONG><a name="[329]"></a>GetDutyCycle</STRONG> (Thumb, 66 bytes, Stack size 28 bytes, regioncommon.o(i.GetDutyCycle))
<BR><BR>[Stack]<UL><LI>Max Depth = 28<LI>Call Chain = GetDutyCycle
</UL>
<BR>[Called By]<UL><LI><a href="#[31b]">&gt;&gt;</a>&nbsp;&nbsp;&nbsp;RegionCommonSetBandTxDone
<LI><a href="#[362]">&gt;&gt;</a>&nbsp;&nbsp;&nbsp;SetMaxTimeCredits
</UL>

<P><STRONG><a name="[362]"></a>SetMaxTimeCredits</STRONG> (Thumb, 216 bytes, Stack size 80 bytes, regioncommon.o(i.SetMaxTimeCredits))
<BR><BR>[Stack]<UL><LI>Max Depth = 312 + Unknown Stack Size
<LI>Call Chain = SetMaxTimeCredits &rArr; SysTimeToMs &rArr; RtcBkupRead &rArr; HAL_RTCEx_BKUPRead &rArr; assert_failed &rArr; usb_printf &rArr; vsnprintf &rArr; _printf_char_common &rArr; __printf
</UL>
<BR>[Calls]<UL><LI><a href="#[2f5]">&gt;&gt;</a>&nbsp;&nbsp;&nbsp;SysTimeSub
<LI><a href="#[32b]">&gt;&gt;</a>&nbsp;&nbsp;&nbsp;SysTimeToMs
<LI><a href="#[363]">&gt;&gt;</a>&nbsp;&nbsp;&nbsp;SysTimeFromMs
<LI><a href="#[329]">&gt;&gt;</a>&nbsp;&nbsp;&nbsp;GetDutyCycle
</UL>
<BR>[Called By]<UL><LI><a href="#[32a]">&gt;&gt;</a>&nbsp;&nbsp;&nbsp;UpdateTimeCredits
</UL>

<P><STRONG><a name="[32a]"></a>UpdateTimeCredits</STRONG> (Thumb, 72 bytes, Stack size 40 bytes, regioncommon.o(i.UpdateTimeCredits))
<BR><BR>[Stack]<UL><LI>Max Depth = 352 + Unknown Stack Size
<LI>Call Chain = UpdateTimeCredits &rArr; SetMaxTimeCredits &rArr; SysTimeToMs &rArr; RtcBkupRead &rArr; HAL_RTCEx_BKUPRead &rArr; assert_failed &rArr; usb_printf &rArr; vsnprintf &rArr; _printf_char_common &rArr; __printf
</UL>
<BR>[Calls]<UL><LI><a href="#[22e]">&gt;&gt;</a>&nbsp;&nbsp;&nbsp;TimerGetElapsedTime
<LI><a href="#[362]">&gt;&gt;</a>&nbsp;&nbsp;&nbsp;SetMaxTimeCredits
</UL>
<BR>[Called By]<UL><LI><a href="#[328]">&gt;&gt;</a>&nbsp;&nbsp;&nbsp;RegionCommonUpdateBandTimeOff
</UL>

<P><STRONG><a name="[1bf]"></a>FifoNext</STRONG> (Thumb, 20 bytes, Stack size 8 bytes, fifo.o(i.FifoNext))
<BR><BR>[Stack]<UL><LI>Max Depth = 8<LI>Call Chain = FifoNext
</UL>
<BR>[Called By]<UL><LI><a href="#[220]">&gt;&gt;</a>&nbsp;&nbsp;&nbsp;IsFifoFull
<LI><a href="#[1c0]">&gt;&gt;</a>&nbsp;&nbsp;&nbsp;FifoPush
<LI><a href="#[1be]">&gt;&gt;</a>&nbsp;&nbsp;&nbsp;FifoPop
</UL>

<P><STRONG><a name="[370]"></a>TimerExists</STRONG> (Thumb, 26 bytes, Stack size 0 bytes, timer.o(i.TimerExists))
<BR><BR>[Called By]<UL><LI><a href="#[25d]">&gt;&gt;</a>&nbsp;&nbsp;&nbsp;TimerStart
</UL>

<P><STRONG><a name="[36c]"></a>TimerInsertNewHeadTimer</STRONG> (Thumb, 28 bytes, Stack size 16 bytes, timer.o(i.TimerInsertNewHeadTimer))
<BR><BR>[Stack]<UL><LI>Max Depth = 288 + Unknown Stack Size
<LI>Call Chain = TimerInsertNewHeadTimer &rArr; TimerSetTimeout &rArr; RtcSetAlarm &rArr; RtcGetTimerElapsedTime &rArr; RtcGetCalendarValue &rArr; HAL_RTC_GetTime &rArr; assert_failed &rArr; usb_printf &rArr; vsnprintf &rArr; _printf_char_common &rArr; __printf
</UL>
<BR>[Calls]<UL><LI><a href="#[36d]">&gt;&gt;</a>&nbsp;&nbsp;&nbsp;TimerSetTimeout
</UL>
<BR>[Called By]<UL><LI><a href="#[25d]">&gt;&gt;</a>&nbsp;&nbsp;&nbsp;TimerStart
</UL>

<P><STRONG><a name="[371]"></a>TimerInsertTimer</STRONG> (Thumb, 46 bytes, Stack size 8 bytes, timer.o(i.TimerInsertTimer))
<BR><BR>[Stack]<UL><LI>Max Depth = 8<LI>Call Chain = TimerInsertTimer
</UL>
<BR>[Called By]<UL><LI><a href="#[25d]">&gt;&gt;</a>&nbsp;&nbsp;&nbsp;TimerStart
</UL>

<P><STRONG><a name="[36d]"></a>TimerSetTimeout</STRONG> (Thumb, 42 bytes, Stack size 16 bytes, timer.o(i.TimerSetTimeout))
<BR><BR>[Stack]<UL><LI>Max Depth = 272 + Unknown Stack Size
<LI>Call Chain = TimerSetTimeout &rArr; RtcSetAlarm &rArr; RtcGetTimerElapsedTime &rArr; RtcGetCalendarValue &rArr; HAL_RTC_GetTime &rArr; assert_failed &rArr; usb_printf &rArr; vsnprintf &rArr; _printf_char_common &rArr; __printf
</UL>
<BR>[Calls]<UL><LI><a href="#[33d]">&gt;&gt;</a>&nbsp;&nbsp;&nbsp;RtcSetAlarm
<LI><a href="#[338]">&gt;&gt;</a>&nbsp;&nbsp;&nbsp;RtcGetTimerElapsedTime
<LI><a href="#[36f]">&gt;&gt;</a>&nbsp;&nbsp;&nbsp;RtcGetMinimumTimeout
</UL>
<BR>[Called By]<UL><LI><a href="#[22f]">&gt;&gt;</a>&nbsp;&nbsp;&nbsp;TimerStop
<LI><a href="#[1fe]">&gt;&gt;</a>&nbsp;&nbsp;&nbsp;TimerIrqHandler
<LI><a href="#[36c]">&gt;&gt;</a>&nbsp;&nbsp;&nbsp;TimerInsertNewHeadTimer
</UL>

<P><STRONG><a name="[16a]"></a>BoardUnusedIoInit</STRONG> (Thumb, 16 bytes, Stack size 8 bytes, board.o(i.BoardUnusedIoInit))
<BR><BR>[Stack]<UL><LI>Max Depth = 8<LI>Call Chain = BoardUnusedIoInit
</UL>
<BR>[Calls]<UL><LI><a href="#[176]">&gt;&gt;</a>&nbsp;&nbsp;&nbsp;HAL_DBGMCU_EnableDBGStopMode
<LI><a href="#[177]">&gt;&gt;</a>&nbsp;&nbsp;&nbsp;HAL_DBGMCU_EnableDBGStandbyMode
<LI><a href="#[175]">&gt;&gt;</a>&nbsp;&nbsp;&nbsp;HAL_DBGMCU_EnableDBGSleepMode
</UL>
<BR>[Called By]<UL><LI><a href="#[164]">&gt;&gt;</a>&nbsp;&nbsp;&nbsp;BoardInitMcu
</UL>

<P><STRONG><a name="[16c]"></a>SystemClockReConfig</STRONG> (Thumb, 126 bytes, Stack size 8 bytes, board.o(i.SystemClockReConfig))
<BR><BR>[Stack]<UL><LI>Max Depth = 8<LI>Call Chain = SystemClockReConfig
</UL>
<BR>[Called By]<UL><LI><a href="#[164]">&gt;&gt;</a>&nbsp;&nbsp;&nbsp;BoardInitMcu
</UL>

<P><STRONG><a name="[336]"></a>RtcGetCalendarValue</STRONG> (Thumb, 190 bytes, Stack size 32 bytes, rtc-board.o(i.RtcGetCalendarValue))
<BR><BR>[Stack]<UL><LI>Max Depth = 216 + Unknown Stack Size
<LI>Call Chain = RtcGetCalendarValue &rArr; HAL_RTC_GetTime &rArr; assert_failed &rArr; usb_printf &rArr; vsnprintf &rArr; _printf_char_common &rArr; __printf
</UL>
<BR>[Calls]<UL><LI><a href="#[202]">&gt;&gt;</a>&nbsp;&nbsp;&nbsp;HAL_RTC_GetTime
<LI><a href="#[200]">&gt;&gt;</a>&nbsp;&nbsp;&nbsp;HAL_RTC_GetDate
</UL>
<BR>[Called By]<UL><LI><a href="#[33b]">&gt;&gt;</a>&nbsp;&nbsp;&nbsp;RtcSetTimerContext
<LI><a href="#[339]">&gt;&gt;</a>&nbsp;&nbsp;&nbsp;RtcGetTimerValue
<LI><a href="#[338]">&gt;&gt;</a>&nbsp;&nbsp;&nbsp;RtcGetTimerElapsedTime
<LI><a href="#[335]">&gt;&gt;</a>&nbsp;&nbsp;&nbsp;RtcGetCalendarTime
</UL>

<P><STRONG><a name="[356]"></a>SX1276GetPaSelect</STRONG> (Thumb, 6 bytes, Stack size 0 bytes, sx1276mb1mas-board.o(i.SX1276GetPaSelect))
<BR><BR>[Called By]<UL><LI><a href="#[355]">&gt;&gt;</a>&nbsp;&nbsp;&nbsp;SX1276SetRfTxPower
</UL>

<P><STRONG><a name="[34c]"></a>GetFskBandwidthRegValue</STRONG> (Thumb, 50 bytes, Stack size 0 bytes, sx1276.o(i.GetFskBandwidthRegValue))
<BR><BR>[Called By]<UL><LI><a href="#[be]">&gt;&gt;</a>&nbsp;&nbsp;&nbsp;SX1276SetRxConfig
<LI><a href="#[bc]">&gt;&gt;</a>&nbsp;&nbsp;&nbsp;SX1276IsChannelFree
</UL>

<P><STRONG><a name="[340]"></a>RxChainCalibration</STRONG> (Thumb, 156 bytes, Stack size 24 bytes, sx1276.o(i.RxChainCalibration))
<BR><BR>[Stack]<UL><LI>Max Depth = 288 + Unknown Stack Size
<LI>Call Chain = RxChainCalibration &rArr; SX1276SetChannel &rArr; SX1276Write &rArr; SX1276WriteBuffer &rArr; GpioWrite &rArr; GpioMcuWrite &rArr; HAL_GPIO_WritePin &rArr; assert_failed &rArr; usb_printf &rArr; vsnprintf &rArr; _printf_char_common &rArr; __printf
</UL>
<BR>[Calls]<UL><LI><a href="#[341]">&gt;&gt;</a>&nbsp;&nbsp;&nbsp;SX1276ConvertPllStepToFreqInHz
<LI><a href="#[c9]">&gt;&gt;</a>&nbsp;&nbsp;&nbsp;SX1276Write
<LI><a href="#[bb]">&gt;&gt;</a>&nbsp;&nbsp;&nbsp;SX1276SetChannel
<LI><a href="#[ca]">&gt;&gt;</a>&nbsp;&nbsp;&nbsp;SX1276Read
</UL>
<BR>[Called By]<UL><LI><a href="#[b3]">&gt;&gt;</a>&nbsp;&nbsp;&nbsp;SX1276OnTimeoutIrq
<LI><a href="#[b8]">&gt;&gt;</a>&nbsp;&nbsp;&nbsp;SX1276Init
</UL>

<P><STRONG><a name="[354]"></a>SX1276ConvertFreqInHzToPllStep</STRONG> (Thumb, 36 bytes, Stack size 8 bytes, sx1276.o(i.SX1276ConvertFreqInHzToPllStep))
<BR><BR>[Stack]<UL><LI>Max Depth = 8<LI>Call Chain = SX1276ConvertFreqInHzToPllStep
</UL>
<BR>[Called By]<UL><LI><a href="#[bf]">&gt;&gt;</a>&nbsp;&nbsp;&nbsp;SX1276SetTxConfig
<LI><a href="#[bb]">&gt;&gt;</a>&nbsp;&nbsp;&nbsp;SX1276SetChannel
</UL>

<P><STRONG><a name="[341]"></a>SX1276ConvertPllStepToFreqInHz</STRONG> (Thumb, 32 bytes, Stack size 12 bytes, sx1276.o(i.SX1276ConvertPllStepToFreqInHz))
<BR><BR>[Stack]<UL><LI>Max Depth = 12<LI>Call Chain = SX1276ConvertPllStepToFreqInHz
</UL>
<BR>[Called By]<UL><LI><a href="#[34]">&gt;&gt;</a>&nbsp;&nbsp;&nbsp;SX1276OnDio2Irq
<LI><a href="#[340]">&gt;&gt;</a>&nbsp;&nbsp;&nbsp;RxChainCalibration
</UL>

<P><STRONG><a name="[345]"></a>SX1276GetGfskTimeOnAirNumerator</STRONG> (Thumb, 38 bytes, Stack size 16 bytes, sx1276.o(i.SX1276GetGfskTimeOnAirNumerator))
<BR><BR>[Stack]<UL><LI>Max Depth = 16<LI>Call Chain = SX1276GetGfskTimeOnAirNumerator
</UL>
<BR>[Called By]<UL><LI><a href="#[c1]">&gt;&gt;</a>&nbsp;&nbsp;&nbsp;SX1276GetTimeOnAir
</UL>

<P><STRONG><a name="[347]"></a>SX1276GetLoRaBandwidthInHz</STRONG> (Thumb, 32 bytes, Stack size 0 bytes, sx1276.o(i.SX1276GetLoRaBandwidthInHz))
<BR><BR>[Called By]<UL><LI><a href="#[c1]">&gt;&gt;</a>&nbsp;&nbsp;&nbsp;SX1276GetTimeOnAir
</UL>

<P><STRONG><a name="[346]"></a>SX1276GetLoRaTimeOnAirNumerator</STRONG> (Thumb, 176 bytes, Stack size 36 bytes, sx1276.o(i.SX1276GetLoRaTimeOnAirNumerator))
<BR><BR>[Stack]<UL><LI>Max Depth = 36<LI>Call Chain = SX1276GetLoRaTimeOnAirNumerator
</UL>
<BR>[Called By]<UL><LI><a href="#[c1]">&gt;&gt;</a>&nbsp;&nbsp;&nbsp;SX1276GetTimeOnAir
</UL>

<P><STRONG><a name="[32]"></a>SX1276OnDio0Irq</STRONG> (Thumb, 862 bytes, Stack size 24 bytes, sx1276.o(i.SX1276OnDio0Irq))
<BR><BR>[Stack]<UL><LI>Max Depth = 320 + Unknown Stack Size
<LI>Call Chain = SX1276OnDio0Irq &rArr; TimerStop &rArr; TimerSetTimeout &rArr; RtcSetAlarm &rArr; RtcGetTimerElapsedTime &rArr; RtcGetCalendarValue &rArr; HAL_RTC_GetTime &rArr; assert_failed &rArr; usb_printf &rArr; vsnprintf &rArr; _printf_char_common &rArr; __printf
</UL>
<BR>[Calls]<UL><LI><a href="#[22f]">&gt;&gt;</a>&nbsp;&nbsp;&nbsp;TimerStop
<LI><a href="#[34d]">&gt;&gt;</a>&nbsp;&nbsp;&nbsp;SX1276ReadFifo
<LI><a href="#[c9]">&gt;&gt;</a>&nbsp;&nbsp;&nbsp;SX1276Write
<LI><a href="#[ca]">&gt;&gt;</a>&nbsp;&nbsp;&nbsp;SX1276Read
</UL>
<BR>[Address Reference Count : 1]<UL><LI> sx1276.o(.data)
</UL>
<P><STRONG><a name="[33]"></a>SX1276OnDio1Irq</STRONG> (Thumb, 448 bytes, Stack size 8 bytes, sx1276.o(i.SX1276OnDio1Irq))
<BR><BR>[Stack]<UL><LI>Max Depth = 304 + Unknown Stack Size
<LI>Call Chain = SX1276OnDio1Irq &rArr; TimerStop &rArr; TimerSetTimeout &rArr; RtcSetAlarm &rArr; RtcGetTimerElapsedTime &rArr; RtcGetCalendarValue &rArr; HAL_RTC_GetTime &rArr; assert_failed &rArr; usb_printf &rArr; vsnprintf &rArr; _printf_char_common &rArr; __printf
</UL>
<BR>[Calls]<UL><LI><a href="#[22f]">&gt;&gt;</a>&nbsp;&nbsp;&nbsp;TimerStop
<LI><a href="#[34e]">&gt;&gt;</a>&nbsp;&nbsp;&nbsp;SX1276WriteFifo
<LI><a href="#[34d]">&gt;&gt;</a>&nbsp;&nbsp;&nbsp;SX1276ReadFifo
<LI><a href="#[c9]">&gt;&gt;</a>&nbsp;&nbsp;&nbsp;SX1276Write
<LI><a href="#[ca]">&gt;&gt;</a>&nbsp;&nbsp;&nbsp;SX1276Read
<LI><a href="#[344]">&gt;&gt;</a>&nbsp;&nbsp;&nbsp;SX1276GetDio1PinState
</UL>
<BR>[Address Reference Count : 1]<UL><LI> sx1276.o(.data)
</UL>
<P><STRONG><a name="[34]"></a>SX1276OnDio2Irq</STRONG> (Thumb, 292 bytes, Stack size 16 bytes, sx1276.o(i.SX1276OnDio2Irq))
<BR><BR>[Stack]<UL><LI>Max Depth = 312 + Unknown Stack Size
<LI>Call Chain = SX1276OnDio2Irq &rArr; TimerStop &rArr; TimerSetTimeout &rArr; RtcSetAlarm &rArr; RtcGetTimerElapsedTime &rArr; RtcGetCalendarValue &rArr; HAL_RTC_GetTime &rArr; assert_failed &rArr; usb_printf &rArr; vsnprintf &rArr; _printf_char_common &rArr; __printf
</UL>
<BR>[Calls]<UL><LI><a href="#[22f]">&gt;&gt;</a>&nbsp;&nbsp;&nbsp;TimerStop
<LI><a href="#[341]">&gt;&gt;</a>&nbsp;&nbsp;&nbsp;SX1276ConvertPllStepToFreqInHz
<LI><a href="#[c9]">&gt;&gt;</a>&nbsp;&nbsp;&nbsp;SX1276Write
<LI><a href="#[ca]">&gt;&gt;</a>&nbsp;&nbsp;&nbsp;SX1276Read
</UL>
<BR>[Address Reference Count : 1]<UL><LI> sx1276.o(.data)
</UL>
<P><STRONG><a name="[35]"></a>SX1276OnDio3Irq</STRONG> (Thumb, 106 bytes, Stack size 8 bytes, sx1276.o(i.SX1276OnDio3Irq))
<BR><BR>[Stack]<UL><LI>Max Depth = 256 + Unknown Stack Size
<LI>Call Chain = SX1276OnDio3Irq &rArr; SX1276Write &rArr; SX1276WriteBuffer &rArr; GpioWrite &rArr; GpioMcuWrite &rArr; HAL_GPIO_WritePin &rArr; assert_failed &rArr; usb_printf &rArr; vsnprintf &rArr; _printf_char_common &rArr; __printf
</UL>
<BR>[Calls]<UL><LI><a href="#[c9]">&gt;&gt;</a>&nbsp;&nbsp;&nbsp;SX1276Write
<LI><a href="#[ca]">&gt;&gt;</a>&nbsp;&nbsp;&nbsp;SX1276Read
</UL>
<BR>[Address Reference Count : 1]<UL><LI> sx1276.o(.data)
</UL>
<P><STRONG><a name="[36]"></a>SX1276OnDio4Irq</STRONG> (Thumb, 40 bytes, Stack size 0 bytes, sx1276.o(i.SX1276OnDio4Irq))
<BR>[Address Reference Count : 1]<UL><LI> sx1276.o(.data)
</UL>
<P><STRONG><a name="[b3]"></a>SX1276OnTimeoutIrq</STRONG> (Thumb, 242 bytes, Stack size 16 bytes, sx1276.o(i.SX1276OnTimeoutIrq))
<BR><BR>[Stack]<UL><LI>Max Depth = 368 + Unknown Stack Size
<LI>Call Chain = SX1276OnTimeoutIrq &rArr; SX1276SetPublicNetwork &rArr; SX1276SetModem &rArr; SX1276SetOpMode &rArr; SX1276SetAntSwLowPower &rArr; SX1276AntSwInit &rArr; GpioInit &rArr; GpioMcuInit &rArr; HAL_GPIO_Init &rArr; assert_failed &rArr; usb_printf &rArr; vsnprintf &rArr; _printf_char_common &rArr; __printf
</UL>
<BR>[Calls]<UL><LI><a href="#[22f]">&gt;&gt;</a>&nbsp;&nbsp;&nbsp;TimerStop
<LI><a href="#[34a]">&gt;&gt;</a>&nbsp;&nbsp;&nbsp;SX1276SetOpMode
<LI><a href="#[340]">&gt;&gt;</a>&nbsp;&nbsp;&nbsp;RxChainCalibration
<LI><a href="#[c9]">&gt;&gt;</a>&nbsp;&nbsp;&nbsp;SX1276Write
<LI><a href="#[ce]">&gt;&gt;</a>&nbsp;&nbsp;&nbsp;SX1276SetPublicNetwork
<LI><a href="#[ba]">&gt;&gt;</a>&nbsp;&nbsp;&nbsp;SX1276SetModem
<LI><a href="#[ca]">&gt;&gt;</a>&nbsp;&nbsp;&nbsp;SX1276Read
<LI><a href="#[349]">&gt;&gt;</a>&nbsp;&nbsp;&nbsp;SX1276Reset
</UL>
<BR>[Address Reference Count : 1]<UL><LI> sx1276.o(i.SX1276Init)
</UL>
<P><STRONG><a name="[34d]"></a>SX1276ReadFifo</STRONG> (Thumb, 18 bytes, Stack size 16 bytes, sx1276.o(i.SX1276ReadFifo))
<BR><BR>[Stack]<UL><LI>Max Depth = 248 + Unknown Stack Size
<LI>Call Chain = SX1276ReadFifo &rArr; SX1276ReadBuffer &rArr; GpioWrite &rArr; GpioMcuWrite &rArr; HAL_GPIO_WritePin &rArr; assert_failed &rArr; usb_printf &rArr; vsnprintf &rArr; _printf_char_common &rArr; __printf
</UL>
<BR>[Calls]<UL><LI><a href="#[cc]">&gt;&gt;</a>&nbsp;&nbsp;&nbsp;SX1276ReadBuffer
</UL>
<BR>[Called By]<UL><LI><a href="#[33]">&gt;&gt;</a>&nbsp;&nbsp;&nbsp;SX1276OnDio1Irq
<LI><a href="#[32]">&gt;&gt;</a>&nbsp;&nbsp;&nbsp;SX1276OnDio0Irq
</UL>

<P><STRONG><a name="[34a]"></a>SX1276SetOpMode</STRONG> (Thumb, 56 bytes, Stack size 16 bytes, sx1276.o(i.SX1276SetOpMode))
<BR><BR>[Stack]<UL><LI>Max Depth = 328 + Unknown Stack Size
<LI>Call Chain = SX1276SetOpMode &rArr; SX1276SetAntSwLowPower &rArr; SX1276AntSwInit &rArr; GpioInit &rArr; GpioMcuInit &rArr; HAL_GPIO_Init &rArr; assert_failed &rArr; usb_printf &rArr; vsnprintf &rArr; _printf_char_common &rArr; __printf
</UL>
<BR>[Calls]<UL><LI><a href="#[c9]">&gt;&gt;</a>&nbsp;&nbsp;&nbsp;SX1276Write
<LI><a href="#[ca]">&gt;&gt;</a>&nbsp;&nbsp;&nbsp;SX1276Read
<LI><a href="#[350]">&gt;&gt;</a>&nbsp;&nbsp;&nbsp;SX1276SetBoardTcxo
<LI><a href="#[353]">&gt;&gt;</a>&nbsp;&nbsp;&nbsp;SX1276SetAntSwLowPower
<LI><a href="#[352]">&gt;&gt;</a>&nbsp;&nbsp;&nbsp;SX1276SetAntSw
</UL>
<BR>[Called By]<UL><LI><a href="#[351]">&gt;&gt;</a>&nbsp;&nbsp;&nbsp;SX1276SetTx
<LI><a href="#[b3]">&gt;&gt;</a>&nbsp;&nbsp;&nbsp;SX1276OnTimeoutIrq
<LI><a href="#[c6]">&gt;&gt;</a>&nbsp;&nbsp;&nbsp;SX1276StartCad
<LI><a href="#[c7]">&gt;&gt;</a>&nbsp;&nbsp;&nbsp;SX1276SetTxContinuousWave
<LI><a href="#[c4]">&gt;&gt;</a>&nbsp;&nbsp;&nbsp;SX1276SetStby
<LI><a href="#[c3]">&gt;&gt;</a>&nbsp;&nbsp;&nbsp;SX1276SetSleep
<LI><a href="#[c5]">&gt;&gt;</a>&nbsp;&nbsp;&nbsp;SX1276SetRx
<LI><a href="#[ba]">&gt;&gt;</a>&nbsp;&nbsp;&nbsp;SX1276SetModem
<LI><a href="#[bd]">&gt;&gt;</a>&nbsp;&nbsp;&nbsp;SX1276Random
<LI><a href="#[bc]">&gt;&gt;</a>&nbsp;&nbsp;&nbsp;SX1276IsChannelFree
<LI><a href="#[b8]">&gt;&gt;</a>&nbsp;&nbsp;&nbsp;SX1276Init
</UL>

<P><STRONG><a name="[351]"></a>SX1276SetTx</STRONG> (Thumb, 184 bytes, Stack size 16 bytes, sx1276.o(i.SX1276SetTx))
<BR><BR>[Stack]<UL><LI>Max Depth = 344 + Unknown Stack Size
<LI>Call Chain = SX1276SetTx &rArr; SX1276SetOpMode &rArr; SX1276SetAntSwLowPower &rArr; SX1276AntSwInit &rArr; GpioInit &rArr; GpioMcuInit &rArr; HAL_GPIO_Init &rArr; assert_failed &rArr; usb_printf &rArr; vsnprintf &rArr; _printf_char_common &rArr; __printf
</UL>
<BR>[Calls]<UL><LI><a href="#[22f]">&gt;&gt;</a>&nbsp;&nbsp;&nbsp;TimerStop
<LI><a href="#[25d]">&gt;&gt;</a>&nbsp;&nbsp;&nbsp;TimerStart
<LI><a href="#[25c]">&gt;&gt;</a>&nbsp;&nbsp;&nbsp;TimerSetValue
<LI><a href="#[34a]">&gt;&gt;</a>&nbsp;&nbsp;&nbsp;SX1276SetOpMode
<LI><a href="#[c9]">&gt;&gt;</a>&nbsp;&nbsp;&nbsp;SX1276Write
<LI><a href="#[ca]">&gt;&gt;</a>&nbsp;&nbsp;&nbsp;SX1276Read
</UL>
<BR>[Called By]<UL><LI><a href="#[c2]">&gt;&gt;</a>&nbsp;&nbsp;&nbsp;SX1276Send
</UL>

<P><STRONG><a name="[34e]"></a>SX1276WriteFifo</STRONG> (Thumb, 18 bytes, Stack size 16 bytes, sx1276.o(i.SX1276WriteFifo))
<BR><BR>[Stack]<UL><LI>Max Depth = 248 + Unknown Stack Size
<LI>Call Chain = SX1276WriteFifo &rArr; SX1276WriteBuffer &rArr; GpioWrite &rArr; GpioMcuWrite &rArr; HAL_GPIO_WritePin &rArr; assert_failed &rArr; usb_printf &rArr; vsnprintf &rArr; _printf_char_common &rArr; __printf
</UL>
<BR>[Calls]<UL><LI><a href="#[cb]">&gt;&gt;</a>&nbsp;&nbsp;&nbsp;SX1276WriteBuffer
</UL>
<BR>[Called By]<UL><LI><a href="#[33]">&gt;&gt;</a>&nbsp;&nbsp;&nbsp;SX1276OnDio1Irq
<LI><a href="#[c2]">&gt;&gt;</a>&nbsp;&nbsp;&nbsp;SX1276Send
</UL>

<P><STRONG><a name="[37b]"></a>stderr_putchar</STRONG> (Thumb, 4 bytes, Stack size 0 bytes, retarget_io.o(i.stderr_putchar))
<BR><BR>[Called By]<UL><LI><a href="#[149]">&gt;&gt;</a>&nbsp;&nbsp;&nbsp;_sys_write
</UL>

<P><STRONG><a name="[37a]"></a>stdout_putchar</STRONG> (Thumb, 4 bytes, Stack size 0 bytes, retarget_io.o(i.stdout_putchar))
<BR><BR>[Called By]<UL><LI><a href="#[149]">&gt;&gt;</a>&nbsp;&nbsp;&nbsp;_sys_write
</UL>

<P><STRONG><a name="[39d]"></a>_fadd1</STRONG> (Thumb, 0 bytes, Stack size unknown bytes, faddsub_clz.o(x$fpl$fadd), UNUSED)
<BR><BR>[Called By]<UL><LI><a href="#[39e]">&gt;&gt;</a>&nbsp;&nbsp;&nbsp;_fsub
<LI><a href="#[39c]">&gt;&gt;</a>&nbsp;&nbsp;&nbsp;_frsb
</UL>

<P><STRONG><a name="[398]"></a>_fsub1</STRONG> (Thumb, 0 bytes, Stack size unknown bytes, faddsub_clz.o(x$fpl$fsub), UNUSED)
<BR><BR>[Called By]<UL><LI><a href="#[39c]">&gt;&gt;</a>&nbsp;&nbsp;&nbsp;_frsb
<LI><a href="#[397]">&gt;&gt;</a>&nbsp;&nbsp;&nbsp;_fadd
</UL>

<P><STRONG><a name="[78]"></a>_printf_input_char</STRONG> (Thumb, 10 bytes, Stack size 0 bytes, _printf_char_common.o(.text))
<BR>[Address Reference Count : 1]<UL><LI> _printf_char_common.o(.text)
</UL>
<P><STRONG><a name="[393]"></a>_dadd1</STRONG> (Thumb, 0 bytes, Stack size unknown bytes, daddsub_clz.o(x$fpl$dadd), UNUSED)
<BR><BR>[Called By]<UL><LI><a href="#[394]">&gt;&gt;</a>&nbsp;&nbsp;&nbsp;_dsub
<LI><a href="#[392]">&gt;&gt;</a>&nbsp;&nbsp;&nbsp;_drsb
</UL>

<P><STRONG><a name="[38a]"></a>_dsub1</STRONG> (Thumb, 0 bytes, Stack size unknown bytes, daddsub_clz.o(x$fpl$dsub), UNUSED)
<BR><BR>[Called By]<UL><LI><a href="#[392]">&gt;&gt;</a>&nbsp;&nbsp;&nbsp;_drsb
<LI><a href="#[389]">&gt;&gt;</a>&nbsp;&nbsp;&nbsp;_dadd
</UL>

<P><STRONG><a name="[121]"></a>_fp_digits</STRONG> (Thumb, 432 bytes, Stack size 96 bytes, _printf_fp_dec.o(.text))
<BR><BR>[Stack]<UL><LI>Max Depth = 220<LI>Call Chain = _fp_digits &rArr; _btod_etento &rArr; _btod_emul &rArr; _e2e
</UL>
<BR>[Calls]<UL><LI><a href="#[11f]">&gt;&gt;</a>&nbsp;&nbsp;&nbsp;_ll_udiv10
<LI><a href="#[125]">&gt;&gt;</a>&nbsp;&nbsp;&nbsp;_btod_emul
<LI><a href="#[124]">&gt;&gt;</a>&nbsp;&nbsp;&nbsp;_btod_ediv
<LI><a href="#[123]">&gt;&gt;</a>&nbsp;&nbsp;&nbsp;_btod_d2e
<LI><a href="#[122]">&gt;&gt;</a>&nbsp;&nbsp;&nbsp;_btod_etento
</UL>
<BR>[Called By]<UL><LI><a href="#[126]">&gt;&gt;</a>&nbsp;&nbsp;&nbsp;_printf_fp_dec_real
</UL>
<P>
<H3>
Undefined Global Symbols
</H3><HR></body></html>
